Component: ARM Compiler 6.16 Tool: armlink [5dfeaa00]

==============================================================================

Section Cross References

    main.o(.ARM.exidx.text.FLASH_Unlock) refers to main.o(.text.FLASH_Unlock) for [Anonymous Symbol]
    main.o(.ARM.exidx.text.FLASH_Lock) refers to main.o(.text.FLASH_Lock) for [Anonymous Symbol]
    main.o(.ARM.exidx.text.FLASH_InitT) refers to main.o(.text.FLASH_InitT) for [Anonymous Symbol]
    main.o(.ARM.exidx.text.flash_ready) refers to main.o(.text.flash_ready) for [Anonymous Symbol]
    main.o(.ARM.exidx.text.check_EOP) refers to main.o(.text.check_EOP) for [Anonymous Symbol]
    main.o(.text.FLASH_Erase_PageE) refers to main.o(.text.flash_ready) for flash_ready
    main.o(.text.FLASH_Erase_PageE) refers to main.o(.text.check_EOP) for check_EOP
    main.o(.ARM.exidx.text.FLASH_Erase_PageE) refers to main.o(.text.FLASH_Erase_PageE) for [Anonymous Symbol]
    main.o(.text.FLASH_Program) refers to main.o(.text.flash_ready) for flash_ready
    main.o(.ARM.exidx.text.FLASH_Program) refers to main.o(.text.FLASH_Program) for [Anonymous Symbol]
    main.o(.ARM.exidx.text.Internal_Flash_Erase) refers to main.o(.text.Internal_Flash_Erase) for [Anonymous Symbol]
    main.o(.ARM.exidx.text.Internal_Flash_Write) refers to main.o(.text.Internal_Flash_Write) for [Anonymous Symbol]
    main.o(.text.ExINTx_PA3) refers to main.o(.text.__NVIC_EnableIRQ) for __NVIC_EnableIRQ
    main.o(.ARM.exidx.text.ExINTx_PA3) refers to main.o(.text.ExINTx_PA3) for [Anonymous Symbol]
    main.o(.ARM.exidx.text.__NVIC_EnableIRQ) refers to main.o(.text.__NVIC_EnableIRQ) for [Anonymous Symbol]
    main.o(.text.main) refers to my_lib.o(.text.SystemCoreClockConfigure) for SystemCoreClockConfigure
    main.o(.text.main) refers to system_stm32f10x.o(.text.SystemCoreClockUpdate) for SystemCoreClockUpdate
    main.o(.text.main) refers to interrupt.o(.text.RTC_INIT) for RTC_INIT
    main.o(.text.main) refers to interrupt.o(.data.timer) for timer
    main.o(.text.main) refers to interrupt.o(.text.RTC_SetCounter_) for RTC_SetCounter_
    main.o(.text.main) refers to main.o(.text.FLASH_Unlock) for FLASH_Unlock
    main.o(.text.main) refers to main.o(.text.FLASH_Erase_PageE) for FLASH_Erase_PageE
    main.o(.text.main) refers to main.o(.text.FLASH_Lock) for FLASH_Lock
    main.o(.text.main) refers to main.o(.text.ExINTx_PA3) for ExINTx_PA3
    main.o(.text.main) refers to i2c.o(.text.I2C1_Init) for I2C1_Init
    main.o(.text.main) refers to i2c.o(.text.DMA_I2C_Init) for DMA_I2C_Init
    main.o(.text.main) refers to i2c.o(.text.SSD1306_Init) for SSD1306_Init
    main.o(.text.main) refers to adc.o(.text.ADC_Init) for ADC_Init
    main.o(.text.main) refers to adc.o(.text.TIM2_Init) for TIM2_Init
    main.o(.text.main) refers to ds18b20.o(.text.ds18b20) for ds18b20
    main.o(.text.main) refers to i2c.o(.text.TIM4_Init) for TIM4_Init
    main.o(.text.main) refers to spi.o(.text.SPI1_Init) for SPI1_Init
    main.o(.ARM.exidx.text.main) refers to main.o(.text.main) for [Anonymous Symbol]
    my_lib.o(.ARM.exidx.text.SystemCoreClockConfigure) refers to my_lib.o(.text.SystemCoreClockConfigure) for [Anonymous Symbol]
    my_lib.o(.ARM.exidx.text.GPIO_Init) refers to my_lib.o(.text.GPIO_Init) for [Anonymous Symbol]
    interrupt.o(.ARM.exidx.text.timer_to_cal) refers to interrupt.o(.text.timer_to_cal) for [Anonymous Symbol]
    interrupt.o(.ARM.exidx.text.cal_to_timer) refers to interrupt.o(.text.cal_to_timer) for [Anonymous Symbol]
    interrupt.o(.text.RTC_INIT) refers to interrupt.o(.text.cal_to_timer) for cal_to_timer
    interrupt.o(.text.RTC_INIT) refers to interrupt.o(.data.timer) for timer
    interrupt.o(.ARM.exidx.text.RTC_INIT) refers to interrupt.o(.text.RTC_INIT) for [Anonymous Symbol]
    interrupt.o(.ARM.exidx.text.RTC_GetCounter_) refers to interrupt.o(.text.RTC_GetCounter_) for [Anonymous Symbol]
    interrupt.o(.ARM.exidx.text.RTC_SetCounter_) refers to interrupt.o(.text.RTC_SetCounter_) for [Anonymous Symbol]
    interrupt.o(.text.TIM4_IRQHandler) refers to ds18b20.o(.text.convert) for convert
    interrupt.o(.text.TIM4_IRQHandler) refers to ds18b20.o(.text.read_T) for read_T
    interrupt.o(.text.TIM4_IRQHandler) refers to interrupt.o(.text.RTC_GetCounter_) for RTC_GetCounter_
    interrupt.o(.text.TIM4_IRQHandler) refers to interrupt.o(.bss.unix_time) for unix_time
    interrupt.o(.text.TIM4_IRQHandler) refers to interrupt.o(.text.timer_to_cal) for timer_to_cal
    interrupt.o(.text.TIM4_IRQHandler) refers to interrupt.o(.bss.ptr) for ptr
    interrupt.o(.text.TIM4_IRQHandler) refers to main.o(.text.FLASH_Unlock) for FLASH_Unlock
    interrupt.o(.text.TIM4_IRQHandler) refers to main.o(.text.FLASH_Erase_PageE) for FLASH_Erase_PageE
    interrupt.o(.text.TIM4_IRQHandler) refers to main.o(.text.FLASH_Lock) for FLASH_Lock
    interrupt.o(.text.TIM4_IRQHandler) refers to interrupt.o(.bss.tmpp) for tmpp
[...]
    [Anonymous Symbol]                       0x080023a0   Section        0  i2c.o(.text.SSD1306_Write_DATA_1)
    [Anonymous Symbol]                       0x08002434   Section        0  i2c.o(.text.SSD1306_Write_DATA_2)
    [Anonymous Symbol]                       0x08002594   Section        0  i2c.o(.text.Send_Addr)
    SetSysClock                              0x0800260d   Thumb Code     8  system_stm32f10x.o(.text.SetSysClock)
    [Anonymous Symbol]                       0x0800260c   Section        0  system_stm32f10x.o(.text.SetSysClock)
    SetSysClockTo72                          0x08002615   Thumb Code   290  system_stm32f10x.o(.text.SetSysClockTo72)
    [Anonymous Symbol]                       0x08002614   Section        0  system_stm32f10x.o(.text.SetSysClockTo72)
    [Anonymous Symbol]                       0x08002738   Section        0  spi.o(.text.SysTick_Handler)
    [Anonymous Symbol]                       0x08002748   Section        0  my_lib.o(.text.SystemCoreClockConfigure)
    [Anonymous Symbol]                       0x0800280c   Section        0  system_stm32f10x.o(.text.SystemCoreClockUpdate)
    [Anonymous Symbol]                       0x08002930   Section        0  system_stm32f10x.o(.text.SystemInit)
    [Anonymous Symbol]                       0x08002998   Section        0  adc.o(.text.TIM2_Init)
    [Anonymous Symbol]                       0x080029f4   Section        0  interrupt.o(.text.TIM4_IRQHandler)
    [Anonymous Symbol]                       0x08002b84   Section        0  i2c.o(.text.TIM4_Init)
    [Anonymous Symbol]                       0x08002bf0   Section        0  interrupt.o(.text.USART1_IRQHandler)
    [Anonymous Symbol]                       0x08002c78   Section        0  spi.o(.text.WriteData)
    [Anonymous Symbol]                       0x08002d08   Section        0  spi.o(.text.WriteEnableOrDisable)
    __NVIC_EnableIRQ                         0x08002d69   Thumb Code    48  main.o(.text.__NVIC_EnableIRQ)
    [Anonymous Symbol]                       0x08002d68   Section        0  main.o(.text.__NVIC_EnableIRQ)
    __NVIC_EnableIRQ                         0x08002d99   Thumb Code    48  i2c.o(.text.__NVIC_EnableIRQ)
    [Anonymous Symbol]                       0x08002d98   Section        0  i2c.o(.text.__NVIC_EnableIRQ)
    __NVIC_EnableIRQ                         0x08002dc9   Thumb Code    48  adc.o(.text.__NVIC_EnableIRQ)
    [Anonymous Symbol]                       0x08002dc8   Section        0  adc.o(.text.__NVIC_EnableIRQ)
    [Anonymous Symbol]                       0x08002df8   Section        0  interrupt.o(.text.cal_to_timer)
    [Anonymous Symbol]                       0x08002ecc   Section        0  main.o(.text.check_EOP)
    [Anonymous Symbol]                       0x08002f08   Section        0  ds18b20.o(.text.convert)
    [Anonymous Symbol]                       0x08002f1c   Section        0  i2c.o(.text.convert_f_to_char)
    [Anonymous Symbol]                       0x08002fc0   Section        0  ds18b20.o(.text.ds18b20)
    [Anonymous Symbol]                       0x08003008   Section        0  main.o(.text.flash_ready)
    [Anonymous Symbol]                       0x08003018   Section        0  ds18b20.o(.text.initial_ds18b20)
    [Anonymous Symbol]                       0x08003078   Section        0  main.o(.text.main)
    [Anonymous Symbol]                       0x080030d8   Section        0  i2c.o(.text.normir)
    [Anonymous Symbol]                       0x0800312c   Section        0  ds18b20.o(.text.read_Byte)
    [Anonymous Symbol]                       0x080031ac   Section        0  ds18b20.o(.text.read_T)
    [Anonymous Symbol]                       0x0800332c   Section        0  ds18b20.o(.text.send_Byte)
    [Anonymous Symbol]                       0x080033b4   Section        0  interrupt.o(.text.timer_to_cal)
    CL$$btod_d2e                             0x0800354e   Section       62  btod.o(CL$$btod_d2e)
    CL$$btod_d2e_denorm_low                  0x0800358c   Section       70  btod.o(CL$$btod_d2e_denorm_low)
    CL$$btod_d2e_norm_op1                    0x080035d2   Section       96  btod.o(CL$$btod_d2e_norm_op1)
    CL$$btod_div_common                      0x08003634   Section      824  btod.o(CL$$btod_div_common)
    CL$$btod_e2e                             0x0800396c   Section      220  btod.o(CL$$btod_e2e)
    CL$$btod_ediv                            0x08003a48   Section       42  btod.o(CL$$btod_ediv)
    CL$$btod_emul                            0x08003a72   Section       42  btod.o(CL$$btod_emul)
    CL$$btod_mult_common                     0x08003a9c   Section      580  btod.o(CL$$btod_mult_common)
    i.__ARM_fpclassify                       0x08003ce0   Section        0  fpclassify.o(i.__ARM_fpclassify)
    i.__kernel_poly                          0x08003d08   Section        0  poly.o(i.__kernel_poly)
    i.__mathlib_dbl_divzero                  0x08003db4   Section        0  dunder.o(i.__mathlib_dbl_divzero)
    i.__mathlib_dbl_infnan2                  0x08003dc4   Section        0  dunder.o(i.__mathlib_dbl_infnan2)
    i.__mathlib_dbl_invalid                  0x08003dc8   Section        0  dunder.o(i.__mathlib_dbl_invalid)
    i.__mathlib_dbl_overflow                 0x08003dd4   Section        0  dunder.o(i.__mathlib_dbl_overflow)
    i.__mathlib_dbl_underflow                0x08003de4   Section        0  dunder.o(i.__mathlib_dbl_underflow)
    i._is_digit                              0x08003df4   Section        0  __printf_wp.o(i._is_digit)
    i.pow                                    0x08003e04   Section        0  pow.o(i.pow)
    i.sqrt                                   0x080047f0   Section        0  sqrt.o(i.sqrt)
    locale$$code                             0x0800483c   Section       44  lc_numeric_c.o(locale$$code)
    locale$$code                             0x08004868   Section       44  lc_ctype_c.o(locale$$code)
    x$fpl$d2f                                0x08004894   Section       98  d2f.o(x$fpl$d2f)
    x$fpl$dadd                               0x080048f8   Section      336  daddsub_clz.o(x$fpl$dadd)
    _dadd1                                   0x08004909   Thumb Code     0  daddsub_clz.o(x$fpl$dadd)
    x$fpl$dcheck1                            0x08004a48   Section       16  dcheck1.o(x$fpl$dcheck1)
    x$fpl$dcmpinf                            0x08004a58   Section       24  dcmpi.o(x$fpl$dcmpinf)
    x$fpl$ddiv                               0x08004a70   Section      692  ddiv.o(x$fpl$ddiv)
    ddiv_entry                               0x08004a77   Thumb Code     0  ddiv.o(x$fpl$ddiv)
    x$fpl$dflt                               0x08004d24   Section       46  dflt_clz.o(x$fpl$dflt)
    x$fpl$dfltu                              0x08004d52   Section       38  dflt_clz.o(x$fpl$dfltu)
    x$fpl$dleqf                              0x08004d78   Section      120  dleqf.o(x$fpl$dleqf)
    x$fpl$dmul                               0x08004df0   Section      340  dmul.o(x$fpl$dmul)
    x$fpl$dnaninf                            0x08004f44   Section      156  dnaninf.o(x$fpl$dnaninf)
    x$fpl$dretinf                            0x08004fe0   Section       12  dretinf.o(x$fpl$dretinf)
    x$fpl$drleqf                             0x08004fec   Section      108  drleqf.o(x$fpl$drleqf)
    x$fpl$drsb                               0x08005058   Section       22  daddsub_clz.o(x$fpl$drsb)
    x$fpl$dsqrt                              0x08005070   Section      460  dsqrt_noumaal.o(x$fpl$dsqrt)
    x$fpl$dsub                               0x0800523c   Section      476  daddsub_clz.o(x$fpl$dsub)
    _dsub1                                   0x0800524d   Thumb Code     0  daddsub_clz.o(x$fpl$dsub)
    x$fpl$f2d                                0x08005418   Section       86  f2d.o(x$fpl$f2d)
    x$fpl$fadd                               0x08005470   Section      196  faddsub_clz.o(x$fpl$fadd)
    _fadd1                                   0x0800547f   Thumb Code     0  faddsub_clz.o(x$fpl$fadd)
    _fdiv1                                   0x08005535   Thumb Code     0  fdiv.o(x$fpl$fdiv)
    x$fpl$fdiv                               0x08005534   Section      388  fdiv.o(x$fpl$fdiv)
    x$fpl$ffix                               0x080056b8   Section       54  ffix.o(x$fpl$ffix)
    x$fpl$fmul                               0x080056f0   Section      258  fmul.o(x$fpl$fmul)
    x$fpl$fnaninf                            0x080057f2   Section      140  fnaninf.o(x$fpl$fnaninf)
    x$fpl$fretinf                            0x0800587e   Section       10  fretinf.o(x$fpl$fretinf)
    x$fpl$fsub                               0x08005888   Section      234  faddsub_clz.o(x$fpl$fsub)
    _fsub1                                   0x08005897   Thumb Code     0  faddsub_clz.o(x$fpl$fsub)
    x$fpl$printf1                            0x08005972   Section        4  printf1.o(x$fpl$printf1)
    x$fpl$printf2                            0x08005976   Section        4  printf2.o(x$fpl$printf2)
    x$fpl$retnan                             0x0800597a   Section      100  retnan.o(x$fpl$retnan)
    x$fpl$scalbn                             0x080059de   Section       92  scalbn.o(x$fpl$scalbn)
    x$fpl$trapveneer                         0x08005a3a   Section       48  trapv.o(x$fpl$trapveneer)
    x$fpl$usenofp                            0x08005a6a   Section        0  usenofp.o(x$fpl$usenofp)
    bp                                       0x08005a70   Data          16  pow.o(.constdata)
    .constdata                               0x08005a70   Section      136  pow.o(.constdata)
    dp_h                                     0x08005a80   Data          16  pow.o(.constdata)
    dp_l                                     0x08005a90   Data          16  pow.o(.constdata)
    L                                        0x08005aa0   Data          48  pow.o(.constdata)
    P                                        0x08005ad0   Data          40  pow.o(.constdata)
    initial_mbstate                          0x08005af8   Data           8  _printf_wctomb.o(.constdata)
    .constdata                               0x08005af8   Section        8  _printf_wctomb.o(.constdata)
    uc_hextab                                0x08005b00   Data          20  _printf_hex_int_ll_ptr.o(.constdata)
    .constdata                               0x08005b00   Section       40  _printf_hex_int_ll_ptr.o(.constdata)
    lc_hextab                                0x08005b14   Data          20  _printf_hex_int_ll_ptr.o(.constdata)
    maptable                                 0x08005b28   Data          17  __printf_flags_ss_wp.o(.constdata)
    .constdata                               0x08005b28   Section       17  __printf_flags_ss_wp.o(.constdata)
    .constdata                               0x08005b40   Section        8  qnan.o(.constdata)
    lc_hextab                                0x08005b48   Data          19  _printf_fp_hex.o(.constdata)
    .constdata                               0x08005b48   Section       38  _printf_fp_hex.o(.constdata)
    uc_hextab                                0x08005b5b   Data          19  _printf_fp_hex.o(.constdata)
    tenpwrs_x                                0x08005b70   Data          60  bigflt0.o(.constdata)
    .constdata                               0x08005b70   Section      148  bigflt0.o(.constdata)
    tenpwrs_i                                0x08005bac   Data          64  bigflt0.o(.constdata)
    .L.str                                   0x08005c14   Data           3  i2c.o(.rodata.str1.1)
    [Anonymous Symbol]                       0x08005c14   Section        0  i2c.o(.rodata.str1.1)
    locale$$data                             0x08005c38   Section       28  lc_numeric_c.o(locale$$data)
    __lcnum_c_name                           0x08005c3c   Data           2  lc_numeric_c.o(locale$$data)
    __lcnum_c_start                          0x08005c44   Data           0  lc_numeric_c.o(locale$$data)
    __lcnum_c_point                          0x08005c50   Data           0  lc_numeric_c.o(locale$$data)
    __lcnum_c_thousands                      0x08005c52   Data           0  lc_numeric_c.o(locale$$data)
    __lcnum_c_grouping                       0x08005c53   Data           0  lc_numeric_c.o(locale$$data)
    __lcnum_c_end                            0x08005c54   Data           0  lc_numeric_c.o(locale$$data)
    locale$$data                             0x08005c54   Section      272  lc_ctype_c.o(locale$$data)
    __lcctype_c_name                         0x08005c58   Data           2  lc_ctype_c.o(locale$$data)
    __lcctype_c_start                        0x08005c60   Data           0  lc_ctype_c.o(locale$$data)
    __lcctype_c_end                          0x08005d64   Data           0  lc_ctype_c.o(locale$$data)
    .bss                                     0x20000080   Section       96  libspace.o(.bss)
    Heap_Mem                                 0x200011c8   Data         512  startup_stm32f10x_md.o(HEAP)
    HEAP                                     0x200011c8   Section      512  startup_stm32f10x_md.o(HEAP)
    Stack_Mem                                0x200013c8   Data        1024  startup_stm32f10x_md.o(STACK)
    STACK                                    0x200013c8   Section     1024  startup_stm32f10x_md.o(STACK)
    __initial_sp                             0x200017c8   Data           0  startup_stm32f10x_md.o(STACK)

    Global Symbols

    Symbol Name                              Value     Ov Type        Size  Object(Section)

    BuildAttributes$$THM_ISAv4$P$D$K$B$S$PE$A:L22UL41UL21$X:L11$S22US41US21$IEEE1$IW$~IW$USESV6$~STKCKD$USESV7$~SHL$OTIME$ROPI$IEEEX$EBA8$UX$STANDARDLIB$REQ8$PRES8$EABIv2 0x00000000   Number         0  anon$$obj.o ABSOLUTE
    __fp_init_empty                          0x00000000   Number         0  fpinit_empty.o ABSOLUTE
    _printf_flags                            0x00000000   Number         0  printf_stubs.o ABSOLUTE
    _printf_return_value                     0x00000000   Number         0  printf_stubs.o ABSOLUTE
    _printf_sizespec                         0x00000000   Number         0  printf_stubs.o ABSOLUTE
    _printf_widthprec                        0x00000000   Number         0  printf_stubs.o ABSOLUTE
    __ARM_exceptions_init                     - Undefined Weak Reference
    __alloca_initialize                       - Undefined Weak Reference
    __arm_preinit_                            - Undefined Weak Reference
    __cpp_initialize__aeabi_                  - Undefined Weak Reference
    __cxa_finalize                            - Undefined Weak Reference
    __sigvec_lookup                           - Undefined Weak Reference
    _atexit_init                              - Undefined Weak Reference
    _call_atexit_fns                          - Undefined Weak Reference
    _clock_init                               - Undefined Weak Reference
    _fp_trap_init                             - Undefined Weak Reference
    _fp_trap_shutdown                         - Undefined Weak Reference
    _get_lc_collate                           - Undefined Weak Reference
    _get_lc_monetary                          - Undefined Weak Reference
    _get_lc_time                              - Undefined Weak Reference
    _getenv_init                              - Undefined Weak Reference
    _handle_redirection                       - Undefined Weak Reference
    _init_alloc                               - Undefined Weak Reference
    _init_user_alloc                          - Undefined Weak Reference
    _initio                                   - Undefined Weak Reference
    _printf_mbtowc                            - Undefined Weak Reference
    _printf_wc                                - Undefined Weak Reference
    _rand_init                                - Undefined Weak Reference
    _signal_finish                            - Undefined Weak Reference
    _signal_init                              - Undefined Weak Reference
    _terminate_alloc                          - Undefined Weak Reference
    _terminate_user_alloc                     - Undefined Weak Reference
    _terminateio                              - Undefined Weak Reference
    __Vectors_Size                           0x000000ec   Number         0  startup_stm32f10x_md.o ABSOLUTE
    __Vectors                                0x08000000   Data           4  startup_stm32f10x_md.o(RESET)
    __Vectors_End                            0x080000ec   Data           0  startup_stm32f10x_md.o(RESET)
    __main                                   0x080000ed   Thumb Code     8  __main.o(!!!main)
    __scatterload                            0x080000f5   Thumb Code     0  __scatter.o(!!!scatter)
    __scatterload_rt2                        0x080000f5   Thumb Code    44  __scatter.o(!!!scatter)
    __scatterload_rt2_thumb_only             0x080000f5   Thumb Code     0  __scatter.o(!!!scatter)
    __scatterload_null                       0x08000103   Thumb Code     0  __scatter.o(!!!scatter)
    __scatterload_copy                       0x08000129   Thumb Code    26  __scatter_copy.o(!!handler_copy)
    __scatterload_zeroinit                   0x08000145   Thumb Code    28  __scatter_zi.o(!!handler_zi)
    _printf_n                                0x08000161   Thumb Code     0  _printf_n.o(.ARM.Collect$$_printf_percent$$00000001)
    _printf_percent                          0x08000161   Thumb Code     0  _printf_percent.o(.ARM.Collect$$_printf_percent$$00000000)
    _printf_p                                0x08000167   Thumb Code     0  _printf_p.o(.ARM.Collect$$_printf_percent$$00000002)
    _printf_f                                0x0800016d   Thumb Code     0  _printf_f.o(.ARM.Collect$$_printf_percent$$00000003)
    _printf_e                                0x08000173   Thumb Code     0  _printf_e.o(.ARM.Collect$$_printf_percent$$00000004)
    _printf_g                                0x08000179   Thumb Code     0  _printf_g.o(.ARM.Collect$$_printf_percent$$00000005)
    _printf_a                                0x0800017f   Thumb Code     0  _printf_a.o(.ARM.Collect$$_printf_percent$$00000006)
    _printf_ll                               0x08000185   Thumb Code     0  _printf_ll.o(.ARM.Collect$$_printf_percent$$00000007)
    _printf_i                                0x0800018f   Thumb Code     0  _printf_i.o(.ARM.Collect$$_printf_percent$$00000008)
    _printf_d                                0x08000195   Thumb Code     0  _printf_d.o(.ARM.Collect$$_printf_percent$$00000009)
    _printf_u                                0x0800019b   Thumb Code     0  _printf_u.o(.ARM.Collect$$_printf_percent$$0000000A)
    _printf_o                                0x080001a1   Thumb Code     0  _printf_o.o(.ARM.Collect$$_printf_percent$$0000000B)
    _printf_x                                0x080001a7   Thumb Code     0  _printf_x.o(.ARM.Collect$$_printf_percent$$0000000C)
    _printf_lli                              0x080001ad   Thumb Code     0  _printf_lli.o(.ARM.Collect$$_printf_percent$$0000000D)
    _printf_lld                              0x080001b3   Thumb Code     0  _printf_lld.o(.ARM.Collect$$_printf_percent$$0000000E)
    _printf_llu                              0x080001b9   Thumb Code     0  _printf_llu.o(.ARM.Collect$$_printf_percent$$0000000F)
    _printf_llo                              0x080001bf   Thumb Code     0  _printf_llo.o(.ARM.Collect$$_printf_percent$$00000010)
    _printf_llx                              0x080001c5   Thumb Code     0  _printf_llx.o(.ARM.Collect$$_printf_percent$$00000011)
    _printf_l                                0x080001cb   Thumb Code     0  _printf_l.o(.ARM.Collect$$_printf_percent$$00000012)
    _printf_c                                0x080001d5   Thumb Code     0  _printf_c.o(.ARM.Collect$$_printf_percent$$00000013)
    _printf_s                                0x080001db   Thumb Code     0  _printf_s.o(.ARM.Collect$$_printf_percent$$00000014)
    _printf_lc                               0x080001e1   Thumb Code     0  _printf_lc.o(.ARM.Collect$$_printf_percent$$00000015)
    _printf_ls                               0x080001e7   Thumb Code     0  _printf_ls.o(.ARM.Collect$$_printf_percent$$00000016)
    _printf_percent_end                      0x080001ed   Thumb Code     0  _printf_percent_end.o(.ARM.Collect$$_printf_percent$$00000017)
    __rt_lib_init                            0x080001f1   Thumb Code     0  libinit.o(.ARM.Collect$$libinit$$00000000)
    __rt_lib_init_fp_1                       0x080001f3   Thumb Code     0  libinit2.o(.ARM.Collect$$libinit$$00000002)
    __rt_lib_init_heap_1                     0x080001f3   Thumb Code     0  libinit2.o(.ARM.Collect$$libinit$$0000000A)
    __rt_lib_init_lc_common                  0x080001f3   Thumb Code     0  libinit2.o(.ARM.Collect$$libinit$$0000000F)
    __rt_lib_init_preinit_1                  0x080001f3   Thumb Code     0  libinit2.o(.ARM.Collect$$libinit$$00000004)
    __rt_lib_init_rand_1                     0x080001f3   Thumb Code     0  libinit2.o(.ARM.Collect$$libinit$$0000000E)
    __rt_lib_init_user_alloc_1               0x080001f3   Thumb Code     0  libinit2.o(.ARM.Collect$$libinit$$0000000C)
    __rt_lib_init_lc_collate_1               0x080001f9   Thumb Code     0  libinit2.o(.ARM.Collect$$libinit$$00000011)
    __rt_lib_init_lc_ctype_2                 0x080001f9   Thumb Code     0  libinit2.o(.ARM.Collect$$libinit$$00000012)
    __rt_lib_init_lc_ctype_1                 0x08000205   Thumb Code     0  libinit2.o(.ARM.Collect$$libinit$$00000013)
    __rt_lib_init_lc_monetary_1              0x08000205   Thumb Code     0  libinit2.o(.ARM.Collect$$libinit$$00000015)
    __rt_lib_init_lc_numeric_2               0x08000205   Thumb Code     0  libinit2.o(.ARM.Collect$$libinit$$00000016)
    __rt_lib_init_alloca_1                   0x0800020f   Thumb Code     0  libinit2.o(.ARM.Collect$$libinit$$0000002E)
    __rt_lib_init_argv_1                     0x0800020f   Thumb Code     0  libinit2.o(.ARM.Collect$$libinit$$0000002C)
    __rt_lib_init_atexit_1                   0x0800020f   Thumb Code     0  libinit2.o(.ARM.Collect$$libinit$$0000001B)
    __rt_lib_init_clock_1                    0x0800020f   Thumb Code     0  libinit2.o(.ARM.Collect$$libinit$$00000021)
    __rt_lib_init_cpp_1                      0x0800020f   Thumb Code     0  libinit2.o(.ARM.Collect$$libinit$$00000032)
    __rt_lib_init_exceptions_1               0x0800020f   Thumb Code     0  libinit2.o(.ARM.Collect$$libinit$$00000030)
    __rt_lib_init_fp_trap_1                  0x0800020f   Thumb Code     0  libinit2.o(.ARM.Collect$$libinit$$0000001F)
    __rt_lib_init_getenv_1                   0x0800020f   Thumb Code     0  libinit2.o(.ARM.Collect$$libinit$$00000023)
    __rt_lib_init_lc_numeric_1               0x0800020f   Thumb Code     0  libinit2.o(.ARM.Collect$$libinit$$00000017)
    __rt_lib_init_lc_time_1                  0x0800020f   Thumb Code     0  libinit2.o(.ARM.Collect$$libinit$$00000019)
    __rt_lib_init_return                     0x0800020f   Thumb Code     0  libinit2.o(.ARM.Collect$$libinit$$00000033)
    __rt_lib_init_signal_1                   0x0800020f   Thumb Code     0  libinit2.o(.ARM.Collect$$libinit$$0000001D)
    __rt_lib_init_stdio_1                    0x0800020f   Thumb Code     0  libinit2.o(.ARM.Collect$$libinit$$00000025)
    __rt_lib_shutdown                        0x08000211   Thumb Code     0  libshutdown.o(.ARM.Collect$$libshutdown$$00000000)
    __rt_lib_shutdown_cpp_1                  0x08000213   Thumb Code     0  libshutdown2.o(.ARM.Collect$$libshutdown$$00000002)
    __rt_lib_shutdown_fp_trap_1              0x08000213   Thumb Code     0  libshutdown2.o(.ARM.Collect$$libshutdown$$00000007)
    __rt_lib_shutdown_heap_1                 0x08000213   Thumb Code     0  libshutdown2.o(.ARM.Collect$$libshutdown$$0000000F)
    __rt_lib_shutdown_return                 0x08000213   Thumb Code     0  libshutdown2.o(.ARM.Collect$$libshutdown$$00000010)
    __rt_lib_shutdown_signal_1               0x08000213   Thumb Code     0  libshutdown2.o(.ARM.Collect$$libshutdown$$0000000A)
    __rt_lib_shutdown_stdio_1                0x08000213   Thumb Code     0  libshutdown2.o(.ARM.Collect$$libshutdown$$00000004)
    __rt_lib_shutdown_user_alloc_1           0x08000213   Thumb Code     0  libshutdown2.o(.ARM.Collect$$libshutdown$$0000000C)
    __rt_entry                               0x08000215   Thumb Code     0  __rtentry.o(.ARM.Collect$$rtentry$$00000000)
    __rt_entry_presh_1                       0x08000215   Thumb Code     0  __rtentry2.o(.ARM.Collect$$rtentry$$00000002)
    __rt_entry_sh                            0x08000215   Thumb Code     0  __rtentry4.o(.ARM.Collect$$rtentry$$00000004)
    __rt_entry_li                            0x0800021b   Thumb Code     0  __rtentry2.o(.ARM.Collect$$rtentry$$0000000A)
    __rt_entry_postsh_1                      0x0800021b   Thumb Code     0  __rtentry2.o(.ARM.Collect$$rtentry$$00000009)
    __rt_entry_main                          0x0800021f   Thumb Code     0  __rtentry2.o(.ARM.Collect$$rtentry$$0000000D)
    __rt_entry_postli_1                      0x0800021f   Thumb Code     0  __rtentry2.o(.ARM.Collect$$rtentry$$0000000C)
    __rt_exit                                0x08000227   Thumb Code     0  rtexit.o(.ARM.Collect$$rtexit$$00000000)
    __rt_exit_ls                             0x08000229   Thumb Code     0  rtexit2.o(.ARM.Collect$$rtexit$$00000003)
    __rt_exit_prels_1                        0x08000229   Thumb Code     0  rtexit2.o(.ARM.Collect$$rtexit$$00000002)
    __rt_exit_exit                           0x0800022d   Thumb Code     0  rtexit2.o(.ARM.Collect$$rtexit$$00000004)
    Reset_Handler                            0x08000235   Thumb Code     8  startup_stm32f10x_md.o(.text)
    NMI_Handler                              0x0800023d   Thumb Code     2  startup_stm32f10x_md.o(.text)
    HardFault_Handler                        0x0800023f   Thumb Code     2  startup_stm32f10x_md.o(.text)
    MemManage_Handler                        0x08000241   Thumb Code     2  startup_stm32f10x_md.o(.text)
    BusFault_Handler                         0x08000243   Thumb Code     2  startup_stm32f10x_md.o(.text)
    UsageFault_Handler                       0x08000245   Thumb Code     2  startup_stm32f10x_md.o(.text)
    SVC_Handler                              0x08000247   Thumb Code     2  startup_stm32f10x_md.o(.text)
    DebugMon_Handler                         0x08000249   Thumb Code     2  startup_stm32f10x_md.o(.text)
    PendSV_Handler                           0x0800024b   Thumb Code     2  startup_stm32f10x_md.o(.text)
    CAN1_RX1_IRQHandler                      0x0800024f   Thumb Code     0  startup_stm32f10x_md.o(.text)
    CAN1_SCE_IRQHandler                      0x0800024f   Thumb Code     0  startup_stm32f10x_md.o(.text)
    DMA1_Channel1_IRQHandler                 0x0800024f   Thumb Code     0  startup_stm32f10x_md.o(.text)
    DMA1_Channel2_IRQHandler                 0x0800024f   Thumb Code     0  startup_stm32f10x_md.o(.text)
    DMA1_Channel3_IRQHandler                 0x0800024f   Thumb Code     0  startup_stm32f10x_md.o(.text)
    DMA1_Channel4_IRQHandler                 0x0800024f   Thumb Code     0  startup_stm32f10x_md.o(.text)
    DMA1_Channel5_IRQHandler                 0x0800024f   Thumb Code     0  startup_stm32f10x_md.o(.text)
    EXTI0_IRQHandler                         0x0800024f   Thumb Code     0  startup_stm32f10x_md.o(.text)
    EXTI15_10_IRQHandler                     0x0800024f   Thumb Code     0  startup_stm32f10x_md.o(.text)
    EXTI1_IRQHandler                         0x0800024f   Thumb Code     0  startup_stm32f10x_md.o(.text)
    EXTI2_IRQHandler                         0x0800024f   Thumb Code     0  startup_stm32f10x_md.o(.text)
    EXTI4_IRQHandler                         0x0800024f   Thumb Code     0  startup_stm32f10x_md.o(.text)
    EXTI9_5_IRQHandler                       0x0800024f   Thumb Code     0  startup_stm32f10x_md.o(.text)
    FLASH_IRQHandler                         0x0800024f   Thumb Code     0  startup_stm32f10x_md.o(.text)
    I2C1_EV_IRQHandler                       0x0800024f   Thumb Code     0  startup_stm32f10x_md.o(.text)
    I2C2_ER_IRQHandler                       0x0800024f   Thumb Code     0  startup_stm32f10x_md.o(.text)
    I2C2_EV_IRQHandler                       0x0800024f   Thumb Code     0  startup_stm32f10x_md.o(.text)
    PVD_IRQHandler                           0x0800024f   Thumb Code     0  startup_stm32f10x_md.o(.text)
    RCC_IRQHandler                           0x0800024f   Thumb Code     0  startup_stm32f10x_md.o(.text)
    RTCAlarm_IRQHandler                      0x0800024f   Thumb Code     0  startup_stm32f10x_md.o(.text)
    RTC_IRQHandler                           0x0800024f   Thumb Code     0  startup_stm32f10x_md.o(.text)
    SPI1_IRQHandler                          0x0800024f   Thumb Code     0  startup_stm32f10x_md.o(.text)
    SPI2_IRQHandler                          0x0800024f   Thumb Code     0  startup_stm32f10x_md.o(.text)
    TAMPER_IRQHandler                        0x0800024f   Thumb Code     0  startup_stm32f10x_md.o(.text)
    TIM1_BRK_IRQHandler                      0x0800024f   Thumb Code     0  startup_stm32f10x_md.o(.text)
    TIM1_CC_IRQHandler                       0x0800024f   Thumb Code     0  startup_stm32f10x_md.o(.text)
    TIM1_TRG_COM_IRQHandler                  0x0800024f   Thumb Code     0  startup_stm32f10x_md.o(.text)
    TIM1_UP_IRQHandler                       0x0800024f   Thumb Code     0  startup_stm32f10x_md.o(.text)
    TIM2_IRQHandler                          0x0800024f   Thumb Code     0  startup_stm32f10x_md.o(.text)
    TIM3_IRQHandler                          0x0800024f   Thumb Code     0  startup_stm32f10x_md.o(.text)
    USART2_IRQHandler                        0x0800024f   Thumb Code     0  startup_stm32f10x_md.o(.text)
    USART3_IRQHandler                        0x0800024f   Thumb Code     0  startup_stm32f10x_md.o(.text)
    USBWakeUp_IRQHandler                     0x0800024f   Thumb Code     0  startup_stm32f10x_md.o(.text)
    USB_HP_CAN1_TX_IRQHandler                0x0800024f   Thumb Code     0  startup_stm32f10x_md.o(.text)
    USB_LP_CAN1_RX0_IRQHandler               0x0800024f   Thumb Code     0  startup_stm32f10x_md.o(.text)
    WWDG_IRQHandler                          0x0800024f   Thumb Code     0  startup_stm32f10x_md.o(.text)
    __user_initial_stackheap                 0x08000251   Thumb Code     0  startup_stm32f10x_md.o(.text)
    sprintf                                  0x08000275   Thumb Code    38  sprintf.o(.text)
    abs                                      0x080002a1   Thumb Code     8  abs.o(.text)
    __use_two_region_memory                  0x080002a9   Thumb Code     2  heapauxi.o(.text)
    __rt_heap_escrow$2region                 0x080002ab   Thumb Code     2  heapauxi.o(.text)
    __rt_heap_expand$2region                 0x080002ad   Thumb Code     2  heapauxi.o(.text)
    __read_errno                             0x080002af   Thumb Code    10  _rserrno.o(.text)
    __set_errno                              0x080002b9   Thumb Code    12  _rserrno.o(.text)
    _printf_pre_padding                      0x080002c5   Thumb Code    44  _printf_pad.o(.text)
    _printf_post_padding                     0x080002f1   Thumb Code    34  _printf_pad.o(.text)
    _printf_truncate_signed                  0x08000313   Thumb Code    18  _printf_truncate.o(.text)
    _printf_truncate_unsigned                0x08000325   Thumb Code    18  _printf_truncate.o(.text)
    _printf_str                              0x08000337   Thumb Code    82  _printf_str.o(.text)
    _printf_int_dec                          0x08000389   Thumb Code   104  _printf_dec.o(.text)
    _printf_charcount                        0x08000401   Thumb Code    40  _printf_charcount.o(.text)
    _printf_char_common                      0x08000433   Thumb Code    32  _printf_char_common.o(.text)
    _sputc                                   0x08000459   Thumb Code    10  _sputc.o(.text)
    _printf_wctomb                           0x08000465   Thumb Code   182  _printf_wctomb.o(.text)
    _printf_longlong_dec                     0x08000521   Thumb Code   108  _printf_longlong_dec.o(.text)
    _printf_longlong_oct                     0x0800059d   Thumb Code    68  _printf_oct_int_ll.o(.text)
    _printf_int_oct                          0x080005e1   Thumb Code    24  _printf_oct_int_ll.o(.text)
    _printf_ll_oct                           0x080005f9   Thumb Code    12  _printf_oct_int_ll.o(.text)
    _printf_longlong_hex                     0x0800060d   Thumb Code    86  _printf_hex_int_ll_ptr.o(.text)
    _printf_int_hex                          0x08000663   Thumb Code    28  _printf_hex_int_ll_ptr.o(.text)
    _printf_ll_hex                           0x0800067f   Thumb Code    12  _printf_hex_int_ll_ptr.o(.text)
    _printf_hex_ptr                          0x0800068b   Thumb Code    18  _printf_hex_int_ll_ptr.o(.text)
    __printf                                 0x080006a1   Thumb Code   388  __printf_flags_ss_wp.o(.text)
    __aeabi_errno_addr                       0x08000829   Thumb Code     8  rt_errno_addr_intlibspace.o(.text)
    __errno$intlibspace                      0x08000829   Thumb Code     0  rt_errno_addr_intlibspace.o(.text)
    __rt_errno_addr$intlibspace              0x08000829   Thumb Code     0  rt_errno_addr_intlibspace.o(.text)
    _ll_udiv10                               0x08000831   Thumb Code   138  lludiv10.o(.text)
    _printf_int_common                       0x080008bb   Thumb Code   178  _printf_intcommon.o(.text)
    _printf_fp_dec_real                      0x08000b1d   Thumb Code   620  _printf_fp_dec.o(.text)
    _printf_fp_hex_real                      0x08000d89   Thumb Code   756  _printf_fp_hex.o(.text)
    _printf_cs_common                        0x08001085   Thumb Code    20  _printf_char.o(.text)
    _printf_char                             0x08001099   Thumb Code    16  _printf_char.o(.text)
    _printf_string                           0x080010a9   Thumb Code     8  _printf_char.o(.text)
    _printf_lcs_common                       0x080010b1   Thumb Code    20  _printf_wchar.o(.text)
    _printf_wchar                            0x080010c5   Thumb Code    16  _printf_wchar.o(.text)
    _printf_wstring                          0x080010d5   Thumb Code     8  _printf_wchar.o(.text)
    _c16rtomb                                0x080010dd   Thumb Code    72  _c16rtomb.o(.text)
    _wcrtomb                                 0x080010dd   Thumb Code     0  _c16rtomb.o(.text)
    __user_libspace                          0x08001125   Thumb Code     8  libspace.o(.text)
    __user_perproc_libspace                  0x08001125   Thumb Code     0  libspace.o(.text)
    __user_perthread_libspace                0x08001125   Thumb Code     0  libspace.o(.text)
    __user_setup_stackheap                   0x0800112d   Thumb Code    74  sys_stackheap_outer.o(.text)
    __rt_ctype_table                         0x08001179   Thumb Code    16  rt_ctype_table.o(.text)
    __rt_locale                              0x08001189   Thumb Code     8  rt_locale_intlibspace.o(.text)
    _printf_fp_infnan                        0x08001191   Thumb Code   112  _printf_fp_infnan.o(.text)
    _btod_etento                             0x08001211   Thumb Code   224  bigflt0.o(.text)
    exit                                     0x080012f5   Thumb Code    18  exit.o(.text)
    strcmp                                   0x08001309   Thumb Code   128  strcmpv7m.o(.text)
    _sys_exit                                0x08001389   Thumb Code     8  sys_exit.o(.text)
    __I$use$semihosting                      0x08001395   Thumb Code     0  use_no_semi.o(.text)
    __use_no_semihosting_swi                 0x08001395   Thumb Code     2  use_no_semi.o(.text)
    __semihosting_library_function           0x08001397   Thumb Code     0  indicate_semi.o(.text)
    ADC1_2_IRQHandler                        0x08001399   Thumb Code   122  adc.o(.text.ADC1_2_IRQHandler)
    ADC_Init                                 0x08001415   Thumb Code   198  adc.o(.text.ADC_Init)
    DMA1_Channel6_IRQHandler                 0x080014dd   Thumb Code    64  i2c.o(.text.DMA1_Channel6_IRQHandler)
    DMA1_Channel7_IRQHandler                 0x0800151d   Thumb Code    46  i2c.o(.text.DMA1_Channel7_IRQHandler)
    DMA_I2C_Init                             0x0800154d   Thumb Code   116  i2c.o(.text.DMA_I2C_Init)
    DMA_TX_GO                                0x080015c1   Thumb Code    44  i2c.o(.text.DMA_TX_GO)
    DMI_channel5_go                          0x080015ed   Thumb Code    52  usart.o(.text.DMI_channel5_go)
    DelayMicro                               0x08001621   Thumb Code   112  spi.o(.text.DelayMicro)
    DelayMicros                              0x08001691   Thumb Code   112  spi.o(.text.DelayMicros)
    EXTI3_IRQHandler                         0x08001701   Thumb Code    34  interrupt.o(.text.EXTI3_IRQHandler)
    ExINTx_PA3                               0x08001725   Thumb Code    52  main.o(.text.ExINTx_PA3)
    FLASH_Erase_PageE                        0x08001759   Thumb Code    90  main.o(.text.FLASH_Erase_PageE)
    FLASH_Lock                               0x080017b5   Thumb Code    18  main.o(.text.FLASH_Lock)
    FLASH_Program                            0x080017c9   Thumb Code   104  main.o(.text.FLASH_Program)
    FLASH_Unlock                             0x08001831   Thumb Code    30  main.o(.text.FLASH_Unlock)
    GetTicks                                 0x08001851   Thumb Code    12  spi.o(.text.GetTicks)
    I2C1_ER_IRQHandler                       0x0800185d   Thumb Code    62  interrupt.o(.text.I2C1_ER_IRQHandler)
    I2C1_Init                                0x0800189d   Thumb Code   166  i2c.o(.text.I2C1_Init)
    INIT_1                                   0x08001945   Thumb Code   284  i2c.o(.text.INIT_1)
    INIT_2                                   0x08001a61   Thumb Code   824  i2c.o(.text.INIT_2)
    RTC_GetCounter_                          0x08001d99   Thumb Code    26  interrupt.o(.text.RTC_GetCounter_)
    RTC_INIT                                 0x08001db5   Thumb Code   336  interrupt.o(.text.RTC_INIT)
    RTC_SetCounter_                          0x08001f05   Thumb Code   150  interrupt.o(.text.RTC_SetCounter_)
    ReadData                                 0x08001f9d   Thumb Code   138  spi.o(.text.ReadData)
    SPI1_Init                                0x08002029   Thumb Code   136  spi.o(.text.SPI1_Init)
    SPI_Transmit                             0x080020b1   Thumb Code   182  spi.o(.text.SPI_Transmit)
    SPI_TransmitReceive                      0x08002169   Thumb Code   222  spi.o(.text.SPI_TransmitReceive)
    SSD1306_Init                             0x08002249   Thumb Code   276  i2c.o(.text.SSD1306_Init)
    SSD1306_Write_CONF                       0x0800235d   Thumb Code    66  i2c.o(.text.SSD1306_Write_CONF)
    SSD1306_Write_DATA_1                     0x080023a1   Thumb Code   146  i2c.o(.text.SSD1306_Write_DATA_1)
    SSD1306_Write_DATA_2                     0x08002435   Thumb Code   350  i2c.o(.text.SSD1306_Write_DATA_2)
    Send_Addr                                0x08002595   Thumb Code   120  i2c.o(.text.Send_Addr)
    SysTick_Handler                          0x08002739   Thumb Code    16  spi.o(.text.SysTick_Handler)
    SystemCoreClockConfigure                 0x08002749   Thumb Code   194  my_lib.o(.text.SystemCoreClockConfigure)
    SystemCoreClockUpdate                    0x0800280d   Thumb Code   290  system_stm32f10x.o(.text.SystemCoreClockUpdate)
    SystemInit                               0x08002931   Thumb Code   102  system_stm32f10x.o(.text.SystemInit)
    TIM2_Init                                0x08002999   Thumb Code    90  adc.o(.text.TIM2_Init)
    TIM4_IRQHandler                          0x080029f5   Thumb Code   400  interrupt.o(.text.TIM4_IRQHandler)
    TIM4_Init                                0x08002b85   Thumb Code   108  i2c.o(.text.TIM4_Init)
    USART1_IRQHandler                        0x08002bf1   Thumb Code   136  interrupt.o(.text.USART1_IRQHandler)
    WriteData                                0x08002c79   Thumb Code   142  spi.o(.text.WriteData)
    WriteEnableOrDisable                     0x08002d09   Thumb Code    94  spi.o(.text.WriteEnableOrDisable)
    cal_to_timer                             0x08002df9   Thumb Code   212  interrupt.o(.text.cal_to_timer)
    check_EOP                                0x08002ecd   Thumb Code    60  main.o(.text.check_EOP)
    convert                                  0x08002f09   Thumb Code    20  ds18b20.o(.text.convert)
    convert_f_to_char                        0x08002f1d   Thumb Code   164  i2c.o(.text.convert_f_to_char)
    ds18b20                                  0x08002fc1   Thumb Code    72  ds18b20.o(.text.ds18b20)
    flash_ready                              0x08003009   Thumb Code    16  main.o(.text.flash_ready)
    initial_ds18b20                          0x08003019   Thumb Code    94  ds18b20.o(.text.initial_ds18b20)
    main                                     0x08003079   Thumb Code    94  main.o(.text.main)
    normir                                   0x080030d9   Thumb Code    84  i2c.o(.text.normir)
    read_Byte                                0x0800312d   Thumb Code   126  ds18b20.o(.text.read_Byte)
    read_T                                   0x080031ad   Thumb Code   382  ds18b20.o(.text.read_T)
    send_Byte                                0x0800332d   Thumb Code   134  ds18b20.o(.text.send_Byte)
    timer_to_cal                             0x080033b5   Thumb Code   410  interrupt.o(.text.timer_to_cal)
    _btod_d2e                                0x0800354f   Thumb Code    62  btod.o(CL$$btod_d2e)
    _d2e_denorm_low                          0x0800358d   Thumb Code    70  btod.o(CL$$btod_d2e_denorm_low)
    _d2e_norm_op1                            0x080035d3   Thumb Code    96  btod.o(CL$$btod_d2e_norm_op1)
    __btod_div_common                        0x08003635   Thumb Code   696  btod.o(CL$$btod_div_common)
    _e2e                                     0x0800396d   Thumb Code   220  btod.o(CL$$btod_e2e)
    _btod_ediv                               0x08003a49   Thumb Code    42  btod.o(CL$$btod_ediv)
    _btod_emul                               0x08003a73   Thumb Code    42  btod.o(CL$$btod_emul)
    __btod_mult_common                       0x08003a9d   Thumb Code   580  btod.o(CL$$btod_mult_common)
    __ARM_fpclassify                         0x08003ce1   Thumb Code    40  fpclassify.o(i.__ARM_fpclassify)
    __kernel_poly                            0x08003d09   Thumb Code   170  poly.o(i.__kernel_poly)
    __mathlib_dbl_divzero                    0x08003db5   Thumb Code    12  dunder.o(i.__mathlib_dbl_divzero)
    __mathlib_dbl_infnan2                    0x08003dc5   Thumb Code     4  dunder.o(i.__mathlib_dbl_infnan2)
    __mathlib_dbl_invalid                    0x08003dc9   Thumb Code    12  dunder.o(i.__mathlib_dbl_invalid)
    __mathlib_dbl_overflow                   0x08003dd5   Thumb Code    14  dunder.o(i.__mathlib_dbl_overflow)
    __mathlib_dbl_underflow                  0x08003de5   Thumb Code    10  dunder.o(i.__mathlib_dbl_underflow)
    _is_digit                                0x08003df5   Thumb Code    14  __printf_wp.o(i._is_digit)
    pow                                      0x08003e05   Thumb Code  2532  pow.o(i.pow)
    sqrt                                     0x080047f1   Thumb Code    76  sqrt.o(i.sqrt)
    _get_lc_numeric                          0x0800483d   Thumb Code    44  lc_numeric_c.o(locale$$code)
    _get_lc_ctype                            0x08004869   Thumb Code    44  lc_ctype_c.o(locale$$code)
    __aeabi_d2f                              0x08004895   Thumb Code     0  d2f.o(x$fpl$d2f)
    _d2f                                     0x08004895   Thumb Code    98  d2f.o(x$fpl$d2f)
    __aeabi_dadd                             0x080048f9   Thumb Code     0  daddsub_clz.o(x$fpl$dadd)
    _dadd                                    0x080048f9   Thumb Code   332  daddsub_clz.o(x$fpl$dadd)
    __fpl_dcheck_NaN1                        0x08004a49   Thumb Code    10  dcheck1.o(x$fpl$dcheck1)
    __fpl_dcmp_Inf                           0x08004a59   Thumb Code    24  dcmpi.o(x$fpl$dcmpinf)
    __aeabi_ddiv                             0x08004a71   Thumb Code     0  ddiv.o(x$fpl$ddiv)
    _ddiv                                    0x08004a71   Thumb Code   556  ddiv.o(x$fpl$ddiv)
    __aeabi_i2d                              0x08004d25   Thumb Code     0  dflt_clz.o(x$fpl$dflt)
    _dflt                                    0x08004d25   Thumb Code    46  dflt_clz.o(x$fpl$dflt)
    __aeabi_ui2d                             0x08004d53   Thumb Code     0  dflt_clz.o(x$fpl$dfltu)
    _dfltu                                   0x08004d53   Thumb Code    38  dflt_clz.o(x$fpl$dfltu)
    __aeabi_cdcmple                          0x08004d79   Thumb Code     0  dleqf.o(x$fpl$dleqf)
    _dcmple                                  0x08004d79   Thumb Code   120  dleqf.o(x$fpl$dleqf)
    __fpl_dcmple_InfNaN                      0x08004ddb   Thumb Code     0  dleqf.o(x$fpl$dleqf)
    __aeabi_dmul                             0x08004df1   Thumb Code     0  dmul.o(x$fpl$dmul)
    _dmul                                    0x08004df1   Thumb Code   332  dmul.o(x$fpl$dmul)
    __fpl_dnaninf                            0x08004f45   Thumb Code   156  dnaninf.o(x$fpl$dnaninf)
    __fpl_dretinf                            0x08004fe1   Thumb Code    12  dretinf.o(x$fpl$dretinf)
    __aeabi_cdrcmple                         0x08004fed   Thumb Code     0  drleqf.o(x$fpl$drleqf)
    _drcmple                                 0x08004fed   Thumb Code   108  drleqf.o(x$fpl$drleqf)
    __aeabi_drsub                            0x08005059   Thumb Code     0  daddsub_clz.o(x$fpl$drsb)
    _drsb                                    0x08005059   Thumb Code    22  daddsub_clz.o(x$fpl$drsb)
    _dsqrt                                   0x08005071   Thumb Code   456  dsqrt_noumaal.o(x$fpl$dsqrt)
    __aeabi_dsub                             0x0800523d   Thumb Code     0  daddsub_clz.o(x$fpl$dsub)
    _dsub                                    0x0800523d   Thumb Code   472  daddsub_clz.o(x$fpl$dsub)
    __aeabi_f2d                              0x08005419   Thumb Code     0  f2d.o(x$fpl$f2d)
    _f2d                                     0x08005419   Thumb Code    86  f2d.o(x$fpl$f2d)
    __aeabi_fadd                             0x08005471   Thumb Code     0  faddsub_clz.o(x$fpl$fadd)
    _fadd                                    0x08005471   Thumb Code   196  faddsub_clz.o(x$fpl$fadd)
    __aeabi_fdiv                             0x08005535   Thumb Code     0  fdiv.o(x$fpl$fdiv)
    _fdiv                                    0x08005535   Thumb Code   384  fdiv.o(x$fpl$fdiv)
    __aeabi_f2iz                             0x080056b9   Thumb Code     0  ffix.o(x$fpl$ffix)
    _ffix                                    0x080056b9   Thumb Code    54  ffix.o(x$fpl$ffix)
    __aeabi_fmul                             0x080056f1   Thumb Code     0  fmul.o(x$fpl$fmul)
    _fmul                                    0x080056f1   Thumb Code   258  fmul.o(x$fpl$fmul)
    __fpl_fnaninf                            0x080057f3   Thumb Code   140  fnaninf.o(x$fpl$fnaninf)
    __fpl_fretinf                            0x0800587f   Thumb Code    10  fretinf.o(x$fpl$fretinf)
    __aeabi_fsub                             0x08005889   Thumb Code     0  faddsub_clz.o(x$fpl$fsub)
    _fsub                                    0x08005889   Thumb Code   234  faddsub_clz.o(x$fpl$fsub)
    _printf_fp_dec                           0x08005973   Thumb Code     4  printf1.o(x$fpl$printf1)
    _printf_fp_hex                           0x08005977   Thumb Code     4  printf2.o(x$fpl$printf2)
    __fpl_return_NaN                         0x0800597b   Thumb Code   100  retnan.o(x$fpl$retnan)
    __ARM_scalbn                             0x080059df   Thumb Code    92  scalbn.o(x$fpl$scalbn)
    __fpl_cmpreturn                          0x08005a3b   Thumb Code    48  trapv.o(x$fpl$trapveneer)
    __I$use$fp                               0x08005a6a   Number         0  usenofp.o(x$fpl$usenofp)
    __mathlib_zero                           0x08005b40   Data           8  qnan.o(.constdata)
    AHBPrescTable                            0x08005c04   Data          16  system_stm32f10x.o(.rodata.AHBPrescTable)
    Region$$Table$$Base                      0x08005c18   Number         0  anon$$obj.o(Region$$Table)
    Region$$Table$$Limit                     0x08005c38   Number         0  anon$$obj.o(Region$$Table)
    __ctype                                  0x08005c61   Data           0  lc_ctype_c.o(locale$$data)
    SystemCoreClock                          0x20000000   Data           4  system_stm32f10x.o(.data.SystemCoreClock)
    letter_NN                                0x20000004   Data           8  i2c.o(.data.letter_NN)
    letter_T                                 0x2000000c   Data           8  i2c.o(.data.letter_T)
    mass_char                                0x20000014   Data         104  i2c.o(.data.mass_char)
    timer                                    0x2000007c   Data           4  interrupt.o(.data.timer)
    __libspace_start                         0x20000080   Data          96  libspace.o(.bss)
    BUFFER_RX                                0x200000e0   Data        1600  interrupt.o(.bss.BUFFER_RX)
    __temporary_stack_top$libspace           0x200000e0   Data           0  libspace.o(.bss)
    BUFFER_TX                                0x20000720   Data        1600  interrupt.o(.bss.BUFFER_TX)
    BUFF_TX                                  0x20000d60   Data        1025  i2c.o(.bss.BUFF_TX)
    RX_BUFF                                  0x20001161   Data          50  usart.o(.bss.RX_BUFF)
    T_ADC                                    0x20001194   Data           4  adc.o(.bss.T_ADC)
    T_I2C                                    0x20001198   Data           4  i2c.o(.bss.T_I2C)
    T_ds18b20                                0x2000119c   Data           4  ds18b20.o(.bss.T_ds18b20)
    U                                        0x200011a0   Data           4  adc.o(.bss.U)
    flag                                     0x200011a4   Data           1  interrupt.o(.bss.flag)
    msTicks                                  0x200011a8   Data           4  spi.o(.bss.msTicks)
    ptr                                      0x200011ac   Data           4  interrupt.o(.bss.ptr)
    ptt                                      0x200011b0   Data           4  i2c.o(.bss.ptt)
    tmpp                                     0x200011b4   Data           4  interrupt.o(.bss.tmpp)
    tmpp_conv                                0x200011b8   Data           4  interrupt.o(.bss.tmpp_conv)
    unix_time                                0x200011bc   Data          12  interrupt.o(.bss.unix_time)



==============================================================================

Memory Map of the image

  Image Entry point : 0x08000235

  Load Region LR_1 (Base: 0x08000000, Size: 0x00005de4, Max: 0xffffffff, ABSOLUTE)

    Execution Region ER_RO (Exec base: 0x08000000, Load base: 0x08000000, Size: 0x00005d64, Max: 0xffffffff, ABSOLUTE)

    Exec Addr    Load Addr    Size         Type   Attr      Idx    E Section Name        Object

    0x08000000   0x08000000   0x000000ec   Data   RO          233    RESET               startup_stm32f10x_md.o
    0x080000ec   0x080000ec   0x00000008   Code   RO          265  * !!!main             c_w.l(__main.o)
    0x080000f4   0x080000f4   0x00000034   Code   RO          695    !!!scatter          c_w.l(__scatter.o)
    0x08000128   0x08000128   0x0000001a   Code   RO          697    !!handler_copy      c_w.l(__scatter_copy.o)
    0x08000142   0x08000142   0x00000002   PAD
    0x08000144   0x08000144   0x0000001c   Code   RO          699    !!handler_zi        c_w.l(__scatter_zi.o)
    0x08000160   0x08000160   0x00000000   Code   RO          394    .ARM.Collect$$_printf_percent$$00000000  c_w.l(_printf_percent.o)
    0x08000160   0x08000160   0x00000006   Code   RO          383    .ARM.Collect$$_printf_percent$$00000001  c_w.l(_printf_n.o)
    0x08000166   0x08000166   0x00000006   Code   RO          385    .ARM.Collect$$_printf_percent$$00000002  c_w.l(_printf_p.o)
    0x0800016c   0x0800016c   0x00000006   Code   RO          390    .ARM.Collect$$_printf_percent$$00000003  c_w.l(_printf_f.o)
    0x08000172   0x08000172   0x00000006   Code   RO          391    .ARM.Collect$$_printf_percent$$00000004  c_w.l(_printf_e.o)
    0x08000178   0x08000178   0x00000006   Code   RO          392    .ARM.Collect$$_printf_percent$$00000005  c_w.l(_printf_g.o)
    0x0800017e   0x0800017e   0x00000006   Code   RO          393    .ARM.Collect$$_printf_percent$$00000006  c_w.l(_printf_a.o)
    0x08000184   0x08000184   0x0000000a   Code   RO          398    .ARM.Collect$$_printf_percent$$00000007  c_w.l(_printf_ll.o)
    0x0800018e   0x0800018e   0x00000006   Code   RO          387    .ARM.Collect$$_printf_percent$$00000008  c_w.l(_printf_i.o)
    0x08000194   0x08000194   0x00000006   Code   RO          388    .ARM.Collect$$_printf_percent$$00000009  c_w.l(_printf_d.o)
    0x0800019a   0x0800019a   0x00000006   Code   RO          389    .ARM.Collect$$_printf_percent$$0000000A  c_w.l(_printf_u.o)
    0x080001a0   0x080001a0   0x00000006   Code   RO          386    .ARM.Collect$$_printf_percent$$0000000B  c_w.l(_printf_o.o)
    0x080001a6   0x080001a6   0x00000006   Code   RO          384    .ARM.Collect$$_printf_percent$$0000000C  c_w.l(_printf_x.o)
    0x080001ac   0x080001ac   0x00000006   Code   RO          395    .ARM.Collect$$_printf_percent$$0000000D  c_w.l(_printf_lli.o)
    0x080001b2   0x080001b2   0x00000006   Code   RO          396    .ARM.Collect$$_printf_percent$$0000000E  c_w.l(_printf_lld.o)
    0x080001b8   0x080001b8   0x00000006   Code   RO          397    .ARM.Collect$$_printf_percent$$0000000F  c_w.l(_printf_llu.o)
    0x080001be   0x080001be   0x00000006   Code   RO          402    .ARM.Collect$$_printf_percent$$00000010  c_w.l(_printf_llo.o)
    0x080001c4   0x080001c4   0x00000006   Code   RO          403    .ARM.Collect$$_printf_percent$$00000011  c_w.l(_printf_llx.o)
    0x080001ca   0x080001ca   0x0000000a   Code   RO          399    .ARM.Collect$$_printf_percent$$00000012  c_w.l(_printf_l.o)
    0x080001d4   0x080001d4   0x00000006   Code   RO          381    .ARM.Collect$$_printf_percent$$00000013  c_w.l(_printf_c.o)
    0x080001da   0x080001da   0x00000006   Code   RO          382    .ARM.Collect$$_printf_percent$$00000014  c_w.l(_printf_s.o)
    0x080001e0   0x080001e0   0x00000006   Code   RO          400    .ARM.Collect$$_printf_percent$$00000015  c_w.l(_printf_lc.o)
    0x080001e6   0x080001e6   0x00000006   Code   RO          401    .ARM.Collect$$_printf_percent$$00000016  c_w.l(_printf_ls.o)
    0x080001ec   0x080001ec   0x00000004   Code   RO          485    .ARM.Collect$$_printf_percent$$00000017  c_w.l(_printf_percent_end.o)
    0x080001f0   0x080001f0   0x00000002   Code   RO          545    .ARM.Collect$$libinit$$00000000  c_w.l(libinit.o)
    0x080001f2   0x080001f2   0x00000000   Code   RO          562    .ARM.Collect$$libinit$$00000002  c_w.l(libinit2.o)
    0x080001f2   0x080001f2   0x00000000   Code   RO          564    .ARM.Collect$$libinit$$00000004  c_w.l(libinit2.o)
    0x080001f2   0x080001f2   0x00000000   Code   RO          567    .ARM.Collect$$libinit$$0000000A  c_w.l(libinit2.o)
    0x080001f2   0x080001f2   0x00000000   Code   RO          569    .ARM.Collect$$libinit$$0000000C  c_w.l(libinit2.o)
    0x080001f2   0x080001f2   0x00000000   Code   RO          571    .ARM.Collect$$libinit$$0000000E  c_w.l(libinit2.o)
    0x080001f2   0x080001f2   0x00000006   Code   RO          572    .ARM.Collect$$libinit$$0000000F  c_w.l(libinit2.o)
    0x080001f8   0x080001f8   0x00000000   Code   RO          574    .ARM.Collect$$libinit$$00000011  c_w.l(libinit2.o)
    0x080001f8   0x080001f8   0x0000000c   Code   RO          575    .ARM.Collect$$libinit$$00000012  c_w.l(libinit2.o)
    0x08000204   0x08000204   0x00000000   Code   RO          576    .ARM.Collect$$libinit$$00000013  c_w.l(libinit2.o)
    0x08000204   0x08000204   0x00000000   Code   RO          578    .ARM.Collect$$libinit$$00000015  c_w.l(libinit2.o)
    0x08000204   0x08000204   0x0000000a   Code   RO          579    .ARM.Collect$$libinit$$00000016  c_w.l(libinit2.o)
    0x0800020e   0x0800020e   0x00000000   Code   RO          580    .ARM.Collect$$libinit$$00000017  c_w.l(libinit2.o)
    0x0800020e   0x0800020e   0x00000000   Code   RO          582    .ARM.Collect$$libinit$$00000019  c_w.l(libinit2.o)
    0x0800020e   0x0800020e   0x00000000   Code   RO          584    .ARM.Collect$$libinit$$0000001B  c_w.l(libinit2.o)
    0x0800020e   0x0800020e   0x00000000   Code   RO          586    .ARM.Collect$$libinit$$0000001D  c_w.l(libinit2.o)
    0x0800020e   0x0800020e   0x00000000   Code   RO          588    .ARM.Collect$$libinit$$0000001F  c_w.l(libinit2.o)
    0x0800020e   0x0800020e   0x00000000   Code   RO          590    .ARM.Collect$$libinit$$00000021  c_w.l(libinit2.o)
    0x0800020e   0x0800020e   0x00000000   Code   RO          592    .ARM.Collect$$libinit$$00000023  c_w.l(libinit2.o)
    0x0800020e   0x0800020e   0x00000000   Code   RO          594    .ARM.Collect$$libinit$$00000025  c_w.l(libinit2.o)
    0x0800020e   0x0800020e   0x00000000   Code   RO          598    .ARM.Collect$$libinit$$0000002C  c_w.l(libinit2.o)
    0x0800020e   0x0800020e   0x00000000   Code   RO          600    .ARM.Collect$$libinit$$0000002E  c_w.l(libinit2.o)
    0x0800020e   0x0800020e   0x00000000   Code   RO          602    .ARM.Collect$$libinit$$00000030  c_w.l(libinit2.o)
    0x0800020e   0x0800020e   0x00000000   Code   RO          604    .ARM.Collect$$libinit$$00000032  c_w.l(libinit2.o)
    0x0800020e   0x0800020e   0x00000002   Code   RO          605    .ARM.Collect$$libinit$$00000033  c_w.l(libinit2.o)
    0x08000210   0x08000210   0x00000002   Code   RO          631    .ARM.Collect$$libshutdown$$00000000  c_w.l(libshutdown.o)
    0x08000212   0x08000212   0x00000000   Code   RO          646    .ARM.Collect$$libshutdown$$00000002  c_w.l(libshutdown2.o)
    0x08000212   0x08000212   0x00000000   Code   RO          648    .ARM.Collect$$libshutdown$$00000004  c_w.l(libshutdown2.o)
    0x08000212   0x08000212   0x00000000   Code   RO          651    .ARM.Collect$$libshutdown$$00000007  c_w.l(libshutdown2.o)
    0x08000212   0x08000212   0x00000000   Code   RO          654    .ARM.Collect$$libshutdown$$0000000A  c_w.l(libshutdown2.o)
    0x08000212   0x08000212   0x00000000   Code   RO          656    .ARM.Collect$$libshutdown$$0000000C  c_w.l(libshutdown2.o)
    0x08000212   0x08000212   0x00000000   Code   RO          659    .ARM.Collect$$libshutdown$$0000000F  c_w.l(libshutdown2.o)
    0x08000212   0x08000212   0x00000002   Code   RO          660    .ARM.Collect$$libshutdown$$00000010  c_w.l(libshutdown2.o)
    0x08000214   0x08000214   0x00000000   Code   RO          310    .ARM.Collect$$rtentry$$00000000  c_w.l(__rtentry.o)
    0x08000214   0x08000214   0x00000000   Code   RO          449    .ARM.Collect$$rtentry$$00000002  c_w.l(__rtentry2.o)
    0x08000214   0x08000214   0x00000006   Code   RO          461    .ARM.Collect$$rtentry$$00000004  c_w.l(__rtentry4.o)
    0x0800021a   0x0800021a   0x00000000   Code   RO          451    .ARM.Collect$$rtentry$$00000009  c_w.l(__rtentry2.o)
    0x0800021a   0x0800021a   0x00000004   Code   RO          452    .ARM.Collect$$rtentry$$0000000A  c_w.l(__rtentry2.o)
    0x0800021e   0x0800021e   0x00000000   Code   RO          454    .ARM.Collect$$rtentry$$0000000C  c_w.l(__rtentry2.o)
    0x0800021e   0x0800021e   0x00000008   Code   RO          455    .ARM.Collect$$rtentry$$0000000D  c_w.l(__rtentry2.o)
    0x08000226   0x08000226   0x00000002   Code   RO          552    .ARM.Collect$$rtexit$$00000000  c_w.l(rtexit.o)
    0x08000228   0x08000228   0x00000000   Code   RO          609    .ARM.Collect$$rtexit$$00000002  c_w.l(rtexit2.o)
    0x08000228   0x08000228   0x00000004   Code   RO          610    .ARM.Collect$$rtexit$$00000003  c_w.l(rtexit2.o)
    0x0800022c   0x0800022c   0x00000006   Code   RO          611    .ARM.Collect$$rtexit$$00000004  c_w.l(rtexit2.o)
    0x08000232   0x08000232   0x00000002   PAD
    0x08000234   0x08000234   0x00000040   Code   RO          234  * .text               startup_stm32f10x_md.o
    0x08000274   0x08000274   0x0000002c   Code   RO          259    .text               c_w.l(sprintf.o)
    0x080002a0   0x080002a0   0x00000008   Code   RO          261    .text               c_w.l(abs.o)
    0x080002a8   0x080002a8   0x00000006   Code   RO          263    .text               c_w.l(heapauxi.o)
    0x080002ae   0x080002ae   0x00000016   Code   RO          311    .text               c_w.l(_rserrno.o)
    0x080002c4   0x080002c4   0x0000004e   Code   RO          315    .text               c_w.l(_printf_pad.o)
    0x08000312   0x08000312   0x00000024   Code   RO          317    .text               c_w.l(_printf_truncate.o)
    0x08000336   0x08000336   0x00000052   Code   RO          319    .text               c_w.l(_printf_str.o)
    0x08000388   0x08000388   0x00000078   Code   RO          321    .text               c_w.l(_printf_dec.o)
    0x08000400   0x08000400   0x00000028   Code   RO          323    .text               c_w.l(_printf_charcount.o)
    0x08000428   0x08000428   0x00000030   Code   RO          325    .text               c_w.l(_printf_char_common.o)
    0x08000458   0x08000458   0x0000000a   Code   RO          327    .text               c_w.l(_sputc.o)
    0x08000462   0x08000462   0x00000002   PAD
    0x08000464   0x08000464   0x000000bc   Code   RO          329    .text               c_w.l(_printf_wctomb.o)
    0x08000520   0x08000520   0x0000007c   Code   RO          332    .text               c_w.l(_printf_longlong_dec.o)
    0x0800059c   0x0800059c   0x00000070   Code   RO          338    .text               c_w.l(_printf_oct_int_ll.o)
    0x0800060c   0x0800060c   0x00000094   Code   RO          358    .text               c_w.l(_printf_hex_int_ll_ptr.o)
    0x080006a0   0x080006a0   0x00000188   Code   RO          378    .text               c_w.l(__printf_flags_ss_wp.o)
    0x08000828   0x08000828   0x00000008   Code   RO          466    .text               c_w.l(rt_errno_addr_intlibspace.o)
    0x08000830   0x08000830   0x0000008a   Code   RO          468    .text               c_w.l(lludiv10.o)
    0x080008ba   0x080008ba   0x000000b2   Code   RO          470    .text               c_w.l(_printf_intcommon.o)
    0x0800096c   0x0800096c   0x0000041c   Code   RO          472    .text               c_w.l(_printf_fp_dec.o)
    0x08000d88   0x08000d88   0x000002fc   Code   RO          476    .text               c_w.l(_printf_fp_hex.o)
    0x08001084   0x08001084   0x0000002c   Code   RO          481    .text               c_w.l(_printf_char.o)
    0x080010b0   0x080010b0   0x0000002c   Code   RO          483    .text               c_w.l(_printf_wchar.o)
    0x080010dc   0x080010dc   0x00000048   Code   RO          486    .text               c_w.l(_c16rtomb.o)
    0x08001124   0x08001124   0x00000008   Code   RO          494    .text               c_w.l(libspace.o)
    0x0800112c   0x0800112c   0x0000004a   Code   RO          497    .text               c_w.l(sys_stackheap_outer.o)
    0x08001176   0x08001176   0x00000002   PAD
    0x08001178   0x08001178   0x00000010   Code   RO          499    .text               c_w.l(rt_ctype_table.o)
    0x08001188   0x08001188   0x00000008   Code   RO          504    .text               c_w.l(rt_locale_intlibspace.o)
    0x08001190   0x08001190   0x00000080   Code   RO          506    .text               c_w.l(_printf_fp_infnan.o)
    0x08001210   0x08001210   0x000000e4   Code   RO          508    .text               c_w.l(bigflt0.o)
    0x080012f4   0x080012f4   0x00000012   Code   RO          538    .text               c_w.l(exit.o)
    0x08001306   0x08001306   0x00000002   PAD
    0x08001308   0x08001308   0x00000080   Code   RO          559    .text               c_w.l(strcmpv7m.o)
    0x08001388   0x08001388   0x0000000c   Code   RO          621    .text               c_w.l(sys_exit.o)
    0x08001394   0x08001394   0x00000002   Code   RO          636    .text               c_w.l(use_no_semi.o)
    0x08001396   0x08001396   0x00000000   Code   RO          638    .text               c_w.l(indicate_semi.o)
    0x08001396   0x08001396   0x00000002   PAD
    0x08001398   0x08001398   0x0000007a   Code   RO          150    .text.ADC1_2_IRQHandler  adc.o
    0x08001412   0x08001412   0x00000002   PAD
    0x08001414   0x08001414   0x000000c6   Code   RO          146    .text.ADC_Init      adc.o
    0x080014da   0x080014da   0x00000002   PAD
    0x080014dc   0x080014dc   0x00000040   Code   RO           91    .text.DMA1_Channel6_IRQHandler  i2c.o
    0x0800151c   0x0800151c   0x0000002e   Code   RO           93    .text.DMA1_Channel7_IRQHandler  i2c.o
    0x0800154a   0x0800154a   0x00000002   PAD
    0x0800154c   0x0800154c   0x00000074   Code   RO           85    .text.DMA_I2C_Init  i2c.o
    0x080015c0   0x080015c0   0x0000002c   Code   RO           87    .text.DMA_TX_GO     i2c.o
    0x080015ec   0x080015ec   0x00000034   Code   RO          215    .text.DMI_channel5_go  usart.o
    0x08001620   0x08001620   0x00000070   Code   RO          163    .text.DelayMicro    spi.o
    0x08001690   0x08001690   0x00000070   Code   RO          167    .text.DelayMicros   spi.o
    0x08001700   0x08001700   0x00000022   Code   RO           61    .text.EXTI3_IRQHandler  interrupt.o
    0x08001722   0x08001722   0x00000002   PAD
    0x08001724   0x08001724   0x00000034   Code   RO           20    .text.ExINTx_PA3    main.o
    0x08001758   0x08001758   0x0000005a   Code   RO           12    .text.FLASH_Erase_PageE  main.o
    0x080017b2   0x080017b2   0x00000002   PAD
    0x080017b4   0x080017b4   0x00000012   Code   RO            4    .text.FLASH_Lock    main.o
    0x080017c6   0x080017c6   0x00000002   PAD
    0x080017c8   0x080017c8   0x00000068   Code   RO           14    .text.FLASH_Program  main.o
    0x08001830   0x08001830   0x0000001e   Code   RO            2    .text.FLASH_Unlock  main.o
    0x0800184e   0x0800184e   0x00000002   PAD
    0x08001850   0x08001850   0x0000000c   Code   RO          165    .text.GetTicks      spi.o
    0x0800185c   0x0800185c   0x0000003e   Code   RO           57    .text.I2C1_ER_IRQHandler  interrupt.o
    0x0800189a   0x0800189a   0x00000002   PAD
    0x0800189c   0x0800189c   0x000000a6   Code   RO           83    .text.I2C1_Init     i2c.o
    0x08001942   0x08001942   0x00000002   PAD
    0x08001944   0x08001944   0x0000011c   Code   RO          115    .text.INIT_1        i2c.o
    0x08001a60   0x08001a60   0x00000338   Code   RO          117    .text.INIT_2        i2c.o
    0x08001d98   0x08001d98   0x0000001a   Code   RO           51    .text.RTC_GetCounter_  interrupt.o
    0x08001db2   0x08001db2   0x00000002   PAD
    0x08001db4   0x08001db4   0x00000150   Code   RO           49    .text.RTC_INIT      interrupt.o
    0x08001f04   0x08001f04   0x00000096   Code   RO           53    .text.RTC_SetCounter_  interrupt.o
    0x08001f9a   0x08001f9a   0x00000002   PAD
    0x08001f9c   0x08001f9c   0x0000008a   Code   RO          179    .text.ReadData      spi.o
    0x08002026   0x08002026   0x00000002   PAD
    0x08002028   0x08002028   0x00000088   Code   RO          169    .text.SPI1_Init     spi.o
    0x080020b0   0x080020b0   0x000000b6   Code   RO          171    .text.SPI_Transmit  spi.o
    0x08002166   0x08002166   0x00000002   PAD
    0x08002168   0x08002168   0x000000de   Code   RO          173    .text.SPI_TransmitReceive  spi.o
    0x08002246   0x08002246   0x00000002   PAD
    0x08002248   0x08002248   0x00000114   Code   RO          125    .text.SSD1306_Init  i2c.o
    0x0800235c   0x0800235c   0x00000042   Code   RO          111    .text.SSD1306_Write_CONF  i2c.o
    0x0800239e   0x0800239e   0x00000002   PAD
    0x080023a0   0x080023a0   0x00000092   Code   RO          119    .text.SSD1306_Write_DATA_1  i2c.o
    0x08002432   0x08002432   0x00000002   PAD
    0x08002434   0x08002434   0x0000015e   Code   RO          123    .text.SSD1306_Write_DATA_2  i2c.o
    0x08002592   0x08002592   0x00000002   PAD
    0x08002594   0x08002594   0x00000078   Code   RO           95    .text.Send_Addr     i2c.o
    0x0800260c   0x0800260c   0x00000008   Code   RO          243    .text.SetSysClock   system_stm32f10x.o
    0x08002614   0x08002614   0x00000122   Code   RO          247    .text.SetSysClockTo72  system_stm32f10x.o
    0x08002736   0x08002736   0x00000002   PAD
    0x08002738   0x08002738   0x00000010   Code   RO          161    .text.SysTick_Handler  spi.o
    0x08002748   0x08002748   0x000000c2   Code   RO           34    .text.SystemCoreClockConfigure  my_lib.o
    0x0800280a   0x0800280a   0x00000002   PAD
    0x0800280c   0x0800280c   0x00000122   Code   RO          245    .text.SystemCoreClockUpdate  system_stm32f10x.o
    0x0800292e   0x0800292e   0x00000002   PAD
    0x08002930   0x08002930   0x00000066   Code   RO          241    .text.SystemInit    system_stm32f10x.o
    0x08002996   0x08002996   0x00000002   PAD
    0x08002998   0x08002998   0x0000005a   Code   RO          144    .text.TIM2_Init     adc.o
    0x080029f2   0x080029f2   0x00000002   PAD
    0x080029f4   0x080029f4   0x00000190   Code   RO           55    .text.TIM4_IRQHandler  interrupt.o
    0x08002b84   0x08002b84   0x0000006c   Code   RO           79    .text.TIM4_Init     i2c.o
    0x08002bf0   0x08002bf0   0x00000088   Code   RO           59    .text.USART1_IRQHandler  interrupt.o
    0x08002c78   0x08002c78   0x0000008e   Code   RO          177    .text.WriteData     spi.o
    0x08002d06   0x08002d06   0x00000002   PAD
    0x08002d08   0x08002d08   0x0000005e   Code   RO          175    .text.WriteEnableOrDisable  spi.o
    0x08002d66   0x08002d66   0x00000002   PAD
    0x08002d68   0x08002d68   0x00000030   Code   RO           22    .text.__NVIC_EnableIRQ  main.o
    0x08002d98   0x08002d98   0x00000030   Code   RO           81    .text.__NVIC_EnableIRQ  i2c.o
    0x08002dc8   0x08002dc8   0x00000030   Code   RO          148    .text.__NVIC_EnableIRQ  adc.o
    0x08002df8   0x08002df8   0x000000d4   Code   RO           47    .text.cal_to_timer  interrupt.o
    0x08002ecc   0x08002ecc   0x0000003c   Code   RO           10    .text.check_EOP     main.o
    0x08002f08   0x08002f08   0x00000014   Code   RO          191    .text.convert       ds18b20.o
    0x08002f1c   0x08002f1c   0x000000a4   Code   RO          113    .text.convert_f_to_char  i2c.o
    0x08002fc0   0x08002fc0   0x00000048   Code   RO          189    .text.ds18b20       ds18b20.o
    0x08003008   0x08003008   0x00000010   Code   RO            8    .text.flash_ready   main.o
    0x08003018   0x08003018   0x0000005e   Code   RO          197    .text.initial_ds18b20  ds18b20.o
    0x08003076   0x08003076   0x00000002   PAD
    0x08003078   0x08003078   0x0000005e   Code   RO           24    .text.main          main.o
    0x080030d6   0x080030d6   0x00000002   PAD
    0x080030d8   0x080030d8   0x00000054   Code   RO          121    .text.normir        i2c.o
    0x0800312c   0x0800312c   0x0000007e   Code   RO          199    .text.read_Byte     ds18b20.o
    0x080031aa   0x080031aa   0x00000002   PAD
    0x080031ac   0x080031ac   0x0000017e   Code   RO          195    .text.read_T        ds18b20.o
    0x0800332a   0x0800332a   0x00000002   PAD
    0x0800332c   0x0800332c   0x00000086   Code   RO          193    .text.send_Byte     ds18b20.o
    0x080033b2   0x080033b2   0x00000002   PAD
    0x080033b4   0x080033b4   0x0000019a   Code   RO           45    .text.timer_to_cal  interrupt.o
    0x0800354e   0x0800354e   0x0000003e   Code   RO          511    CL$$btod_d2e        c_w.l(btod.o)
    0x0800358c   0x0800358c   0x00000046   Code   RO          513    CL$$btod_d2e_denorm_low  c_w.l(btod.o)
    0x080035d2   0x080035d2   0x00000060   Code   RO          512    CL$$btod_d2e_norm_op1  c_w.l(btod.o)
    0x08003632   0x08003632   0x00000002   PAD
    0x08003634   0x08003634   0x00000338   Code   RO          521    CL$$btod_div_common  c_w.l(btod.o)
    0x0800396c   0x0800396c   0x000000dc   Code   RO          518    CL$$btod_e2e        c_w.l(btod.o)
    0x08003a48   0x08003a48   0x0000002a   Code   RO          515    CL$$btod_ediv       c_w.l(btod.o)
    0x08003a72   0x08003a72   0x0000002a   Code   RO          514    CL$$btod_emul       c_w.l(btod.o)
    0x08003a9c   0x08003a9c   0x00000244   Code   RO          520    CL$$btod_mult_common  c_w.l(btod.o)
    0x08003ce0   0x08003ce0   0x00000028   Code   RO          439    i.__ARM_fpclassify  m_ws.l(fpclassify.o)
    0x08003d08   0x08003d08   0x000000aa   Code   RO          441    i.__kernel_poly     m_ws.l(poly.o)
    0x08003db2   0x08003db2   0x00000002   PAD
    0x08003db4   0x08003db4   0x00000010   Code   RO          425    i.__mathlib_dbl_divzero  m_ws.l(dunder.o)
    0x08003dc4   0x08003dc4   0x00000004   Code   RO          427    i.__mathlib_dbl_infnan2  m_ws.l(dunder.o)
    0x08003dc8   0x08003dc8   0x0000000c   Code   RO          428    i.__mathlib_dbl_invalid  m_ws.l(dunder.o)
    0x08003dd4   0x08003dd4   0x0000000e   Code   RO          429    i.__mathlib_dbl_overflow  m_ws.l(dunder.o)
    0x08003de2   0x08003de2   0x00000002   PAD
    0x08003de4   0x08003de4   0x00000010   Code   RO          431    i.__mathlib_dbl_underflow  m_ws.l(dunder.o)
    0x08003df4   0x08003df4   0x0000000e   Code   RO          371    i._is_digit         c_w.l(__printf_wp.o)
    0x08003e02   0x08003e02   0x00000002   PAD
    0x08003e04   0x08003e04   0x000009ec   Code   RO          306    i.pow               m_ws.l(pow.o)
    0x080047f0   0x080047f0   0x0000004c   Code   RO          445    i.sqrt              m_ws.l(sqrt.o)
    0x0800483c   0x0800483c   0x0000002c   Code   RO          536    locale$$code        c_w.l(lc_numeric_c.o)
    0x08004868   0x08004868   0x0000002c   Code   RO          557    locale$$code        c_w.l(lc_ctype_c.o)
    0x08004894   0x08004894   0x00000062   Code   RO          267    x$fpl$d2f           fz_ws.l(d2f.o)
    0x080048f6   0x080048f6   0x00000002   PAD
    0x080048f8   0x080048f8   0x00000150   Code   RO          269    x$fpl$dadd          fz_ws.l(daddsub_clz.o)
    0x08004a48   0x08004a48   0x00000010   Code   RO          488    x$fpl$dcheck1       fz_ws.l(dcheck1.o)
    0x08004a58   0x08004a58   0x00000018   Code   RO          546    x$fpl$dcmpinf       fz_ws.l(dcmpi.o)
    0x08004a70   0x08004a70   0x000002b4   Code   RO          276    x$fpl$ddiv          fz_ws.l(ddiv.o)
    0x08004d24   0x08004d24   0x0000002e   Code   RO          280    x$fpl$dflt          fz_ws.l(dflt_clz.o)
    0x08004d52   0x08004d52   0x00000026   Code   RO          279    x$fpl$dfltu         fz_ws.l(dflt_clz.o)
    0x08004d78   0x08004d78   0x00000078   Code   RO          490    x$fpl$dleqf         fz_ws.l(dleqf.o)
    0x08004df0   0x08004df0   0x00000154   Code   RO          285    x$fpl$dmul          fz_ws.l(dmul.o)
    0x08004f44   0x08004f44   0x0000009c   Code   RO          404    x$fpl$dnaninf       fz_ws.l(dnaninf.o)
    0x08004fe0   0x08004fe0   0x0000000c   Code   RO          406    x$fpl$dretinf       fz_ws.l(dretinf.o)
    0x08004fec   0x08004fec   0x0000006c   Code   RO          408    x$fpl$drleqf        fz_ws.l(drleqf.o)
    0x08005058   0x08005058   0x00000016   Code   RO          270    x$fpl$drsb          fz_ws.l(daddsub_clz.o)
    0x0800506e   0x0800506e   0x00000002   PAD
    0x08005070   0x08005070   0x000001cc   Code   RO          492    x$fpl$dsqrt         fz_ws.l(dsqrt_noumaal.o)
    0x0800523c   0x0800523c   0x000001dc   Code   RO          271    x$fpl$dsub          fz_ws.l(daddsub_clz.o)
    0x08005418   0x08005418   0x00000056   Code   RO          287    x$fpl$f2d           fz_ws.l(f2d.o)
    0x0800546e   0x0800546e   0x00000002   PAD
    0x08005470   0x08005470   0x000000c4   Code   RO          289    x$fpl$fadd          fz_ws.l(faddsub_clz.o)
    0x08005534   0x08005534   0x00000184   Code   RO          296    x$fpl$fdiv          fz_ws.l(fdiv.o)
    0x080056b8   0x080056b8   0x00000036   Code   RO          299    x$fpl$ffix          fz_ws.l(ffix.o)
    0x080056ee   0x080056ee   0x00000002   PAD
    0x080056f0   0x080056f0   0x00000102   Code   RO          303    x$fpl$fmul          fz_ws.l(fmul.o)
    0x080057f2   0x080057f2   0x0000008c   Code   RO          410    x$fpl$fnaninf       fz_ws.l(fnaninf.o)
    0x0800587e   0x0800587e   0x0000000a   Code   RO          412    x$fpl$fretinf       fz_ws.l(fretinf.o)
    0x08005888   0x08005888   0x000000ea   Code   RO          291    x$fpl$fsub          fz_ws.l(faddsub_clz.o)
    0x08005972   0x08005972   0x00000004   Code   RO          414    x$fpl$printf1       fz_ws.l(printf1.o)
    0x08005976   0x08005976   0x00000004   Code   RO          416    x$fpl$printf2       fz_ws.l(printf2.o)
    0x0800597a   0x0800597a   0x00000064   Code   RO          550    x$fpl$retnan        fz_ws.l(retnan.o)
    0x080059de   0x080059de   0x0000005c   Code   RO          422    x$fpl$scalbn        fz_ws.l(scalbn.o)
    0x08005a3a   0x08005a3a   0x00000030   Code   RO          606    x$fpl$trapveneer    fz_ws.l(trapv.o)
    0x08005a6a   0x08005a6a   0x00000000   Code   RO          424    x$fpl$usenofp       fz_ws.l(usenofp.o)
    0x08005a6a   0x08005a6a   0x00000006   PAD
    0x08005a70   0x08005a70   0x00000088   Data   RO          307    .constdata          m_ws.l(pow.o)
    0x08005af8   0x08005af8   0x00000008   Data   RO          330    .constdata          c_w.l(_printf_wctomb.o)
    0x08005b00   0x08005b00   0x00000028   Data   RO          359    .constdata          c_w.l(_printf_hex_int_ll_ptr.o)
    0x08005b28   0x08005b28   0x00000011   Data   RO          379    .constdata          c_w.l(__printf_flags_ss_wp.o)
    0x08005b39   0x08005b39   0x00000007   PAD
    0x08005b40   0x08005b40   0x00000008   Data   RO          443    .constdata          m_ws.l(qnan.o)
    0x08005b48   0x08005b48   0x00000026   Data   RO          477    .constdata          c_w.l(_printf_fp_hex.o)
    0x08005b6e   0x08005b6e   0x00000002   PAD
    0x08005b70   0x08005b70   0x00000094   Data   RO          509    .constdata          c_w.l(bigflt0.o)
    0x08005c04   0x08005c04   0x00000010   Data   RO          250    .rodata.AHBPrescTable  system_stm32f10x.o
    0x08005c14   0x08005c14   0x00000003   Data   RO          134    .rodata.str1.1      i2c.o
    0x08005c17   0x08005c17   0x00000001   PAD
    0x08005c18   0x08005c18   0x00000020   Data   RO          694    Region$$Table       anon$$obj.o
    0x08005c38   0x08005c38   0x0000001c   Data   RO          535    locale$$data        c_w.l(lc_numeric_c.o)
    0x08005c54   0x08005c54   0x00000110   Data   RO          556    locale$$data        c_w.l(lc_ctype_c.o)


    Execution Region ER_RW (Exec base: 0x20000000, Load base: 0x08005d64, Size: 0x00000080, Max: 0xffffffff, ABSOLUTE)

    Exec Addr    Load Addr    Size         Type   Attr      Idx    E Section Name        Object

    0x20000000   0x08005d64   0x00000004   Data   RW          249    .data.SystemCoreClock  system_stm32f10x.o
    0x20000004   0x08005d68   0x00000008   Data   RW          131    .data.letter_NN     i2c.o
    0x2000000c   0x08005d70   0x00000008   Data   RW          129    .data.letter_T      i2c.o
    0x20000014   0x08005d78   0x00000068   Data   RW          128    .data.mass_char     i2c.o
    0x2000007c   0x08005de0   0x00000004   Data   RW           63    .data.timer         interrupt.o


    Execution Region ER_ZI (Exec base: 0x20000080, Load base: 0x08005de4, Size: 0x00001748, Max: 0xffffffff, ABSOLUTE)

    Exec Addr    Load Addr    Size         Type   Attr      Idx    E Section Name        Object

    0x20000080        -       0x00000060   Zero   RW          495    .bss                c_w.l(libspace.o)
    0x200000e0        -       0x00000640   Zero   RW           70    .bss.BUFFER_RX      interrupt.o
    0x20000720        -       0x00000640   Zero   RW           68    .bss.BUFFER_TX      interrupt.o
    0x20000d60        -       0x00000401   Zero   RW          132    .bss.BUFF_TX        i2c.o
    0x20001161        -       0x00000032   Zero   RW          223    .bss.RX_BUFF        usart.o
    0x20001193   0x08005de4   0x00000001   PAD
    0x20001194        -       0x00000004   Zero   RW          153    .bss.T_ADC          adc.o
    0x20001198        -       0x00000004   Zero   RW          135    .bss.T_I2C          i2c.o
    0x2000119c        -       0x00000004   Zero   RW          205    .bss.T_ds18b20      ds18b20.o
    0x200011a0        -       0x00000004   Zero   RW          152    .bss.U              adc.o
    0x200011a4        -       0x00000001   Zero   RW           65    .bss.flag           interrupt.o
    0x200011a5   0x08005de4   0x00000003   PAD
    0x200011a8        -       0x00000004   Zero   RW          181    .bss.msTicks        spi.o
    0x200011ac        -       0x00000004   Zero   RW           64    .bss.ptr            interrupt.o
    0x200011b0        -       0x00000004   Zero   RW          127    .bss.ptt            i2c.o
    0x200011b4        -       0x00000004   Zero   RW           67    .bss.tmpp           interrupt.o
    0x200011b8        -       0x00000004   Zero   RW           69    .bss.tmpp_conv      interrupt.o
    0x200011bc        -       0x0000000c   Zero   RW           66    .bss.unix_time      interrupt.o
    0x200011c8        -       0x00000200   Zero   RW          232    HEAP                startup_stm32f10x_md.o
    0x200013c8        -       0x00000400   Zero   RW          231    STACK               startup_stm32f10x_md.o


==============================================================================

Image component sizes


      Code (inc. data)   RO Data    RW Data    ZI Data      Debug   Object Name

       458          0          0          0          8       4541   adc.o
       828          0          0          0          4       2564   ds18b20.o
      2906          0          3        120       1033       9326   i2c.o
      1766          0          0          4       3225       7555   interrupt.o
       512          0          0          0          0       4642   main.o
       194          0          0          0          0       1247   my_lib.o
      1166          0          0          0          4       3849   spi.o
        64         26        236          0       1536        852   startup_stm32f10x_md.o
       690          0         16          4          0       2909   system_stm32f10x.o
        52          0          0          0         50       3884   usart.o

    ----------------------------------------------------------------------
      8694         26        288        128       5864      41369   Object Totals
         0          0         32          0          0          0   (incl. Generated)
        58          0          1          0          4          0   (incl. Padding)

    ----------------------------------------------------------------------

      Code (inc. data)   RO Data    RW Data    ZI Data      Debug   Library Member Name

         8          0          0          0          0         68   __main.o
       392          4         17          0          0         92   __printf_flags_ss_wp.o
        14          0          0          0          0         68   __printf_wp.o
         0          0          0          0          0          0   __rtentry.o
        12          0          0          0          0          0   __rtentry2.o
         6          0          0          0          0          0   __rtentry4.o
        52          8          0          0          0          0   __scatter.o
        26          0          0          0          0          0   __scatter_copy.o
        28          0          0          0          0          0   __scatter_zi.o
        72          0          0          0          0         96   _c16rtomb.o
         6          0          0          0          0          0   _printf_a.o
         6          0          0          0          0          0   _printf_c.o
        44          0          0          0          0        108   _printf_char.o
        48          6          0          0          0         96   _printf_char_common.o
        40          0          0          0          0         68   _printf_charcount.o
         6          0          0          0          0          0   _printf_d.o
       120         16          0          0          0         92   _printf_dec.o
         6          0          0          0          0          0   _printf_e.o
         6          0          0          0          0          0   _printf_f.o
      1052          0          0          0          0        148   _printf_fp_dec.o
       764          8         38          0          0        100   _printf_fp_hex.o
       128         16          0          0          0         84   _printf_fp_infnan.o
         6          0          0          0          0          0   _printf_g.o
       148          4         40          0          0        160   _printf_hex_int_ll_ptr.o
         6          0          0          0          0          0   _printf_i.o
       178          0          0          0          0         88   _printf_intcommon.o
        10          0          0          0          0          0   _printf_l.o
         6          0          0          0          0          0   _printf_lc.o
        10          0          0          0          0          0   _printf_ll.o
         6          0          0          0          0          0   _printf_lld.o
         6          0          0          0          0          0   _printf_lli.o
         6          0          0          0          0          0   _printf_llo.o
         6          0          0          0          0          0   _printf_llu.o
         6          0          0          0          0          0   _printf_llx.o
       124         16          0          0          0         92   _printf_longlong_dec.o
         6          0          0          0          0          0   _printf_ls.o
         6          0          0          0          0          0   _printf_n.o
         6          0          0          0          0          0   _printf_o.o
       112          8          0          0          0        124   _printf_oct_int_ll.o
         6          0          0          0          0          0   _printf_p.o
        78          0          0          0          0        108   _printf_pad.o
         0          0          0          0          0          0   _printf_percent.o
         4          0          0          0          0          0   _printf_percent_end.o
         6          0          0          0          0          0   _printf_s.o
        82          0          0          0          0         80   _printf_str.o
        36          0          0          0          0         84   _printf_truncate.o
         6          0          0          0          0          0   _printf_u.o
        44          0          0          0          0        108   _printf_wchar.o
       188          6          8          0          0         92   _printf_wctomb.o
         6          0          0          0          0          0   _printf_x.o
        22          0          0          0          0        100   _rserrno.o
        10          0          0          0          0         68   _sputc.o
         8          0          0          0          0         68   abs.o
       228          4        148          0          0         96   bigflt0.o
      1936        128          0          0          0        668   btod.o
        18          0          0          0          0         80   exit.o
         6          0          0          0          0        152   heapauxi.o
         0          0          0          0          0          0   indicate_semi.o
        44         10        272          0          0         76   lc_ctype_c.o
        44         10         28          0          0         76   lc_numeric_c.o
         2          0          0          0          0          0   libinit.o
        30          0          0          0          0          0   libinit2.o
         2          0          0          0          0          0   libshutdown.o
         2          0          0          0          0          0   libshutdown2.o
         8          4          0          0         96         68   libspace.o
       138          0          0          0          0         80   lludiv10.o
        16          4          0          0          0         76   rt_ctype_table.o
         8          4          0          0          0         68   rt_errno_addr_intlibspace.o
         8          4          0          0          0         68   rt_locale_intlibspace.o
         2          0          0          0          0          0   rtexit.o
        10          0          0          0          0          0   rtexit2.o
        44          6          0          0          0         84   sprintf.o
       128          0          0          0          0         68   strcmpv7m.o
        12          4          0          0          0         68   sys_exit.o
        74          0          0          0          0         80   sys_stackheap_outer.o
         2          0          0          0          0         68   use_no_semi.o
        98          4          0          0          0         92   d2f.o
       834         16          0          0          0        372   daddsub_clz.o
        16          4          0          0          0         68   dcheck1.o
        24          0          0          0          0         68   dcmpi.o
       692        140          0          0          0        216   ddiv.o
        84          0          0          0          0        136   dflt_clz.o
       120          4          0          0          0         92   dleqf.o
       340         12          0          0          0        104   dmul.o
       156          4          0          0          0         92   dnaninf.o
        12          0          0          0          0         68   dretinf.o
       108          0          0          0          0         80   drleqf.o
       460         56          0          0          0        120   dsqrt_noumaal.o
        86          4          0          0          0         84   f2d.o
       430          8          0          0          0        168   faddsub_clz.o
       388         76          0          0          0         96   fdiv.o
        54          4          0          0          0         84   ffix.o
       258          4          0          0          0         84   fmul.o
       140          4          0          0          0         84   fnaninf.o
        10          0          0          0          0         68   fretinf.o
         4          0          0          0          0         68   printf1.o
         4          0          0          0          0         68   printf2.o
       100          0          0          0          0         68   retnan.o
        92          0          0          0          0         68   scalbn.o
        48          0          0          0          0         68   trapv.o
         0          0          0          0          0          0   usenofp.o
        62         10          0          0          0        340   dunder.o
        40          0          0          0          0         68   fpclassify.o
       170          0          0          0          0         96   poly.o
      2540        188        136          0          0        332   pow.o
         0          0          8          0          0          0   qnan.o
        76          0          0          0          0         84   sqrt.o

    ----------------------------------------------------------------------
     14222        808        704          0         96       7504   Library Totals
        34          0          9          0          0          0   (incl. Padding)

    ----------------------------------------------------------------------

      Code (inc. data)   RO Data    RW Data    ZI Data      Debug   Library Name

      6742        270        551          0         96       4068   c_w.l
      4558        340          0          0          0       2516   fz_ws.l
      2888        198        144          0          0        920   m_ws.l

    ----------------------------------------------------------------------
     14222        808        704          0         96       7504   Library Totals

    ----------------------------------------------------------------------

==============================================================================


      Code (inc. data)   RO Data    RW Data    ZI Data      Debug   

     22916        834        992        128       5960      44653   Grand Totals
     22916        834        992        128       5960      44653   ELF Image Totals
     22916        834        992        128          0          0   ROM Totals

==============================================================================

    Total RO  Size (Code + RO Data)                23908 (  23.35kB)
    Total RW  Size (RW Data + ZI Data)              6088 (   5.95kB)
    Total ROM Size (Code + RO Data + RW Data)      24036 (  23.47kB)

==============================================================================

