<html>
<body>
<pre>
<h1>µVision Build Log</h1>
<h2>Tool Versions:</h2>
IDE-Version: µVision V5.35.0.0
Copyright (C) 2021 ARM Ltd and ARM Germany GmbH. All rights reserved.
License Information: 1 Konstan, HP Inc., LIC=KRMW3-AJL9L-IIE5V-P2WT6-LU2XB-3Z4ED
 
Tool Versions:
Toolchain:       MDK-ARM Plus  Version: 5.35.0.2
Toolchain Path:  C:\Keil_v5\ARM\ARMCLANG\Bin
C Compiler:      ArmClang.exe V6.16
Assembler:       Armasm.exe V6.16
Linker/Locator:  ArmLink.exe V6.16
Library Manager: ArmAr.exe V6.16
Hex Converter:   FromElf.exe V6.16
CPU DLL:         SARMCM3.DLL V5.35.0.2
Dialog DLL:      DARMSTM.DLL V1.68.0.0
Target DLL:      STLink\ST-LINKIII-KEIL_SWO.dll V3.0.9.0
Dialog DLL:      TCM.DLL V1.53.0.0
 
<h2>Project:</h2>
C:\Users\Konst\OneDrive\Рабочий стол\микроконтроллеры\Лабы\lab3\3lab\TIM_example.uvprojx
Project File Date:  10/15/2022

<h2>Output:</h2>
*** Using Compiler 'V6.16', folder: 'C:\Keil_v5\ARM\ARMCLANG\Bin'
Rebuild target 'Target 1'
main.c(2): warning: In file included from...
./my_lib.h(5): warning: no newline at end of file [-Wnewline-eof]
#define BUFF_SIZE 50
                    ^
main.c(3): warning: In file included from...
./interrupt.h(1): warning: this function declaration is not a prototype [-Wstrict-prototypes]
void TIM4_IRQHandler ();
                     ^
                      void
./interrupt.h(2): warning: this function declaration is not a prototype [-Wstrict-prototypes]
void EXTI0_IRQHandler ();
                      ^
                       void
./interrupt.h(3): warning: this function declaration is not a prototype [-Wstrict-prototypes]
void EXTI1_IRQHandler ();
                      ^
                       void
./interrupt.h(4): warning: this function declaration is not a prototype [-Wstrict-prototypes]
void SysTick_Handler();
                    ^
                     void
./interrupt.h(5): warning: this function declaration is not a prototype [-Wstrict-prototypes]
void USART1_IRQHandler();
                      ^
                       void
./interrupt.h(6): warning: this function declaration is not a prototype [-Wstrict-prototypes]
void DMA1_Channel4_IRQHandler();
                             ^
                              void
./interrupt.h(6): warning: no newline at end of file [-Wnewline-eof]
void DMA1_Channel4_IRQHandler();
                                ^
main.c(13): warning: implicit declaration of function 'USART_init' is invalid in C99 [-Wimplicit-function-declaration]
        USART_init();
        ^
main.c(15): warning: implicit declaration of function 'DMI_init' is invalid in C99 [-Wimplicit-function-declaration]
        DMI_init();
        ^
main.c(17): warning: implicit declaration of function 'DMI_channel5_go' is invalid in C99 [-Wimplicit-function-declaration]
        DMI_channel5_go(mass, BUFF_SIZE);
        ^
11 warnings generated.
compiling main.c...
my_lib.c(5): warning: no previous prototype for function 'SystemCoreClockConfigure' [-Wmissing-prototypes]
void SystemCoreClockConfigure(void) {
     ^
my_lib.c(5): note: declare 'static' if the function is not intended to be used outside of this translation unit
void SystemCoreClockConfigure(void) {
^
static 
my_lib.c(27): warning: no previous prototype for function 'GPIO_Init' [-Wmissing-prototypes]
void GPIO_Init (void) {
     ^
my_lib.c(27): note: declare 'static' if the function is not intended to be used outside of this translation unit
void GPIO_Init (void) {
^
static 
my_lib.c(3): warning: no previous extern declaration for non-static variable 'mass' [-Wmissing-variable-declarations]
char mass[100];
     ^
my_lib.c(3): note: declare 'static' if the variable is not intended to be used outside of this translation unit
char mass[100];
^
3 warnings generated.
compiling my_lib.c...
assembling startup_stm32f10x_md.s...
USART.c(10): warning: incompatible pointer to integer conversion assigning to 'volatile uint32_t' (aka 'volatile unsigned int') from 'char *' [-Wint-conversion]
        DMA1_Channel4->CMAR = mass;     
                            ^ ~~~~
USART.c(11): warning: implicit conversion changes signedness: 'int' to 'uint32_t' (aka 'unsigned int') [-Wsign-conversion]
        DMA1_Channel4->CNDTR = num;
                             ~ ^~~
USART.c(6): warning: no previous prototype for function 'DMI_channel4_go' [-Wmissing-prototypes]
void DMI_channel4_go(char *mass, int num) //TX
     ^
USART.c(6): note: declare 'static' if the function is not intended to be used outside of this translation unit
void DMI_channel4_go(char *mass, int num) //TX
^
static 
USART.c(18): warning: implicit conversion changes signedness: 'int' to 'unsigned int' [-Wsign-conversion]
        DMA1_Channel4->CCR &= ~DMA_CCR4_EN;     
                           ~~ ^~~~~~~~~~~~
USART.c(16): warning: no previous prototype for function 'DMI_channel4_off' [-Wmissing-prototypes]
void DMI_channel4_off()         //TX
     ^
USART.c(16): note: declare 'static' if the function is not intended to be used outside of this translation unit
void DMI_channel4_off()         //TX
^
static 
USART.c(16): warning: this old-style function definition is not preceded by a prototype [-Wstrict-prototypes]
void DMI_channel4_off()         //TX
                     ^
USART.c(26): warning: incompatible pointer to integer conversion assigning to 'volatile uint32_t' (aka 'volatile unsigned int') from 'char *' [-Wint-conversion]
        DMA1_Channel5->CMAR = mass;
                            ^ ~~~~
USART.c(27): warning: implicit conversion changes signedness: 'int' to 'uint32_t' (aka 'unsigned int') [-Wsign-conversion]
        DMA1_Channel5->CNDTR = num;
                             ~ ^~~
USART.c(22): warning: no previous prototype for function 'DMI_channel5_go' [-Wmissing-prototypes]
void DMI_channel5_go(char *mass, int num)               //RX
     ^
USART.c(22): note: declare 'static' if the function is not intended to be used outside of this translation unit
void DMI_channel5_go(char *mass, int num)               //RX
^
static 
USART.c(34): warning: implicit conversion changes signedness: 'int' to 'unsigned int' [-Wsign-conversion]
        DMA1_Channel5->CCR &= ~DMA_CCR5_EN;     
                           ~~ ^~~~~~~~~~~~
USART.c(32): warning: no previous prototype for function 'DMI_channel5_off' [-Wmissing-prototypes]
void DMI_channel5_off()         //RX
     ^
USART.c(32): note: declare 'static' if the function is not intended to be used outside of this translation unit
void DMI_channel5_off()         //RX
^
static 
USART.c(32): warning: this old-style function definition is not preceded by a prototype [-Wstrict-prototypes]
void DMI_channel5_off()         //RX
                     ^
USART.c(47): warning: incompatible pointer to integer conversion assigning to 'volatile uint32_t' (aka 'volatile unsigned int') from 'volatile uint16_t *' (aka 'volatile unsigned short *') [-Wint-conversion]
DMA1_Channel4->CPAR = &USART1->DR;
                    ^ ~~~~~~~~~~~
USART.c(50): warning: incompatible pointer to integer conversion assigning to 'volatile uint32_t' (aka 'volatile unsigned int') from 'volatile uint16_t *' (aka 'volatile unsigned short *') [-Wint-conversion]
DMA1_Channel5->CPAR = &USART1->DR;
                    ^ ~~~~~~~~~~~
USART.c(39): warning: no previous prototype for function 'DMI_init' [-Wmissing-prototypes]
void DMI_init()
     ^
USART.c(39): note: declare 'static' if the function is not intended to be used outside of this translation unit
void DMI_init()
^
static 
USART.c(39): warning: this old-style function definition is not preceded by a prototype [-Wstrict-prototypes]
void DMI_init()
             ^
USART.c(89): warning: no newline at end of file [-Wnewline-eof]
}
 ^
USART.c(56): warning: no previous prototype for function 'USART_init' [-Wmissing-prototypes]
void USART_init()
     ^
USART.c(56): note: declare 'static' if the function is not intended to be used outside of this translation unit
void USART_init()
^
static 
USART.c(56): warning: this old-style function definition is not preceded by a prototype [-Wstrict-prototypes]
void USART_init()
               ^
19 warnings generated.
compiling USART.c...
RTE/Device/STM32F103RB/system_stm32f10x.c(167): warning: no previous extern declaration for non-static variable 'AHBPrescTable' [-Wmissing-variable-declarations]
__I uint8_t AHBPrescTable[16] = {0, 0, 0, 0, 0, 0, 0, 0, 1, 2, 3, 4, 6, 7, 8, 9};
            ^
RTE/Device/STM32F103RB/system_stm32f10x.c(167): note: declare 'static' if the variable is not intended to be used outside of this translation unit
__I uint8_t AHBPrescTable[16] = {0, 0, 0, 0, 0, 0, 0, 0, 1, 2, 3, 4, 6, 7, 8, 9};
    ^
1 warning generated.
compiling system_stm32f10x.c...
interrupt.c(2): warning: In file included from...
./my_lib.h(5): warning: no newline at end of file [-Wnewline-eof]
#define BUFF_SIZE 50
                    ^
interrupt.c(9): warning: type specifier missing, defaults to 'int' [-Wimplicit-int]
USART1_IRQHandler()
^
interrupt.c(16): warning: implicit conversion loses integer precision: 'unsigned int' to 'char' [-Wimplicit-int-conversion]
                        char tmp = BUFF_SIZE - DMA1_Channel5->CNDTR;
                             ~~~   ~~~~~~~~~~^~~~~~~~~~~~~~~~~~~~~~
interrupt.c(20): warning: array subscript is of type 'char' [-Wchar-subscripts]
                                mass[i] = mass_tmp[i - tmp];
                                    ^~
interrupt.c(23): warning: implicit declaration of function 'DMI_channel4_off' is invalid in C99 [-Wimplicit-function-declaration]
                        DMI_channel4_off(); //TX off
                        ^
interrupt.c(24): warning: implicit declaration of function 'DMI_channel4_go' is invalid in C99 [-Wimplicit-function-declaration]
                        DMI_channel4_go(mass, i);//TX mess
                        ^
interrupt.c(9): warning: no previous prototype for function 'USART1_IRQHandler' [-Wmissing-prototypes]
USART1_IRQHandler()
^
interrupt.c(9): note: declare 'static' if the function is not intended to be used outside of this translation unit
USART1_IRQHandler()
                 ^
                 static 
interrupt.c(9): warning: this old-style function definition is not preceded by a prototype [-Wstrict-prototypes]
USART1_IRQHandler()
                 ^
interrupt.c(27): warning: non-void function does not return a value [-Wreturn-type]
}
^
interrupt.c(32): warning: implicit declaration of function 'DMI_channel5_off' is invalid in C99 [-Wimplicit-function-declaration]
        DMI_channel5_off();                                                     //RX off
        ^
interrupt.c(33): warning: implicit declaration of function 'DMI_channel5_go' is invalid in C99 [-Wimplicit-function-declaration]
        DMI_channel5_go(mass, BUFF_SIZE); //RX mess
        ^
interrupt.c(29): warning: no previous prototype for function 'DMA1_Channel4_IRQHandler' [-Wmissing-prototypes]
void DMA1_Channel4_IRQHandler()
     ^
interrupt.c(29): note: declare 'static' if the function is not intended to be used outside of this translation unit
void DMA1_Channel4_IRQHandler()
^
static 
interrupt.c(29): warning: this old-style function definition is not preceded by a prototype [-Wstrict-prototypes]
void DMA1_Channel4_IRQHandler()
                             ^
13 warnings generated.
compiling interrupt.c...
linking...
Program Size: Code=1946 RO-data=286 RW-data=4 ZI-data=1736  
FromELF: creating hex file...
".\Objects\TIM_example.axf" - 0 Error(s), 47 Warning(s).

<h2>Software Packages used:</h2>

Package Vendor: ARM
                http://www.keil.com/pack/ARM.CMSIS.5.9.0.pack
                ARM.CMSIS.5.9.0
                CMSIS (Common Microcontroller Software Interface Standard)
   * Component: CORE Version: 5.6.0

Package Vendor: Keil
                http://www.keil.com/pack/Keil.STM32F1xx_DFP.2.3.0.pack
                Keil.STM32F1xx_DFP.2.3.0
                STMicroelectronics STM32F1 Series Device Support, Drivers and Examples
   * Component: Startup Version: 1.0.0

<h2>Collection of Component include folders:</h2>
  .\RTE\Device\STM32F103RB
  .\RTE\_Target_1
  C:\Users\Konst\AppData\Local\Arm\Packs\ARM\CMSIS\5.9.0\CMSIS\Core\Include
  C:\Users\Konst\AppData\Local\Arm\Packs\Keil\STM32F1xx_DFP\2.3.0\Device\Include

<h2>Collection of Component Files used:</h2>

   * Component: ARM::CMSIS:CORE:5.6.0

   * Component: Keil::Device:Startup:1.0.0
      Source file:   Device\Source\ARM\startup_stm32f10x_md.s
      Source file:   Device\Source\system_stm32f10x.c
      Include file:  RTE_Driver\Config\RTE_Device.h
      Source file:   Device\Source\ARM\STM32F1xx_OPT.s
Build Time Elapsed:  00:00:02
</pre>
</body>
</html>
