Component: ARM Compiler 6.16 Tool: armlink [5dfeaa00]

==============================================================================

Section Cross References

    main.o(.text.main) refers to my_lib.o(.text.SystemCoreClockConfigure) for SystemCoreClockConfigure
    main.o(.text.main) refers to system_stm32f10x.o(.text.SystemCoreClockUpdate) for SystemCoreClockUpdate
    main.o(.text.main) refers to my_lib.o(.text.GPIO_Init) for GPIO_Init
    main.o(.text.main) refers to i2c.o(.text.I2C1_Init) for I2C1_Init
    main.o(.text.main) refers to i2c.o(.text.DMA_Init) for DMA_Init
    main.o(.text.main) refers to adc.o(.text.ADC_Init) for ADC_Init
    main.o(.text.main) refers to i2c.o(.text.SSD1306_Init) for SSD1306_Init
    main.o(.text.main) refers to adc.o(.text.TIM2_Init) for TIM2_Init
    main.o(.text.main) refers to adc.o(.text.TIM3_Init) for TIM3_Init
    main.o(.ARM.exidx.text.main) refers to main.o(.text.main) for [Anonymous Symbol]
    my_lib.o(.text.DELAY_us) refers to system_stm32f10x.o(.data.SystemCoreClock) for SystemCoreClock
    my_lib.o(.ARM.exidx.text.DELAY_us) refers to my_lib.o(.text.DELAY_us) for [Anonymous Symbol]
    my_lib.o(.ARM.exidx.text.SystemCoreClockConfigure) refers to my_lib.o(.text.SystemCoreClockConfigure) for [Anonymous Symbol]
    my_lib.o(.ARM.exidx.text.GPIO_Init) refers to my_lib.o(.text.GPIO_Init) for [Anonymous Symbol]
    interrupt.o(.ARM.exidx.text.SysTick_Handler) refers to interrupt.o(.text.SysTick_Handler) for [Anonymous Symbol]
    interrupt.o(.text.TIM3_IRQHandler) refers to i2c.o(.text.SSD1306_Write_DATA) for SSD1306_Write_DATA
    interrupt.o(.ARM.exidx.text.TIM3_IRQHandler) refers to interrupt.o(.text.TIM3_IRQHandler) for [Anonymous Symbol]
    i2c.o(.text.I2C1_Init) refers to i2c.o(.text.__NVIC_EnableIRQ) for __NVIC_EnableIRQ
    i2c.o(.ARM.exidx.text.I2C1_Init) refers to i2c.o(.text.I2C1_Init) for [Anonymous Symbol]
    i2c.o(.ARM.exidx.text.__NVIC_EnableIRQ) refers to i2c.o(.text.__NVIC_EnableIRQ) for [Anonymous Symbol]
    i2c.o(.text.DMA_Init) refers to i2c.o(.text.__NVIC_EnableIRQ) for __NVIC_EnableIRQ
    i2c.o(.ARM.exidx.text.DMA_Init) refers to i2c.o(.text.DMA_Init) for [Anonymous Symbol]
    i2c.o(.ARM.exidx.text.DMA_TX_GO) refers to i2c.o(.text.DMA_TX_GO) for [Anonymous Symbol]
    i2c.o(.ARM.exidx.text.DMA1_Channel6_IRQHandler) refers to i2c.o(.text.DMA1_Channel6_IRQHandler) for [Anonymous Symbol]
    i2c.o(.ARM.exidx.text.Send_Addr) refers to i2c.o(.text.Send_Addr) for [Anonymous Symbol]
    i2c.o(.ARM.exidx.text.Send_Byte) refers to i2c.o(.text.Send_Byte) for [Anonymous Symbol]
    i2c.o(.text.SSD1306_Write_CONF) refers to i2c.o(.text.Send_Addr) for Send_Addr
    i2c.o(.text.SSD1306_Write_CONF) refers to i2c.o(.bss.BUFF_TX) for BUFF_TX
    i2c.o(.text.SSD1306_Write_CONF) refers to i2c.o(.text.DMA_TX_GO) for DMA_TX_GO
    i2c.o(.ARM.exidx.text.SSD1306_Write_CONF) refers to i2c.o(.text.SSD1306_Write_CONF) for [Anonymous Symbol]
    i2c.o(.text.SSD1306_Init) refers to i2c.o(.text.SSD1306_Write_CONF) for SSD1306_Write_CONF
    i2c.o(.text.SSD1306_Init) refers to i2c.o(.bss.BUFF_TX) for BUFF_TX
    i2c.o(.text.SSD1306_Init) refers to i2c.o(.bss.ptt) for ptt
    i2c.o(.text.SSD1306_Init) refers to i2c.o(.data.letter_U) for letter_U
    i2c.o(.text.SSD1306_Init) refers to i2c.o(.data.letter_NN) for letter_NN
    i2c.o(.text.SSD1306_Init) refers to i2c.o(.data.letter_T) for letter_T
    i2c.o(.ARM.exidx.text.SSD1306_Init) refers to i2c.o(.text.SSD1306_Init) for [Anonymous Symbol]
    i2c.o(.text.convert_f_to_char) refers to i2c.o(.rodata.str1.1) for .L.str
    i2c.o(.text.convert_f_to_char) refers to sprintf.o(.text) for sprintf
    i2c.o(.text.convert_f_to_char) refers to i2c.o(.bss.ptt) for ptt
    i2c.o(.text.convert_f_to_char) refers to i2c.o(.data.mass_char) for mass_char
    i2c.o(.text.convert_f_to_char) refers to i2c.o(.bss.BUFF_TX) for BUFF_TX
    i2c.o(.ARM.exidx.text.convert_f_to_char) refers to i2c.o(.text.convert_f_to_char) for [Anonymous Symbol]
    i2c.o(.text.SSD1306_Write_DATA) refers to i2c.o(.bss.ptt) for ptt
    i2c.o(.text.SSD1306_Write_DATA) refers to adc.o(.bss.U) for U
    i2c.o(.text.SSD1306_Write_DATA) refers to i2c.o(.text.convert_f_to_char) for convert_f_to_char
    i2c.o(.text.SSD1306_Write_DATA) refers to adc.o(.bss.TT) for TT
    i2c.o(.text.SSD1306_Write_DATA) refers to i2c.o(.text.Send_Addr) for Send_Addr
    i2c.o(.text.SSD1306_Write_DATA) refers to i2c.o(.bss.BUFF_TX) for BUFF_TX
    i2c.o(.text.SSD1306_Write_DATA) refers to i2c.o(.text.DMA_TX_GO) for DMA_TX_GO
    i2c.o(.ARM.exidx.text.SSD1306_Write_DATA) refers to i2c.o(.text.SSD1306_Write_DATA) for [Anonymous Symbol]
    adc.o(.text.TIM2_Init) refers to system_stm32f10x.o(.data.SystemCoreClock) for SystemCoreClock
    adc.o(.ARM.exidx.text.TIM2_Init) refers to adc.o(.text.TIM2_Init) for [Anonymous Symbol]
    adc.o(.text.TIM3_Init) refers to system_stm32f10x.o(.data.SystemCoreClock) for SystemCoreClock
[...]
    ../clib/angel/sys.s                      0x00000000   Number         0  use_no_semi.o ABSOLUTE
    ../clib/angel/sys.s                      0x00000000   Number         0  indicate_semi.o ABSOLUTE
    ../clib/angel/sysapp.c                   0x00000000   Number         0  sys_exit.o ABSOLUTE
    ../clib/angel/sysapp.c                   0x00000000   Number         0  sys_exit_hlt.o ABSOLUTE
    ../clib/angel/sysapp.c                   0x00000000   Number         0  sys_command.o ABSOLUTE
    ../clib/angel/sysapp.c                   0x00000000   Number         0  sys_command_hlt.o ABSOLUTE
    ../clib/angel/sysapp.c                   0x00000000   Number         0  sys_wrch.o ABSOLUTE
    ../clib/angel/sysapp.c                   0x00000000   Number         0  sys_wrch_hlt.o ABSOLUTE
    ../clib/armsys.c                         0x00000000   Number         0  argv_veneer.o ABSOLUTE
    ../clib/armsys.c                         0x00000000   Number         0  argv_veneer.o ABSOLUTE
    ../clib/armsys.c                         0x00000000   Number         0  _get_argv_nomalloc.o ABSOLUTE
    ../clib/armsys.c                         0x00000000   Number         0  no_argv.o ABSOLUTE
    ../clib/bigflt.c                         0x00000000   Number         0  bigflt0.o ABSOLUTE
    ../clib/btod.s                           0x00000000   Number         0  btod.o ABSOLUTE
    ../clib/btod_accurate.c                  0x00000000   Number         0  btod_accurate.o ABSOLUTE
    ../clib/btod_accurate.c                  0x00000000   Number         0  btod_accurate_common.o ABSOLUTE
    ../clib/heapalloc.c                      0x00000000   Number         0  hrguard.o ABSOLUTE
    ../clib/heapaux.c                        0x00000000   Number         0  heapauxi.o ABSOLUTE
    ../clib/libinit.s                        0x00000000   Number         0  libinit.o ABSOLUTE
    ../clib/libinit.s                        0x00000000   Number         0  libinit2.o ABSOLUTE
    ../clib/libinit.s                        0x00000000   Number         0  libshutdown.o ABSOLUTE
    ../clib/libinit.s                        0x00000000   Number         0  libshutdown2.o ABSOLUTE
    ../clib/locale.c                         0x00000000   Number         0  _c16rtomb.o ABSOLUTE
    ../clib/locale.s                         0x00000000   Number         0  lc_numeric_c.o ABSOLUTE
    ../clib/locale.s                         0x00000000   Number         0  lc_ctype_c.o ABSOLUTE
    ../clib/longlong.s                       0x00000000   Number         0  lludiv10.o ABSOLUTE
    ../clib/longlong.s                       0x00000000   Number         0  llushr.o ABSOLUTE
    ../clib/memcpset.s                       0x00000000   Number         0  strcmpv7m.o ABSOLUTE
    ../clib/misc.s                           0x00000000   Number         0  printf_stubs.o ABSOLUTE
    ../clib/printf.c                         0x00000000   Number         0  sprintf.o ABSOLUTE
    ../clib/printf.c                         0x00000000   Number         0  __printf.o ABSOLUTE
    ../clib/printf.c                         0x00000000   Number         0  _printf_pad.o ABSOLUTE
    ../clib/printf.c                         0x00000000   Number         0  _printf_truncate.o ABSOLUTE
    ../clib/printf.c                         0x00000000   Number         0  _printf_str.o ABSOLUTE
    ../clib/printf.c                         0x00000000   Number         0  _printf_dec.o ABSOLUTE
    ../clib/printf.c                         0x00000000   Number         0  _printf_charcount.o ABSOLUTE
    ../clib/printf.c                         0x00000000   Number         0  _printf_char_common.o ABSOLUTE
    ../clib/printf.c                         0x00000000   Number         0  _sputc.o ABSOLUTE
    ../clib/printf.c                         0x00000000   Number         0  _printf_wctomb.o ABSOLUTE
    ../clib/printf.c                         0x00000000   Number         0  _printf_longlong_dec.o ABSOLUTE
    ../clib/printf.c                         0x00000000   Number         0  _printf_oct_ll.o ABSOLUTE
    ../clib/printf.c                         0x00000000   Number         0  _printf_oct_int.o ABSOLUTE
    ../clib/printf.c                         0x00000000   Number         0  _printf_oct_int_ll.o ABSOLUTE
    ../clib/printf.c                         0x00000000   Number         0  _printf_hex_ll.o ABSOLUTE
    ../clib/printf.c                         0x00000000   Number         0  _printf_hex_int.o ABSOLUTE
    ../clib/printf.c                         0x00000000   Number         0  _printf_hex_int_ll.o ABSOLUTE
    ../clib/printf.c                         0x00000000   Number         0  _printf_hex_ptr.o ABSOLUTE
    ../clib/printf.c                         0x00000000   Number         0  _printf_hex_int_ptr.o ABSOLUTE
    ../clib/printf.c                         0x00000000   Number         0  _printf_hex_ll_ptr.o ABSOLUTE
    ../clib/printf.c                         0x00000000   Number         0  _printf_hex_int_ll_ptr.o ABSOLUTE
    ../clib/printf.c                         0x00000000   Number         0  __printf_flags.o ABSOLUTE
    ../clib/printf.c                         0x00000000   Number         0  __printf_ss.o ABSOLUTE
    ../clib/printf.c                         0x00000000   Number         0  __printf_flags_ss.o ABSOLUTE
    ../clib/printf.c                         0x00000000   Number         0  __printf_wp.o ABSOLUTE
    ../clib/printf.c                         0x00000000   Number         0  __printf_flags_wp.o ABSOLUTE
    ../clib/printf.c                         0x00000000   Number         0  __printf_ss_wp.o ABSOLUTE
    ../clib/printf.c                         0x00000000   Number         0  __printf_flags_ss_wp.o ABSOLUTE
    ../clib/printf.c                         0x00000000   Number         0  _printf_intcommon.o ABSOLUTE
    ../clib/printf.c                         0x00000000   Number         0  _printf_fp_dec.o ABSOLUTE
    ../clib/printf.c                         0x00000000   Number         0  _printf_fp_dec_accurate.o ABSOLUTE
    ../clib/printf.c                         0x00000000   Number         0  _printf_fp_hex.o ABSOLUTE
    ../clib/printf.c                         0x00000000   Number         0  __printf_nopercent.o ABSOLUTE
    ../clib/printf.c                         0x00000000   Number         0  _printf_char.o ABSOLUTE
    ../clib/printf.c                         0x00000000   Number         0  _printf_wchar.o ABSOLUTE
    ../clib/printf.c                         0x00000000   Number         0  _printf_fp_infnan.o ABSOLUTE
    ../clib/printf_percent.s                 0x00000000   Number         0  _printf_c.o ABSOLUTE
    ../clib/printf_percent.s                 0x00000000   Number         0  _printf_s.o ABSOLUTE
    ../clib/printf_percent.s                 0x00000000   Number         0  _printf_n.o ABSOLUTE
    ../clib/printf_percent.s                 0x00000000   Number         0  _printf_x.o ABSOLUTE
    ../clib/printf_percent.s                 0x00000000   Number         0  _printf_p.o ABSOLUTE
    ../clib/printf_percent.s                 0x00000000   Number         0  _printf_o.o ABSOLUTE
    ../clib/printf_percent.s                 0x00000000   Number         0  _printf_i.o ABSOLUTE
    ../clib/printf_percent.s                 0x00000000   Number         0  _printf_d.o ABSOLUTE
    ../clib/printf_percent.s                 0x00000000   Number         0  _printf_u.o ABSOLUTE
    ../clib/printf_percent.s                 0x00000000   Number         0  _printf_f.o ABSOLUTE
    ../clib/printf_percent.s                 0x00000000   Number         0  _printf_e.o ABSOLUTE
    ../clib/printf_percent.s                 0x00000000   Number         0  _printf_g.o ABSOLUTE
    ../clib/printf_percent.s                 0x00000000   Number         0  _printf_a.o ABSOLUTE
    ../clib/printf_percent.s                 0x00000000   Number         0  _printf_percent.o ABSOLUTE
    ../clib/printf_percent.s                 0x00000000   Number         0  _printf_lli.o ABSOLUTE
    ../clib/printf_percent.s                 0x00000000   Number         0  _printf_lld.o ABSOLUTE
    ../clib/printf_percent.s                 0x00000000   Number         0  _printf_llu.o ABSOLUTE
    ../clib/printf_percent.s                 0x00000000   Number         0  _printf_ll.o ABSOLUTE
    ../clib/printf_percent.s                 0x00000000   Number         0  _printf_l.o ABSOLUTE
    ../clib/printf_percent.s                 0x00000000   Number         0  _printf_lc.o ABSOLUTE
    ../clib/printf_percent.s                 0x00000000   Number         0  _printf_ls.o ABSOLUTE
    ../clib/printf_percent.s                 0x00000000   Number         0  _printf_llo.o ABSOLUTE
    ../clib/printf_percent.s                 0x00000000   Number         0  _printf_llx.o ABSOLUTE
    ../clib/printf_percent.s                 0x00000000   Number         0  _printf_percent_end.o ABSOLUTE
    ../clib/signal.c                         0x00000000   Number         0  defsig_rtmem_outer.o ABSOLUTE
    ../clib/signal.c                         0x00000000   Number         0  defsig_rtmem_formal.o ABSOLUTE
    ../clib/signal.c                         0x00000000   Number         0  defsig_exit.o ABSOLUTE
    ../clib/signal.c                         0x00000000   Number         0  defsig_rtmem_inner.o ABSOLUTE
    ../clib/signal.c                         0x00000000   Number         0  __raise.o ABSOLUTE
    ../clib/signal.c                         0x00000000   Number         0  defsig_general.o ABSOLUTE
    ../clib/signal.c                         0x00000000   Number         0  defsig_abrt_inner.o ABSOLUTE
    ../clib/signal.c                         0x00000000   Number         0  defsig_fpe_inner.o ABSOLUTE
    ../clib/signal.c                         0x00000000   Number         0  defsig_rtred_inner.o ABSOLUTE
    ../clib/signal.c                         0x00000000   Number         0  defsig_stak_inner.o ABSOLUTE
    ../clib/signal.c                         0x00000000   Number         0  defsig_pvfn_inner.o ABSOLUTE
    ../clib/signal.c                         0x00000000   Number         0  defsig_cppl_inner.o ABSOLUTE
    ../clib/signal.c                         0x00000000   Number         0  defsig_segv_inner.o ABSOLUTE
    ../clib/signal.c                         0x00000000   Number         0  defsig_other.o ABSOLUTE
    ../clib/signal.s                         0x00000000   Number         0  defsig.o ABSOLUTE
    ../clib/stdlib.c                         0x00000000   Number         0  exit.o ABSOLUTE
    ../fplib/daddsub.s                       0x00000000   Number         0  daddsub_clz.o ABSOLUTE
    ../fplib/dflt.s                          0x00000000   Number         0  dflt_clz.o ABSOLUTE
    ../fplib/dmul.s                          0x00000000   Number         0  dmul.o ABSOLUTE
    ../fplib/dnaninf.s                       0x00000000   Number         0  dnaninf.o ABSOLUTE
    ../fplib/dretinf.s                       0x00000000   Number         0  dretinf.o ABSOLUTE
    ../fplib/fpinit.s                        0x00000000   Number         0  fpinit.o ABSOLUTE
    ../fplib/fpinit_empty.s                  0x00000000   Number         0  fpinit_empty.o ABSOLUTE
    ../fplib/istatus.s                       0x00000000   Number         0  istatus.o ABSOLUTE
    ../fplib/printf1.s                       0x00000000   Number         0  printf1.o ABSOLUTE
    ../fplib/printf2.s                       0x00000000   Number         0  printf2.o ABSOLUTE
    ../fplib/printf2a.s                      0x00000000   Number         0  printf2a.o ABSOLUTE
    ../fplib/printf2b.s                      0x00000000   Number         0  printf2b.o ABSOLUTE
    ../fplib/usenofp.s                       0x00000000   Number         0  usenofp.o ABSOLUTE
    ../mathlib/fpclassify.c                  0x00000000   Number         0  fpclassify.o ABSOLUTE
    ADC.c                                    0x00000000   Number         0  adc.o ABSOLUTE
    I2C.c                                    0x00000000   Number         0  i2c.o ABSOLUTE
    RTE\Device\STM32F103RB\startup_stm32f10x_md.s 0x00000000   Number         0  startup_stm32f10x_md.o ABSOLUTE
    dc.s                                     0x00000000   Number         0  dc.o ABSOLUTE
    interrupt.c                              0x00000000   Number         0  interrupt.o ABSOLUTE
    main.c                                   0x00000000   Number         0  main.o ABSOLUTE
    my_lib.c                                 0x00000000   Number         0  my_lib.o ABSOLUTE
    system_stm32f10x.c                       0x00000000   Number         0  system_stm32f10x.o ABSOLUTE
    RESET                                    0x08000000   Section      236  startup_stm32f10x_md.o(RESET)
    !!!main                                  0x080000ec   Section        8  __main.o(!!!main)
    !!!scatter                               0x080000f4   Section       52  __scatter.o(!!!scatter)
    !!handler_copy                           0x08000128   Section       26  __scatter_copy.o(!!handler_copy)
    !!handler_zi                             0x08000144   Section       28  __scatter_zi.o(!!handler_zi)
    .ARM.Collect$$_printf_percent$$00000000  0x08000160   Section        0  _printf_percent.o(.ARM.Collect$$_printf_percent$$00000000)
    .ARM.Collect$$_printf_percent$$00000001  0x08000160   Section        6  _printf_n.o(.ARM.Collect$$_printf_percent$$00000001)
    .ARM.Collect$$_printf_percent$$00000002  0x08000166   Section        6  _printf_p.o(.ARM.Collect$$_printf_percent$$00000002)
    .ARM.Collect$$_printf_percent$$00000003  0x0800016c   Section        6  _printf_f.o(.ARM.Collect$$_printf_percent$$00000003)
    .ARM.Collect$$_printf_percent$$00000004  0x08000172   Section        6  _printf_e.o(.ARM.Collect$$_printf_percent$$00000004)
    .ARM.Collect$$_printf_percent$$00000005  0x08000178   Section        6  _printf_g.o(.ARM.Collect$$_printf_percent$$00000005)
    .ARM.Collect$$_printf_percent$$00000006  0x0800017e   Section        6  _printf_a.o(.ARM.Collect$$_printf_percent$$00000006)
    .ARM.Collect$$_printf_percent$$00000007  0x08000184   Section       10  _printf_ll.o(.ARM.Collect$$_printf_percent$$00000007)
    .ARM.Collect$$_printf_percent$$00000008  0x0800018e   Section        6  _printf_i.o(.ARM.Collect$$_printf_percent$$00000008)
    .ARM.Collect$$_printf_percent$$00000009  0x08000194   Section        6  _printf_d.o(.ARM.Collect$$_printf_percent$$00000009)
    .ARM.Collect$$_printf_percent$$0000000A  0x0800019a   Section        6  _printf_u.o(.ARM.Collect$$_printf_percent$$0000000A)
    .ARM.Collect$$_printf_percent$$0000000B  0x080001a0   Section        6  _printf_o.o(.ARM.Collect$$_printf_percent$$0000000B)
    .ARM.Collect$$_printf_percent$$0000000C  0x080001a6   Section        6  _printf_x.o(.ARM.Collect$$_printf_percent$$0000000C)
    .ARM.Collect$$_printf_percent$$0000000D  0x080001ac   Section        6  _printf_lli.o(.ARM.Collect$$_printf_percent$$0000000D)
    .ARM.Collect$$_printf_percent$$0000000E  0x080001b2   Section        6  _printf_lld.o(.ARM.Collect$$_printf_percent$$0000000E)
    .ARM.Collect$$_printf_percent$$0000000F  0x080001b8   Section        6  _printf_llu.o(.ARM.Collect$$_printf_percent$$0000000F)
    .ARM.Collect$$_printf_percent$$00000010  0x080001be   Section        6  _printf_llo.o(.ARM.Collect$$_printf_percent$$00000010)
    .ARM.Collect$$_printf_percent$$00000011  0x080001c4   Section        6  _printf_llx.o(.ARM.Collect$$_printf_percent$$00000011)
    .ARM.Collect$$_printf_percent$$00000012  0x080001ca   Section       10  _printf_l.o(.ARM.Collect$$_printf_percent$$00000012)
    .ARM.Collect$$_printf_percent$$00000013  0x080001d4   Section        6  _printf_c.o(.ARM.Collect$$_printf_percent$$00000013)
    .ARM.Collect$$_printf_percent$$00000014  0x080001da   Section        6  _printf_s.o(.ARM.Collect$$_printf_percent$$00000014)
    .ARM.Collect$$_printf_percent$$00000015  0x080001e0   Section        6  _printf_lc.o(.ARM.Collect$$_printf_percent$$00000015)
    .ARM.Collect$$_printf_percent$$00000016  0x080001e6   Section        6  _printf_ls.o(.ARM.Collect$$_printf_percent$$00000016)
    .ARM.Collect$$_printf_percent$$00000017  0x080001ec   Section        4  _printf_percent_end.o(.ARM.Collect$$_printf_percent$$00000017)
    .ARM.Collect$$libinit$$00000000          0x080001f0   Section        2  libinit.o(.ARM.Collect$$libinit$$00000000)
    .ARM.Collect$$libinit$$00000002          0x080001f2   Section        0  libinit2.o(.ARM.Collect$$libinit$$00000002)
    .ARM.Collect$$libinit$$00000004          0x080001f2   Section        0  libinit2.o(.ARM.Collect$$libinit$$00000004)
    .ARM.Collect$$libinit$$0000000A          0x080001f2   Section        0  libinit2.o(.ARM.Collect$$libinit$$0000000A)
    .ARM.Collect$$libinit$$0000000C          0x080001f2   Section        0  libinit2.o(.ARM.Collect$$libinit$$0000000C)
    .ARM.Collect$$libinit$$0000000E          0x080001f2   Section        0  libinit2.o(.ARM.Collect$$libinit$$0000000E)
    .ARM.Collect$$libinit$$0000000F          0x080001f2   Section        6  libinit2.o(.ARM.Collect$$libinit$$0000000F)
    .ARM.Collect$$libinit$$00000011          0x080001f8   Section        0  libinit2.o(.ARM.Collect$$libinit$$00000011)
    .ARM.Collect$$libinit$$00000012          0x080001f8   Section       12  libinit2.o(.ARM.Collect$$libinit$$00000012)
    .ARM.Collect$$libinit$$00000013          0x08000204   Section        0  libinit2.o(.ARM.Collect$$libinit$$00000013)
    .ARM.Collect$$libinit$$00000015          0x08000204   Section        0  libinit2.o(.ARM.Collect$$libinit$$00000015)
    .ARM.Collect$$libinit$$00000016          0x08000204   Section       10  libinit2.o(.ARM.Collect$$libinit$$00000016)
    .ARM.Collect$$libinit$$00000017          0x0800020e   Section        0  libinit2.o(.ARM.Collect$$libinit$$00000017)
    .ARM.Collect$$libinit$$00000019          0x0800020e   Section        0  libinit2.o(.ARM.Collect$$libinit$$00000019)
    .ARM.Collect$$libinit$$0000001B          0x0800020e   Section        0  libinit2.o(.ARM.Collect$$libinit$$0000001B)
    .ARM.Collect$$libinit$$0000001D          0x0800020e   Section        0  libinit2.o(.ARM.Collect$$libinit$$0000001D)
    .ARM.Collect$$libinit$$0000001F          0x0800020e   Section        0  libinit2.o(.ARM.Collect$$libinit$$0000001F)
    .ARM.Collect$$libinit$$00000021          0x0800020e   Section        0  libinit2.o(.ARM.Collect$$libinit$$00000021)
    .ARM.Collect$$libinit$$00000023          0x0800020e   Section        0  libinit2.o(.ARM.Collect$$libinit$$00000023)
    .ARM.Collect$$libinit$$00000025          0x0800020e   Section        0  libinit2.o(.ARM.Collect$$libinit$$00000025)
    .ARM.Collect$$libinit$$0000002C          0x0800020e   Section        0  libinit2.o(.ARM.Collect$$libinit$$0000002C)
    .ARM.Collect$$libinit$$0000002E          0x0800020e   Section        0  libinit2.o(.ARM.Collect$$libinit$$0000002E)
    .ARM.Collect$$libinit$$00000030          0x0800020e   Section        0  libinit2.o(.ARM.Collect$$libinit$$00000030)
    .ARM.Collect$$libinit$$00000032          0x0800020e   Section        0  libinit2.o(.ARM.Collect$$libinit$$00000032)
    .ARM.Collect$$libinit$$00000033          0x0800020e   Section        2  libinit2.o(.ARM.Collect$$libinit$$00000033)
    .ARM.Collect$$libshutdown$$00000000      0x08000210   Section        2  libshutdown.o(.ARM.Collect$$libshutdown$$00000000)
    .ARM.Collect$$libshutdown$$00000002      0x08000212   Section        0  libshutdown2.o(.ARM.Collect$$libshutdown$$00000002)
    .ARM.Collect$$libshutdown$$00000004      0x08000212   Section        0  libshutdown2.o(.ARM.Collect$$libshutdown$$00000004)
    .ARM.Collect$$libshutdown$$00000007      0x08000212   Section        0  libshutdown2.o(.ARM.Collect$$libshutdown$$00000007)
    .ARM.Collect$$libshutdown$$0000000A      0x08000212   Section        0  libshutdown2.o(.ARM.Collect$$libshutdown$$0000000A)
    .ARM.Collect$$libshutdown$$0000000C      0x08000212   Section        0  libshutdown2.o(.ARM.Collect$$libshutdown$$0000000C)
    .ARM.Collect$$libshutdown$$0000000F      0x08000212   Section        0  libshutdown2.o(.ARM.Collect$$libshutdown$$0000000F)
    .ARM.Collect$$libshutdown$$00000010      0x08000212   Section        2  libshutdown2.o(.ARM.Collect$$libshutdown$$00000010)
    .ARM.Collect$$rtentry$$00000000          0x08000214   Section        0  __rtentry.o(.ARM.Collect$$rtentry$$00000000)
    .ARM.Collect$$rtentry$$00000002          0x08000214   Section        0  __rtentry2.o(.ARM.Collect$$rtentry$$00000002)
    .ARM.Collect$$rtentry$$00000004          0x08000214   Section        6  __rtentry4.o(.ARM.Collect$$rtentry$$00000004)
    .ARM.Collect$$rtentry$$00000009          0x0800021a   Section        0  __rtentry2.o(.ARM.Collect$$rtentry$$00000009)
    .ARM.Collect$$rtentry$$0000000A          0x0800021a   Section        4  __rtentry2.o(.ARM.Collect$$rtentry$$0000000A)
    .ARM.Collect$$rtentry$$0000000C          0x0800021e   Section        0  __rtentry2.o(.ARM.Collect$$rtentry$$0000000C)
    .ARM.Collect$$rtentry$$0000000D          0x0800021e   Section        8  __rtentry2.o(.ARM.Collect$$rtentry$$0000000D)
    .ARM.Collect$$rtexit$$00000000           0x08000226   Section        2  rtexit.o(.ARM.Collect$$rtexit$$00000000)
    .ARM.Collect$$rtexit$$00000002           0x08000228   Section        0  rtexit2.o(.ARM.Collect$$rtexit$$00000002)
    .ARM.Collect$$rtexit$$00000003           0x08000228   Section        4  rtexit2.o(.ARM.Collect$$rtexit$$00000003)
    .ARM.Collect$$rtexit$$00000004           0x0800022c   Section        6  rtexit2.o(.ARM.Collect$$rtexit$$00000004)
    .text                                    0x08000234   Section       64  startup_stm32f10x_md.o(.text)
    .text                                    0x08000274   Section        0  sprintf.o(.text)
    .text                                    0x080002a0   Section        0  heapauxi.o(.text)
    .text                                    0x080002a6   Section        0  _printf_pad.o(.text)
    .text                                    0x080002f4   Section        0  _printf_truncate.o(.text)
    .text                                    0x08000318   Section        0  _printf_str.o(.text)
    .text                                    0x0800036c   Section        0  _printf_dec.o(.text)
    .text                                    0x080003e4   Section        0  _printf_charcount.o(.text)
    _printf_input_char                       0x0800040d   Thumb Code    10  _printf_char_common.o(.text)
    .text                                    0x0800040c   Section        0  _printf_char_common.o(.text)
    .text                                    0x0800043c   Section        0  _sputc.o(.text)
    .text                                    0x08000448   Section        0  _printf_wctomb.o(.text)
    .text                                    0x08000504   Section        0  _printf_longlong_dec.o(.text)
    _printf_longlong_oct_internal            0x08000581   Thumb Code     0  _printf_oct_int_ll.o(.text)
    .text                                    0x08000580   Section        0  _printf_oct_int_ll.o(.text)
    _printf_hex_common                       0x080005f1   Thumb Code     0  _printf_hex_int_ll_ptr.o(.text)
    .text                                    0x080005f0   Section        0  _printf_hex_int_ll_ptr.o(.text)
    .text                                    0x08000684   Section        0  __printf_flags_ss_wp.o(.text)
    .text                                    0x0800080c   Section      138  lludiv10.o(.text)
    .text                                    0x08000896   Section        0  _printf_intcommon.o(.text)
    _fp_digits                               0x08000949   Thumb Code   432  _printf_fp_dec.o(.text)
    .text                                    0x08000948   Section        0  _printf_fp_dec.o(.text)
    .text                                    0x08000d64   Section        0  _printf_fp_hex.o(.text)
    .text                                    0x08001060   Section        0  _printf_char.o(.text)
    .text                                    0x0800108c   Section        0  _printf_wchar.o(.text)
    .text                                    0x080010b8   Section        0  _c16rtomb.o(.text)
    .text                                    0x08001100   Section       74  sys_stackheap_outer.o(.text)
    .text                                    0x0800114c   Section       16  rt_ctype_table.o(.text)
    .text                                    0x0800115c   Section        8  rt_locale_intlibspace.o(.text)
    .text                                    0x08001164   Section        0  _printf_fp_infnan.o(.text)
    .text                                    0x080011e4   Section        0  bigflt0.o(.text)
    .text                                    0x080012c8   Section        0  exit.o(.text)
    .text                                    0x080012dc   Section        8  libspace.o(.text)
    .text                                    0x080012e4   Section      128  strcmpv7m.o(.text)
    .text                                    0x08001364   Section        0  sys_exit.o(.text)
    .text                                    0x08001370   Section        2  use_no_semi.o(.text)
    .text                                    0x08001372   Section        0  indicate_semi.o(.text)
    [Anonymous Symbol]                       0x08001374   Section        0  adc.o(.text.ADC1_2_IRQHandler)
    [Anonymous Symbol]                       0x080013fc   Section        0  adc.o(.text.ADC_Init)
    [Anonymous Symbol]                       0x080014c4   Section        0  i2c.o(.text.DMA1_Channel6_IRQHandler)
    [Anonymous Symbol]                       0x08001504   Section        0  i2c.o(.text.DMA_Init)
    [Anonymous Symbol]                       0x0800154c   Section        0  i2c.o(.text.DMA_TX_GO)
    [Anonymous Symbol]                       0x08001578   Section        0  my_lib.o(.text.GPIO_Init)
    [Anonymous Symbol]                       0x080015b4   Section        0  i2c.o(.text.I2C1_Init)
    [Anonymous Symbol]                       0x0800162c   Section        0  i2c.o(.text.SSD1306_Init)
    [Anonymous Symbol]                       0x08001824   Section        0  i2c.o(.text.SSD1306_Write_CONF)
    [Anonymous Symbol]                       0x08001868   Section        0  i2c.o(.text.SSD1306_Write_DATA)
    [Anonymous Symbol]                       0x080018d4   Section        0  i2c.o(.text.Send_Addr)
    SetSysClock                              0x08001945   Thumb Code     8  system_stm32f10x.o(.text.SetSysClock)
    [Anonymous Symbol]                       0x08001944   Section        0  system_stm32f10x.o(.text.SetSysClock)
    SetSysClockTo72                          0x0800194d   Thumb Code   290  system_stm32f10x.o(.text.SetSysClockTo72)
    [Anonymous Symbol]                       0x0800194c   Section        0  system_stm32f10x.o(.text.SetSysClockTo72)
    [Anonymous Symbol]                       0x08001a70   Section        0  interrupt.o(.text.SysTick_Handler)
    [Anonymous Symbol]                       0x08001a74   Section        0  my_lib.o(.text.SystemCoreClockConfigure)
    [Anonymous Symbol]                       0x08001b38   Section        0  system_stm32f10x.o(.text.SystemCoreClockUpdate)
    [Anonymous Symbol]                       0x08001c5c   Section        0  system_stm32f10x.o(.text.SystemInit)
    [Anonymous Symbol]                       0x08001cc4   Section        0  adc.o(.text.TIM2_Init)
    [Anonymous Symbol]                       0x08001d20   Section        0  interrupt.o(.text.TIM3_IRQHandler)
    [Anonymous Symbol]                       0x08001d38   Section        0  adc.o(.text.TIM3_Init)
    __NVIC_EnableIRQ                         0x08001da5   Thumb Code    48  i2c.o(.text.__NVIC_EnableIRQ)
    [Anonymous Symbol]                       0x08001da4   Section        0  i2c.o(.text.__NVIC_EnableIRQ)
    __NVIC_EnableIRQ                         0x08001dd5   Thumb Code    48  adc.o(.text.__NVIC_EnableIRQ)
    [Anonymous Symbol]                       0x08001dd4   Section        0  adc.o(.text.__NVIC_EnableIRQ)
    [Anonymous Symbol]                       0x08001e04   Section        0  i2c.o(.text.convert_f_to_char)
    [Anonymous Symbol]                       0x08001ea0   Section        0  main.o(.text.main)
    CL$$btod_d2e                             0x08001ed0   Section       62  btod.o(CL$$btod_d2e)
    CL$$btod_d2e_denorm_low                  0x08001f0e   Section       70  btod.o(CL$$btod_d2e_denorm_low)
    CL$$btod_d2e_norm_op1                    0x08001f54   Section       96  btod.o(CL$$btod_d2e_norm_op1)
    CL$$btod_div_common                      0x08001fb4   Section      824  btod.o(CL$$btod_div_common)
    CL$$btod_e2e                             0x080022ec   Section      220  btod.o(CL$$btod_e2e)
    CL$$btod_ediv                            0x080023c8   Section       42  btod.o(CL$$btod_ediv)
    CL$$btod_emul                            0x080023f2   Section       42  btod.o(CL$$btod_emul)
    CL$$btod_mult_common                     0x0800241c   Section      580  btod.o(CL$$btod_mult_common)
    i.__ARM_fpclassify                       0x08002660   Section        0  fpclassify.o(i.__ARM_fpclassify)
    i._is_digit                              0x08002688   Section        0  __printf_wp.o(i._is_digit)
    locale$$code                             0x08002698   Section       44  lc_numeric_c.o(locale$$code)
    locale$$code                             0x080026c4   Section       44  lc_ctype_c.o(locale$$code)
    x$fpl$dadd                               0x080026f0   Section      336  daddsub_clz.o(x$fpl$dadd)
    _dadd1                                   0x08002701   Thumb Code     0  daddsub_clz.o(x$fpl$dadd)
    x$fpl$dfltu                              0x08002840   Section       38  dflt_clz.o(x$fpl$dfltu)
    x$fpl$dmul                               0x08002868   Section      340  dmul.o(x$fpl$dmul)
    x$fpl$dnaninf                            0x080029bc   Section      156  dnaninf.o(x$fpl$dnaninf)
    x$fpl$dretinf                            0x08002a58   Section       12  dretinf.o(x$fpl$dretinf)
    x$fpl$dsub                               0x08002a64   Section      476  daddsub_clz.o(x$fpl$dsub)
    _dsub1                                   0x08002a75   Thumb Code     0  daddsub_clz.o(x$fpl$dsub)
    x$fpl$printf1                            0x08002c40   Section        4  printf1.o(x$fpl$printf1)
    x$fpl$printf2                            0x08002c44   Section        4  printf2.o(x$fpl$printf2)
    initial_mbstate                          0x08002c48   Data           8  _printf_wctomb.o(.constdata)
    .constdata                               0x08002c48   Section        8  _printf_wctomb.o(.constdata)
    x$fpl$usenofp                            0x08002c48   Section        0  usenofp.o(x$fpl$usenofp)
    uc_hextab                                0x08002c50   Data          20  _printf_hex_int_ll_ptr.o(.constdata)
    .constdata                               0x08002c50   Section       40  _printf_hex_int_ll_ptr.o(.constdata)
    lc_hextab                                0x08002c64   Data          20  _printf_hex_int_ll_ptr.o(.constdata)
    maptable                                 0x08002c78   Data          17  __printf_flags_ss_wp.o(.constdata)
    .constdata                               0x08002c78   Section       17  __printf_flags_ss_wp.o(.constdata)
    lc_hextab                                0x08002c89   Data          19  _printf_fp_hex.o(.constdata)
    .constdata                               0x08002c89   Section       38  _printf_fp_hex.o(.constdata)
    uc_hextab                                0x08002c9c   Data          19  _printf_fp_hex.o(.constdata)
    tenpwrs_x                                0x08002cb0   Data          60  bigflt0.o(.constdata)
    .constdata                               0x08002cb0   Section      148  bigflt0.o(.constdata)
    tenpwrs_i                                0x08002cec   Data          64  bigflt0.o(.constdata)
    .L.str                                   0x08002d54   Data           3  i2c.o(.rodata.str1.1)
    [Anonymous Symbol]                       0x08002d54   Section        0  i2c.o(.rodata.str1.1)
    locale$$data                             0x08002d78   Section       28  lc_numeric_c.o(locale$$data)
    __lcnum_c_name                           0x08002d7c   Data           2  lc_numeric_c.o(locale$$data)
    __lcnum_c_start                          0x08002d84   Data           0  lc_numeric_c.o(locale$$data)
    __lcnum_c_point                          0x08002d90   Data           0  lc_numeric_c.o(locale$$data)
    __lcnum_c_thousands                      0x08002d92   Data           0  lc_numeric_c.o(locale$$data)
    __lcnum_c_grouping                       0x08002d93   Data           0  lc_numeric_c.o(locale$$data)
    __lcnum_c_end                            0x08002d94   Data           0  lc_numeric_c.o(locale$$data)
    locale$$data                             0x08002d94   Section      272  lc_ctype_c.o(locale$$data)
    __lcctype_c_name                         0x08002d98   Data           2  lc_ctype_c.o(locale$$data)
    __lcctype_c_start                        0x08002da0   Data           0  lc_ctype_c.o(locale$$data)
    __lcctype_c_end                          0x08002ea4   Data           0  lc_ctype_c.o(locale$$data)
    .bss                                     0x20000088   Section       96  libspace.o(.bss)
    Heap_Mem                                 0x20000508   Data         512  startup_stm32f10x_md.o(HEAP)
    HEAP                                     0x20000508   Section      512  startup_stm32f10x_md.o(HEAP)
    Stack_Mem                                0x20000708   Data        1024  startup_stm32f10x_md.o(STACK)
    STACK                                    0x20000708   Section     1024  startup_stm32f10x_md.o(STACK)
    __initial_sp                             0x20000b08   Data           0  startup_stm32f10x_md.o(STACK)

    Global Symbols

    Symbol Name                              Value     Ov Type        Size  Object(Section)

    BuildAttributes$$THM_ISAv4$P$D$K$B$S$PE$A:L22UL41UL21$X:L11$S22US41US21$IEEE1$IW$~IW$USESV6$~STKCKD$USESV7$~SHL$OTIME$ROPI$IEEEJ$EBA8$UX$STANDARDLIB$REQ8$PRES8$EABIv2 0x00000000   Number         0  anon$$obj.o ABSOLUTE
    __fp_init_empty                          0x00000000   Number         0  fpinit_empty.o ABSOLUTE
    _printf_flags                            0x00000000   Number         0  printf_stubs.o ABSOLUTE
    _printf_return_value                     0x00000000   Number         0  printf_stubs.o ABSOLUTE
    _printf_sizespec                         0x00000000   Number         0  printf_stubs.o ABSOLUTE
    _printf_widthprec                        0x00000000   Number         0  printf_stubs.o ABSOLUTE
    __ARM_exceptions_init                     - Undefined Weak Reference
    __alloca_initialize                       - Undefined Weak Reference
    __arm_preinit_                            - Undefined Weak Reference
    __cpp_initialize__aeabi_                  - Undefined Weak Reference
    __cxa_finalize                            - Undefined Weak Reference
    __sigvec_lookup                           - Undefined Weak Reference
    _atexit_init                              - Undefined Weak Reference
    _call_atexit_fns                          - Undefined Weak Reference
    _clock_init                               - Undefined Weak Reference
    _fp_trap_init                             - Undefined Weak Reference
    _fp_trap_shutdown                         - Undefined Weak Reference
    _get_lc_collate                           - Undefined Weak Reference
    _get_lc_monetary                          - Undefined Weak Reference
    _get_lc_time                              - Undefined Weak Reference
    _getenv_init                              - Undefined Weak Reference
    _handle_redirection                       - Undefined Weak Reference
    _init_alloc                               - Undefined Weak Reference
    _init_user_alloc                          - Undefined Weak Reference
    _initio                                   - Undefined Weak Reference
    _printf_mbtowc                            - Undefined Weak Reference
    _printf_wc                                - Undefined Weak Reference
    _rand_init                                - Undefined Weak Reference
    _signal_finish                            - Undefined Weak Reference
    _signal_init                              - Undefined Weak Reference
    _terminate_alloc                          - Undefined Weak Reference
    _terminate_user_alloc                     - Undefined Weak Reference
    _terminateio                              - Undefined Weak Reference
    __Vectors_Size                           0x000000ec   Number         0  startup_stm32f10x_md.o ABSOLUTE
    __Vectors                                0x08000000   Data           4  startup_stm32f10x_md.o(RESET)
    __Vectors_End                            0x080000ec   Data           0  startup_stm32f10x_md.o(RESET)
    __main                                   0x080000ed   Thumb Code     8  __main.o(!!!main)
    __scatterload                            0x080000f5   Thumb Code     0  __scatter.o(!!!scatter)
    __scatterload_rt2                        0x080000f5   Thumb Code    44  __scatter.o(!!!scatter)
    __scatterload_rt2_thumb_only             0x080000f5   Thumb Code     0  __scatter.o(!!!scatter)
    __scatterload_null                       0x08000103   Thumb Code     0  __scatter.o(!!!scatter)
    __scatterload_copy                       0x08000129   Thumb Code    26  __scatter_copy.o(!!handler_copy)
    __scatterload_zeroinit                   0x08000145   Thumb Code    28  __scatter_zi.o(!!handler_zi)
    _printf_n                                0x08000161   Thumb Code     0  _printf_n.o(.ARM.Collect$$_printf_percent$$00000001)
    _printf_percent                          0x08000161   Thumb Code     0  _printf_percent.o(.ARM.Collect$$_printf_percent$$00000000)
    _printf_p                                0x08000167   Thumb Code     0  _printf_p.o(.ARM.Collect$$_printf_percent$$00000002)
    _printf_f                                0x0800016d   Thumb Code     0  _printf_f.o(.ARM.Collect$$_printf_percent$$00000003)
    _printf_e                                0x08000173   Thumb Code     0  _printf_e.o(.ARM.Collect$$_printf_percent$$00000004)
    _printf_g                                0x08000179   Thumb Code     0  _printf_g.o(.ARM.Collect$$_printf_percent$$00000005)
    _printf_a                                0x0800017f   Thumb Code     0  _printf_a.o(.ARM.Collect$$_printf_percent$$00000006)
    _printf_ll                               0x08000185   Thumb Code     0  _printf_ll.o(.ARM.Collect$$_printf_percent$$00000007)
    _printf_i                                0x0800018f   Thumb Code     0  _printf_i.o(.ARM.Collect$$_printf_percent$$00000008)
    _printf_d                                0x08000195   Thumb Code     0  _printf_d.o(.ARM.Collect$$_printf_percent$$00000009)
    _printf_u                                0x0800019b   Thumb Code     0  _printf_u.o(.ARM.Collect$$_printf_percent$$0000000A)
    _printf_o                                0x080001a1   Thumb Code     0  _printf_o.o(.ARM.Collect$$_printf_percent$$0000000B)
    _printf_x                                0x080001a7   Thumb Code     0  _printf_x.o(.ARM.Collect$$_printf_percent$$0000000C)
    _printf_lli                              0x080001ad   Thumb Code     0  _printf_lli.o(.ARM.Collect$$_printf_percent$$0000000D)
    _printf_lld                              0x080001b3   Thumb Code     0  _printf_lld.o(.ARM.Collect$$_printf_percent$$0000000E)
    _printf_llu                              0x080001b9   Thumb Code     0  _printf_llu.o(.ARM.Collect$$_printf_percent$$0000000F)
    _printf_llo                              0x080001bf   Thumb Code     0  _printf_llo.o(.ARM.Collect$$_printf_percent$$00000010)
    _printf_llx                              0x080001c5   Thumb Code     0  _printf_llx.o(.ARM.Collect$$_printf_percent$$00000011)
    _printf_l                                0x080001cb   Thumb Code     0  _printf_l.o(.ARM.Collect$$_printf_percent$$00000012)
    _printf_c                                0x080001d5   Thumb Code     0  _printf_c.o(.ARM.Collect$$_printf_percent$$00000013)
    _printf_s                                0x080001db   Thumb Code     0  _printf_s.o(.ARM.Collect$$_printf_percent$$00000014)
    _printf_lc                               0x080001e1   Thumb Code     0  _printf_lc.o(.ARM.Collect$$_printf_percent$$00000015)
    _printf_ls                               0x080001e7   Thumb Code     0  _printf_ls.o(.ARM.Collect$$_printf_percent$$00000016)
    _printf_percent_end                      0x080001ed   Thumb Code     0  _printf_percent_end.o(.ARM.Collect$$_printf_percent$$00000017)
    __rt_lib_init                            0x080001f1   Thumb Code     0  libinit.o(.ARM.Collect$$libinit$$00000000)
    __rt_lib_init_fp_1                       0x080001f3   Thumb Code     0  libinit2.o(.ARM.Collect$$libinit$$00000002)
    __rt_lib_init_heap_1                     0x080001f3   Thumb Code     0  libinit2.o(.ARM.Collect$$libinit$$0000000A)
    __rt_lib_init_lc_common                  0x080001f3   Thumb Code     0  libinit2.o(.ARM.Collect$$libinit$$0000000F)
    __rt_lib_init_preinit_1                  0x080001f3   Thumb Code     0  libinit2.o(.ARM.Collect$$libinit$$00000004)
    __rt_lib_init_rand_1                     0x080001f3   Thumb Code     0  libinit2.o(.ARM.Collect$$libinit$$0000000E)
    __rt_lib_init_user_alloc_1               0x080001f3   Thumb Code     0  libinit2.o(.ARM.Collect$$libinit$$0000000C)
    __rt_lib_init_lc_collate_1               0x080001f9   Thumb Code     0  libinit2.o(.ARM.Collect$$libinit$$00000011)
    __rt_lib_init_lc_ctype_2                 0x080001f9   Thumb Code     0  libinit2.o(.ARM.Collect$$libinit$$00000012)
    __rt_lib_init_lc_ctype_1                 0x08000205   Thumb Code     0  libinit2.o(.ARM.Collect$$libinit$$00000013)
    __rt_lib_init_lc_monetary_1              0x08000205   Thumb Code     0  libinit2.o(.ARM.Collect$$libinit$$00000015)
    __rt_lib_init_lc_numeric_2               0x08000205   Thumb Code     0  libinit2.o(.ARM.Collect$$libinit$$00000016)
    __rt_lib_init_alloca_1                   0x0800020f   Thumb Code     0  libinit2.o(.ARM.Collect$$libinit$$0000002E)
    __rt_lib_init_argv_1                     0x0800020f   Thumb Code     0  libinit2.o(.ARM.Collect$$libinit$$0000002C)
    __rt_lib_init_atexit_1                   0x0800020f   Thumb Code     0  libinit2.o(.ARM.Collect$$libinit$$0000001B)
    __rt_lib_init_clock_1                    0x0800020f   Thumb Code     0  libinit2.o(.ARM.Collect$$libinit$$00000021)
    __rt_lib_init_cpp_1                      0x0800020f   Thumb Code     0  libinit2.o(.ARM.Collect$$libinit$$00000032)
    __rt_lib_init_exceptions_1               0x0800020f   Thumb Code     0  libinit2.o(.ARM.Collect$$libinit$$00000030)
    __rt_lib_init_fp_trap_1                  0x0800020f   Thumb Code     0  libinit2.o(.ARM.Collect$$libinit$$0000001F)
    __rt_lib_init_getenv_1                   0x0800020f   Thumb Code     0  libinit2.o(.ARM.Collect$$libinit$$00000023)
    __rt_lib_init_lc_numeric_1               0x0800020f   Thumb Code     0  libinit2.o(.ARM.Collect$$libinit$$00000017)
    __rt_lib_init_lc_time_1                  0x0800020f   Thumb Code     0  libinit2.o(.ARM.Collect$$libinit$$00000019)
    __rt_lib_init_return                     0x0800020f   Thumb Code     0  libinit2.o(.ARM.Collect$$libinit$$00000033)
    __rt_lib_init_signal_1                   0x0800020f   Thumb Code     0  libinit2.o(.ARM.Collect$$libinit$$0000001D)
    __rt_lib_init_stdio_1                    0x0800020f   Thumb Code     0  libinit2.o(.ARM.Collect$$libinit$$00000025)
    __rt_lib_shutdown                        0x08000211   Thumb Code     0  libshutdown.o(.ARM.Collect$$libshutdown$$00000000)
    __rt_lib_shutdown_cpp_1                  0x08000213   Thumb Code     0  libshutdown2.o(.ARM.Collect$$libshutdown$$00000002)
    __rt_lib_shutdown_fp_trap_1              0x08000213   Thumb Code     0  libshutdown2.o(.ARM.Collect$$libshutdown$$00000007)
    __rt_lib_shutdown_heap_1                 0x08000213   Thumb Code     0  libshutdown2.o(.ARM.Collect$$libshutdown$$0000000F)
    __rt_lib_shutdown_return                 0x08000213   Thumb Code     0  libshutdown2.o(.ARM.Collect$$libshutdown$$00000010)
    __rt_lib_shutdown_signal_1               0x08000213   Thumb Code     0  libshutdown2.o(.ARM.Collect$$libshutdown$$0000000A)
    __rt_lib_shutdown_stdio_1                0x08000213   Thumb Code     0  libshutdown2.o(.ARM.Collect$$libshutdown$$00000004)
    __rt_lib_shutdown_user_alloc_1           0x08000213   Thumb Code     0  libshutdown2.o(.ARM.Collect$$libshutdown$$0000000C)
    __rt_entry                               0x08000215   Thumb Code     0  __rtentry.o(.ARM.Collect$$rtentry$$00000000)
    __rt_entry_presh_1                       0x08000215   Thumb Code     0  __rtentry2.o(.ARM.Collect$$rtentry$$00000002)
    __rt_entry_sh                            0x08000215   Thumb Code     0  __rtentry4.o(.ARM.Collect$$rtentry$$00000004)
    __rt_entry_li                            0x0800021b   Thumb Code     0  __rtentry2.o(.ARM.Collect$$rtentry$$0000000A)
    __rt_entry_postsh_1                      0x0800021b   Thumb Code     0  __rtentry2.o(.ARM.Collect$$rtentry$$00000009)
    __rt_entry_main                          0x0800021f   Thumb Code     0  __rtentry2.o(.ARM.Collect$$rtentry$$0000000D)
    __rt_entry_postli_1                      0x0800021f   Thumb Code     0  __rtentry2.o(.ARM.Collect$$rtentry$$0000000C)
    __rt_exit                                0x08000227   Thumb Code     0  rtexit.o(.ARM.Collect$$rtexit$$00000000)
    __rt_exit_ls                             0x08000229   Thumb Code     0  rtexit2.o(.ARM.Collect$$rtexit$$00000003)
    __rt_exit_prels_1                        0x08000229   Thumb Code     0  rtexit2.o(.ARM.Collect$$rtexit$$00000002)
    __rt_exit_exit                           0x0800022d   Thumb Code     0  rtexit2.o(.ARM.Collect$$rtexit$$00000004)
    Reset_Handler                            0x08000235   Thumb Code     8  startup_stm32f10x_md.o(.text)
    NMI_Handler                              0x0800023d   Thumb Code     2  startup_stm32f10x_md.o(.text)
    HardFault_Handler                        0x0800023f   Thumb Code     2  startup_stm32f10x_md.o(.text)
    MemManage_Handler                        0x08000241   Thumb Code     2  startup_stm32f10x_md.o(.text)
    BusFault_Handler                         0x08000243   Thumb Code     2  startup_stm32f10x_md.o(.text)
    UsageFault_Handler                       0x08000245   Thumb Code     2  startup_stm32f10x_md.o(.text)
    SVC_Handler                              0x08000247   Thumb Code     2  startup_stm32f10x_md.o(.text)
    DebugMon_Handler                         0x08000249   Thumb Code     2  startup_stm32f10x_md.o(.text)
    PendSV_Handler                           0x0800024b   Thumb Code     2  startup_stm32f10x_md.o(.text)
    CAN1_RX1_IRQHandler                      0x0800024f   Thumb Code     0  startup_stm32f10x_md.o(.text)
    CAN1_SCE_IRQHandler                      0x0800024f   Thumb Code     0  startup_stm32f10x_md.o(.text)
    DMA1_Channel1_IRQHandler                 0x0800024f   Thumb Code     0  startup_stm32f10x_md.o(.text)
    DMA1_Channel2_IRQHandler                 0x0800024f   Thumb Code     0  startup_stm32f10x_md.o(.text)
    DMA1_Channel3_IRQHandler                 0x0800024f   Thumb Code     0  startup_stm32f10x_md.o(.text)
    DMA1_Channel4_IRQHandler                 0x0800024f   Thumb Code     0  startup_stm32f10x_md.o(.text)
    DMA1_Channel5_IRQHandler                 0x0800024f   Thumb Code     0  startup_stm32f10x_md.o(.text)
    DMA1_Channel7_IRQHandler                 0x0800024f   Thumb Code     0  startup_stm32f10x_md.o(.text)
    EXTI0_IRQHandler                         0x0800024f   Thumb Code     0  startup_stm32f10x_md.o(.text)
    EXTI15_10_IRQHandler                     0x0800024f   Thumb Code     0  startup_stm32f10x_md.o(.text)
    EXTI1_IRQHandler                         0x0800024f   Thumb Code     0  startup_stm32f10x_md.o(.text)
    EXTI2_IRQHandler                         0x0800024f   Thumb Code     0  startup_stm32f10x_md.o(.text)
    EXTI3_IRQHandler                         0x0800024f   Thumb Code     0  startup_stm32f10x_md.o(.text)
    EXTI4_IRQHandler                         0x0800024f   Thumb Code     0  startup_stm32f10x_md.o(.text)
    EXTI9_5_IRQHandler                       0x0800024f   Thumb Code     0  startup_stm32f10x_md.o(.text)
    FLASH_IRQHandler                         0x0800024f   Thumb Code     0  startup_stm32f10x_md.o(.text)
    I2C1_ER_IRQHandler                       0x0800024f   Thumb Code     0  startup_stm32f10x_md.o(.text)
    I2C1_EV_IRQHandler                       0x0800024f   Thumb Code     0  startup_stm32f10x_md.o(.text)
    I2C2_ER_IRQHandler                       0x0800024f   Thumb Code     0  startup_stm32f10x_md.o(.text)
    I2C2_EV_IRQHandler                       0x0800024f   Thumb Code     0  startup_stm32f10x_md.o(.text)
    PVD_IRQHandler                           0x0800024f   Thumb Code     0  startup_stm32f10x_md.o(.text)
    RCC_IRQHandler                           0x0800024f   Thumb Code     0  startup_stm32f10x_md.o(.text)
    RTCAlarm_IRQHandler                      0x0800024f   Thumb Code     0  startup_stm32f10x_md.o(.text)
    RTC_IRQHandler                           0x0800024f   Thumb Code     0  startup_stm32f10x_md.o(.text)
    SPI1_IRQHandler                          0x0800024f   Thumb Code     0  startup_stm32f10x_md.o(.text)
    SPI2_IRQHandler                          0x0800024f   Thumb Code     0  startup_stm32f10x_md.o(.text)
    TAMPER_IRQHandler                        0x0800024f   Thumb Code     0  startup_stm32f10x_md.o(.text)
    TIM1_BRK_IRQHandler                      0x0800024f   Thumb Code     0  startup_stm32f10x_md.o(.text)
    TIM1_CC_IRQHandler                       0x0800024f   Thumb Code     0  startup_stm32f10x_md.o(.text)
    TIM1_TRG_COM_IRQHandler                  0x0800024f   Thumb Code     0  startup_stm32f10x_md.o(.text)
    TIM1_UP_IRQHandler                       0x0800024f   Thumb Code     0  startup_stm32f10x_md.o(.text)
    TIM2_IRQHandler                          0x0800024f   Thumb Code     0  startup_stm32f10x_md.o(.text)
    TIM4_IRQHandler                          0x0800024f   Thumb Code     0  startup_stm32f10x_md.o(.text)
    USART1_IRQHandler                        0x0800024f   Thumb Code     0  startup_stm32f10x_md.o(.text)
    USART2_IRQHandler                        0x0800024f   Thumb Code     0  startup_stm32f10x_md.o(.text)
    USART3_IRQHandler                        0x0800024f   Thumb Code     0  startup_stm32f10x_md.o(.text)
    USBWakeUp_IRQHandler                     0x0800024f   Thumb Code     0  startup_stm32f10x_md.o(.text)
    USB_HP_CAN1_TX_IRQHandler                0x0800024f   Thumb Code     0  startup_stm32f10x_md.o(.text)
    USB_LP_CAN1_RX0_IRQHandler               0x0800024f   Thumb Code     0  startup_stm32f10x_md.o(.text)
    WWDG_IRQHandler                          0x0800024f   Thumb Code     0  startup_stm32f10x_md.o(.text)
    __user_initial_stackheap                 0x08000251   Thumb Code     0  startup_stm32f10x_md.o(.text)
    sprintf                                  0x08000275   Thumb Code    38  sprintf.o(.text)
    __use_two_region_memory                  0x080002a1   Thumb Code     2  heapauxi.o(.text)
    __rt_heap_escrow$2region                 0x080002a3   Thumb Code     2  heapauxi.o(.text)
    __rt_heap_expand$2region                 0x080002a5   Thumb Code     2  heapauxi.o(.text)
    _printf_pre_padding                      0x080002a7   Thumb Code    44  _printf_pad.o(.text)
    _printf_post_padding                     0x080002d3   Thumb Code    34  _printf_pad.o(.text)
    _printf_truncate_signed                  0x080002f5   Thumb Code    18  _printf_truncate.o(.text)
    _printf_truncate_unsigned                0x08000307   Thumb Code    18  _printf_truncate.o(.text)
    _printf_str                              0x08000319   Thumb Code    82  _printf_str.o(.text)
    _printf_int_dec                          0x0800036d   Thumb Code   104  _printf_dec.o(.text)
    _printf_charcount                        0x080003e5   Thumb Code    40  _printf_charcount.o(.text)
    _printf_char_common                      0x08000417   Thumb Code    32  _printf_char_common.o(.text)
    _sputc                                   0x0800043d   Thumb Code    10  _sputc.o(.text)
    _printf_wctomb                           0x08000449   Thumb Code   182  _printf_wctomb.o(.text)
    _printf_longlong_dec                     0x08000505   Thumb Code   108  _printf_longlong_dec.o(.text)
    _printf_longlong_oct                     0x08000581   Thumb Code    68  _printf_oct_int_ll.o(.text)
    _printf_int_oct                          0x080005c5   Thumb Code    24  _printf_oct_int_ll.o(.text)
    _printf_ll_oct                           0x080005dd   Thumb Code    12  _printf_oct_int_ll.o(.text)
    _printf_longlong_hex                     0x080005f1   Thumb Code    86  _printf_hex_int_ll_ptr.o(.text)
    _printf_int_hex                          0x08000647   Thumb Code    28  _printf_hex_int_ll_ptr.o(.text)
    _printf_ll_hex                           0x08000663   Thumb Code    12  _printf_hex_int_ll_ptr.o(.text)
    _printf_hex_ptr                          0x0800066f   Thumb Code    18  _printf_hex_int_ll_ptr.o(.text)
    __printf                                 0x08000685   Thumb Code   388  __printf_flags_ss_wp.o(.text)
    _ll_udiv10                               0x0800080d   Thumb Code   138  lludiv10.o(.text)
    _printf_int_common                       0x08000897   Thumb Code   178  _printf_intcommon.o(.text)
    _printf_fp_dec_real                      0x08000af9   Thumb Code   620  _printf_fp_dec.o(.text)
    _printf_fp_hex_real                      0x08000d65   Thumb Code   756  _printf_fp_hex.o(.text)
    _printf_cs_common                        0x08001061   Thumb Code    20  _printf_char.o(.text)
    _printf_char                             0x08001075   Thumb Code    16  _printf_char.o(.text)
    _printf_string                           0x08001085   Thumb Code     8  _printf_char.o(.text)
    _printf_lcs_common                       0x0800108d   Thumb Code    20  _printf_wchar.o(.text)
    _printf_wchar                            0x080010a1   Thumb Code    16  _printf_wchar.o(.text)
    _printf_wstring                          0x080010b1   Thumb Code     8  _printf_wchar.o(.text)
    _c16rtomb                                0x080010b9   Thumb Code    72  _c16rtomb.o(.text)
    _wcrtomb                                 0x080010b9   Thumb Code     0  _c16rtomb.o(.text)
    __user_setup_stackheap                   0x08001101   Thumb Code    74  sys_stackheap_outer.o(.text)
    __rt_ctype_table                         0x0800114d   Thumb Code    16  rt_ctype_table.o(.text)
    __rt_locale                              0x0800115d   Thumb Code     8  rt_locale_intlibspace.o(.text)
    _printf_fp_infnan                        0x08001165   Thumb Code   112  _printf_fp_infnan.o(.text)
    _btod_etento                             0x080011e5   Thumb Code   224  bigflt0.o(.text)
    exit                                     0x080012c9   Thumb Code    18  exit.o(.text)
    __user_libspace                          0x080012dd   Thumb Code     8  libspace.o(.text)
    __user_perproc_libspace                  0x080012dd   Thumb Code     0  libspace.o(.text)
    __user_perthread_libspace                0x080012dd   Thumb Code     0  libspace.o(.text)
    strcmp                                   0x080012e5   Thumb Code   128  strcmpv7m.o(.text)
    _sys_exit                                0x08001365   Thumb Code     8  sys_exit.o(.text)
    __I$use$semihosting                      0x08001371   Thumb Code     0  use_no_semi.o(.text)
    __use_no_semihosting_swi                 0x08001371   Thumb Code     2  use_no_semi.o(.text)
    __semihosting_library_function           0x08001373   Thumb Code     0  indicate_semi.o(.text)
    ADC1_2_IRQHandler                        0x08001375   Thumb Code   136  adc.o(.text.ADC1_2_IRQHandler)
    ADC_Init                                 0x080013fd   Thumb Code   198  adc.o(.text.ADC_Init)
    DMA1_Channel6_IRQHandler                 0x080014c5   Thumb Code    64  i2c.o(.text.DMA1_Channel6_IRQHandler)
    DMA_Init                                 0x08001505   Thumb Code    72  i2c.o(.text.DMA_Init)
    DMA_TX_GO                                0x0800154d   Thumb Code    44  i2c.o(.text.DMA_TX_GO)
    GPIO_Init                                0x08001579   Thumb Code    58  my_lib.o(.text.GPIO_Init)
    I2C1_Init                                0x080015b5   Thumb Code   118  i2c.o(.text.I2C1_Init)
    SSD1306_Init                             0x0800162d   Thumb Code   502  i2c.o(.text.SSD1306_Init)
    SSD1306_Write_CONF                       0x08001825   Thumb Code    66  i2c.o(.text.SSD1306_Write_CONF)
    SSD1306_Write_DATA                       0x08001869   Thumb Code   106  i2c.o(.text.SSD1306_Write_DATA)
    Send_Addr                                0x080018d5   Thumb Code   112  i2c.o(.text.Send_Addr)
    SysTick_Handler                          0x08001a71   Thumb Code     2  interrupt.o(.text.SysTick_Handler)
    SystemCoreClockConfigure                 0x08001a75   Thumb Code   194  my_lib.o(.text.SystemCoreClockConfigure)
    SystemCoreClockUpdate                    0x08001b39   Thumb Code   290  system_stm32f10x.o(.text.SystemCoreClockUpdate)
    SystemInit                               0x08001c5d   Thumb Code   102  system_stm32f10x.o(.text.SystemInit)
    TIM2_Init                                0x08001cc5   Thumb Code    90  adc.o(.text.TIM2_Init)
    TIM3_IRQHandler                          0x08001d21   Thumb Code    24  interrupt.o(.text.TIM3_IRQHandler)
    TIM3_Init                                0x08001d39   Thumb Code   108  adc.o(.text.TIM3_Init)
    convert_f_to_char                        0x08001e05   Thumb Code   154  i2c.o(.text.convert_f_to_char)
    main                                     0x08001ea1   Thumb Code    48  main.o(.text.main)
    _btod_d2e                                0x08001ed1   Thumb Code    62  btod.o(CL$$btod_d2e)
    _d2e_denorm_low                          0x08001f0f   Thumb Code    70  btod.o(CL$$btod_d2e_denorm_low)
    _d2e_norm_op1                            0x08001f55   Thumb Code    96  btod.o(CL$$btod_d2e_norm_op1)
    __btod_div_common                        0x08001fb5   Thumb Code   696  btod.o(CL$$btod_div_common)
    _e2e                                     0x080022ed   Thumb Code   220  btod.o(CL$$btod_e2e)
    _btod_ediv                               0x080023c9   Thumb Code    42  btod.o(CL$$btod_ediv)
    _btod_emul                               0x080023f3   Thumb Code    42  btod.o(CL$$btod_emul)
    __btod_mult_common                       0x0800241d   Thumb Code   580  btod.o(CL$$btod_mult_common)
    __ARM_fpclassify                         0x08002661   Thumb Code    40  fpclassify.o(i.__ARM_fpclassify)
    _is_digit                                0x08002689   Thumb Code    14  __printf_wp.o(i._is_digit)
    _get_lc_numeric                          0x08002699   Thumb Code    44  lc_numeric_c.o(locale$$code)
    _get_lc_ctype                            0x080026c5   Thumb Code    44  lc_ctype_c.o(locale$$code)
    __aeabi_dadd                             0x080026f1   Thumb Code     0  daddsub_clz.o(x$fpl$dadd)
    _dadd                                    0x080026f1   Thumb Code   332  daddsub_clz.o(x$fpl$dadd)
    __aeabi_ui2d                             0x08002841   Thumb Code     0  dflt_clz.o(x$fpl$dfltu)
    _dfltu                                   0x08002841   Thumb Code    38  dflt_clz.o(x$fpl$dfltu)
    __aeabi_dmul                             0x08002869   Thumb Code     0  dmul.o(x$fpl$dmul)
    _dmul                                    0x08002869   Thumb Code   332  dmul.o(x$fpl$dmul)
    __fpl_dnaninf                            0x080029bd   Thumb Code   156  dnaninf.o(x$fpl$dnaninf)
    __fpl_dretinf                            0x08002a59   Thumb Code    12  dretinf.o(x$fpl$dretinf)
    __aeabi_dsub                             0x08002a65   Thumb Code     0  daddsub_clz.o(x$fpl$dsub)
    _dsub                                    0x08002a65   Thumb Code   472  daddsub_clz.o(x$fpl$dsub)
    _printf_fp_dec                           0x08002c41   Thumb Code     4  printf1.o(x$fpl$printf1)
    _printf_fp_hex                           0x08002c45   Thumb Code     4  printf2.o(x$fpl$printf2)
    __I$use$fp                               0x08002c48   Number         0  usenofp.o(x$fpl$usenofp)
    AHBPrescTable                            0x08002d44   Data          16  system_stm32f10x.o(.rodata.AHBPrescTable)
    Region$$Table$$Base                      0x08002d58   Number         0  anon$$obj.o(Region$$Table)
    Region$$Table$$Limit                     0x08002d78   Number         0  anon$$obj.o(Region$$Table)
    __ctype                                  0x08002da1   Data           0  lc_ctype_c.o(locale$$data)
    SystemCoreClock                          0x20000000   Data           4  system_stm32f10x.o(.data.SystemCoreClock)
    letter_NN                                0x20000004   Data           8  i2c.o(.data.letter_NN)
    letter_T                                 0x2000000c   Data           8  i2c.o(.data.letter_T)
    letter_U                                 0x20000014   Data           8  i2c.o(.data.letter_U)
    mass_char                                0x2000001c   Data         104  i2c.o(.data.mass_char)
    __libspace_start                         0x20000088   Data          96  libspace.o(.bss)
    BUFF_TX                                  0x200000e8   Data        1025  i2c.o(.bss.BUFF_TX)
    __temporary_stack_top$libspace           0x200000e8   Data           0  libspace.o(.bss)
    TT                                       0x200004f0   Data           8  adc.o(.bss.TT)
    U                                        0x200004f8   Data           8  adc.o(.bss.U)
    ptt                                      0x20000500   Data           4  i2c.o(.bss.ptt)



==============================================================================

Memory Map of the image

  Image Entry point : 0x08000235

  Load Region LR_1 (Base: 0x08000000, Size: 0x00002f28, Max: 0xffffffff, ABSOLUTE)

    Execution Region ER_RO (Exec base: 0x08000000, Load base: 0x08000000, Size: 0x00002ea4, Max: 0xffffffff, ABSOLUTE)

    Exec Addr    Load Addr    Size         Type   Attr      Idx    E Section Name        Object

    0x08000000   0x08000000   0x000000ec   Data   RO           93    RESET               startup_stm32f10x_md.o
    0x080000ec   0x080000ec   0x00000008   Code   RO          123  * !!!main             c_w.l(__main.o)
    0x080000f4   0x080000f4   0x00000034   Code   RO          476    !!!scatter          c_w.l(__scatter.o)
    0x08000128   0x08000128   0x0000001a   Code   RO          478    !!handler_copy      c_w.l(__scatter_copy.o)
    0x08000142   0x08000142   0x00000002   PAD
    0x08000144   0x08000144   0x0000001c   Code   RO          480    !!handler_zi        c_w.l(__scatter_zi.o)
    0x08000160   0x08000160   0x00000000   Code   RO          221    .ARM.Collect$$_printf_percent$$00000000  c_w.l(_printf_percent.o)
    0x08000160   0x08000160   0x00000006   Code   RO          210    .ARM.Collect$$_printf_percent$$00000001  c_w.l(_printf_n.o)
    0x08000166   0x08000166   0x00000006   Code   RO          212    .ARM.Collect$$_printf_percent$$00000002  c_w.l(_printf_p.o)
    0x0800016c   0x0800016c   0x00000006   Code   RO          217    .ARM.Collect$$_printf_percent$$00000003  c_w.l(_printf_f.o)
    0x08000172   0x08000172   0x00000006   Code   RO          218    .ARM.Collect$$_printf_percent$$00000004  c_w.l(_printf_e.o)
    0x08000178   0x08000178   0x00000006   Code   RO          219    .ARM.Collect$$_printf_percent$$00000005  c_w.l(_printf_g.o)
    0x0800017e   0x0800017e   0x00000006   Code   RO          220    .ARM.Collect$$_printf_percent$$00000006  c_w.l(_printf_a.o)
    0x08000184   0x08000184   0x0000000a   Code   RO          225    .ARM.Collect$$_printf_percent$$00000007  c_w.l(_printf_ll.o)
    0x0800018e   0x0800018e   0x00000006   Code   RO          214    .ARM.Collect$$_printf_percent$$00000008  c_w.l(_printf_i.o)
    0x08000194   0x08000194   0x00000006   Code   RO          215    .ARM.Collect$$_printf_percent$$00000009  c_w.l(_printf_d.o)
    0x0800019a   0x0800019a   0x00000006   Code   RO          216    .ARM.Collect$$_printf_percent$$0000000A  c_w.l(_printf_u.o)
    0x080001a0   0x080001a0   0x00000006   Code   RO          213    .ARM.Collect$$_printf_percent$$0000000B  c_w.l(_printf_o.o)
    0x080001a6   0x080001a6   0x00000006   Code   RO          211    .ARM.Collect$$_printf_percent$$0000000C  c_w.l(_printf_x.o)
    0x080001ac   0x080001ac   0x00000006   Code   RO          222    .ARM.Collect$$_printf_percent$$0000000D  c_w.l(_printf_lli.o)
    0x080001b2   0x080001b2   0x00000006   Code   RO          223    .ARM.Collect$$_printf_percent$$0000000E  c_w.l(_printf_lld.o)
    0x080001b8   0x080001b8   0x00000006   Code   RO          224    .ARM.Collect$$_printf_percent$$0000000F  c_w.l(_printf_llu.o)
    0x080001be   0x080001be   0x00000006   Code   RO          229    .ARM.Collect$$_printf_percent$$00000010  c_w.l(_printf_llo.o)
    0x080001c4   0x080001c4   0x00000006   Code   RO          230    .ARM.Collect$$_printf_percent$$00000011  c_w.l(_printf_llx.o)
    0x080001ca   0x080001ca   0x0000000a   Code   RO          226    .ARM.Collect$$_printf_percent$$00000012  c_w.l(_printf_l.o)
    0x080001d4   0x080001d4   0x00000006   Code   RO          208    .ARM.Collect$$_printf_percent$$00000013  c_w.l(_printf_c.o)
    0x080001da   0x080001da   0x00000006   Code   RO          209    .ARM.Collect$$_printf_percent$$00000014  c_w.l(_printf_s.o)
    0x080001e0   0x080001e0   0x00000006   Code   RO          227    .ARM.Collect$$_printf_percent$$00000015  c_w.l(_printf_lc.o)
    0x080001e6   0x080001e6   0x00000006   Code   RO          228    .ARM.Collect$$_printf_percent$$00000016  c_w.l(_printf_ls.o)
    0x080001ec   0x080001ec   0x00000004   Code   RO          276    .ARM.Collect$$_printf_percent$$00000017  c_w.l(_printf_percent_end.o)
    0x080001f0   0x080001f0   0x00000002   Code   RO          327    .ARM.Collect$$libinit$$00000000  c_w.l(libinit.o)
    0x080001f2   0x080001f2   0x00000000   Code   RO          345    .ARM.Collect$$libinit$$00000002  c_w.l(libinit2.o)
    0x080001f2   0x080001f2   0x00000000   Code   RO          347    .ARM.Collect$$libinit$$00000004  c_w.l(libinit2.o)
    0x080001f2   0x080001f2   0x00000000   Code   RO          350    .ARM.Collect$$libinit$$0000000A  c_w.l(libinit2.o)
    0x080001f2   0x080001f2   0x00000000   Code   RO          352    .ARM.Collect$$libinit$$0000000C  c_w.l(libinit2.o)
    0x080001f2   0x080001f2   0x00000000   Code   RO          354    .ARM.Collect$$libinit$$0000000E  c_w.l(libinit2.o)
    0x080001f2   0x080001f2   0x00000006   Code   RO          355    .ARM.Collect$$libinit$$0000000F  c_w.l(libinit2.o)
    0x080001f8   0x080001f8   0x00000000   Code   RO          357    .ARM.Collect$$libinit$$00000011  c_w.l(libinit2.o)
    0x080001f8   0x080001f8   0x0000000c   Code   RO          358    .ARM.Collect$$libinit$$00000012  c_w.l(libinit2.o)
    0x08000204   0x08000204   0x00000000   Code   RO          359    .ARM.Collect$$libinit$$00000013  c_w.l(libinit2.o)
    0x08000204   0x08000204   0x00000000   Code   RO          361    .ARM.Collect$$libinit$$00000015  c_w.l(libinit2.o)
    0x08000204   0x08000204   0x0000000a   Code   RO          362    .ARM.Collect$$libinit$$00000016  c_w.l(libinit2.o)
    0x0800020e   0x0800020e   0x00000000   Code   RO          363    .ARM.Collect$$libinit$$00000017  c_w.l(libinit2.o)
    0x0800020e   0x0800020e   0x00000000   Code   RO          365    .ARM.Collect$$libinit$$00000019  c_w.l(libinit2.o)
    0x0800020e   0x0800020e   0x00000000   Code   RO          367    .ARM.Collect$$libinit$$0000001B  c_w.l(libinit2.o)
    0x0800020e   0x0800020e   0x00000000   Code   RO          369    .ARM.Collect$$libinit$$0000001D  c_w.l(libinit2.o)
    0x0800020e   0x0800020e   0x00000000   Code   RO          371    .ARM.Collect$$libinit$$0000001F  c_w.l(libinit2.o)
    0x0800020e   0x0800020e   0x00000000   Code   RO          373    .ARM.Collect$$libinit$$00000021  c_w.l(libinit2.o)
    0x0800020e   0x0800020e   0x00000000   Code   RO          375    .ARM.Collect$$libinit$$00000023  c_w.l(libinit2.o)
    0x0800020e   0x0800020e   0x00000000   Code   RO          377    .ARM.Collect$$libinit$$00000025  c_w.l(libinit2.o)
    0x0800020e   0x0800020e   0x00000000   Code   RO          381    .ARM.Collect$$libinit$$0000002C  c_w.l(libinit2.o)
    0x0800020e   0x0800020e   0x00000000   Code   RO          383    .ARM.Collect$$libinit$$0000002E  c_w.l(libinit2.o)
    0x0800020e   0x0800020e   0x00000000   Code   RO          385    .ARM.Collect$$libinit$$00000030  c_w.l(libinit2.o)
    0x0800020e   0x0800020e   0x00000000   Code   RO          387    .ARM.Collect$$libinit$$00000032  c_w.l(libinit2.o)
    0x0800020e   0x0800020e   0x00000002   Code   RO          388    .ARM.Collect$$libinit$$00000033  c_w.l(libinit2.o)
    0x08000210   0x08000210   0x00000002   Code   RO          412    .ARM.Collect$$libshutdown$$00000000  c_w.l(libshutdown.o)
    0x08000212   0x08000212   0x00000000   Code   RO          427    .ARM.Collect$$libshutdown$$00000002  c_w.l(libshutdown2.o)
    0x08000212   0x08000212   0x00000000   Code   RO          429    .ARM.Collect$$libshutdown$$00000004  c_w.l(libshutdown2.o)
    0x08000212   0x08000212   0x00000000   Code   RO          432    .ARM.Collect$$libshutdown$$00000007  c_w.l(libshutdown2.o)
    0x08000212   0x08000212   0x00000000   Code   RO          435    .ARM.Collect$$libshutdown$$0000000A  c_w.l(libshutdown2.o)
    0x08000212   0x08000212   0x00000000   Code   RO          437    .ARM.Collect$$libshutdown$$0000000C  c_w.l(libshutdown2.o)
    0x08000212   0x08000212   0x00000000   Code   RO          440    .ARM.Collect$$libshutdown$$0000000F  c_w.l(libshutdown2.o)
    0x08000212   0x08000212   0x00000002   Code   RO          441    .ARM.Collect$$libshutdown$$00000010  c_w.l(libshutdown2.o)
    0x08000214   0x08000214   0x00000000   Code   RO          139    .ARM.Collect$$rtentry$$00000000  c_w.l(__rtentry.o)
    0x08000214   0x08000214   0x00000000   Code   RO          245    .ARM.Collect$$rtentry$$00000002  c_w.l(__rtentry2.o)
    0x08000214   0x08000214   0x00000006   Code   RO          257    .ARM.Collect$$rtentry$$00000004  c_w.l(__rtentry4.o)
    0x0800021a   0x0800021a   0x00000000   Code   RO          247    .ARM.Collect$$rtentry$$00000009  c_w.l(__rtentry2.o)
    0x0800021a   0x0800021a   0x00000004   Code   RO          248    .ARM.Collect$$rtentry$$0000000A  c_w.l(__rtentry2.o)
    0x0800021e   0x0800021e   0x00000000   Code   RO          250    .ARM.Collect$$rtentry$$0000000C  c_w.l(__rtentry2.o)
    0x0800021e   0x0800021e   0x00000008   Code   RO          251    .ARM.Collect$$rtentry$$0000000D  c_w.l(__rtentry2.o)
    0x08000226   0x08000226   0x00000002   Code   RO          335    .ARM.Collect$$rtexit$$00000000  c_w.l(rtexit.o)
    0x08000228   0x08000228   0x00000000   Code   RO          390    .ARM.Collect$$rtexit$$00000002  c_w.l(rtexit2.o)
    0x08000228   0x08000228   0x00000004   Code   RO          391    .ARM.Collect$$rtexit$$00000003  c_w.l(rtexit2.o)
    0x0800022c   0x0800022c   0x00000006   Code   RO          392    .ARM.Collect$$rtexit$$00000004  c_w.l(rtexit2.o)
    0x08000232   0x08000232   0x00000002   PAD
    0x08000234   0x08000234   0x00000040   Code   RO           94  * .text               startup_stm32f10x_md.o
    0x08000274   0x08000274   0x0000002c   Code   RO          119    .text               c_w.l(sprintf.o)
    0x080002a0   0x080002a0   0x00000006   Code   RO          121    .text               c_w.l(heapauxi.o)
    0x080002a6   0x080002a6   0x0000004e   Code   RO          142    .text               c_w.l(_printf_pad.o)
    0x080002f4   0x080002f4   0x00000024   Code   RO          144    .text               c_w.l(_printf_truncate.o)
    0x08000318   0x08000318   0x00000052   Code   RO          146    .text               c_w.l(_printf_str.o)
    0x0800036a   0x0800036a   0x00000002   PAD
    0x0800036c   0x0800036c   0x00000078   Code   RO          148    .text               c_w.l(_printf_dec.o)
    0x080003e4   0x080003e4   0x00000028   Code   RO          150    .text               c_w.l(_printf_charcount.o)
    0x0800040c   0x0800040c   0x00000030   Code   RO          152    .text               c_w.l(_printf_char_common.o)
    0x0800043c   0x0800043c   0x0000000a   Code   RO          154    .text               c_w.l(_sputc.o)
    0x08000446   0x08000446   0x00000002   PAD
    0x08000448   0x08000448   0x000000bc   Code   RO          156    .text               c_w.l(_printf_wctomb.o)
    0x08000504   0x08000504   0x0000007c   Code   RO          159    .text               c_w.l(_printf_longlong_dec.o)
    0x08000580   0x08000580   0x00000070   Code   RO          165    .text               c_w.l(_printf_oct_int_ll.o)
    0x080005f0   0x080005f0   0x00000094   Code   RO          185    .text               c_w.l(_printf_hex_int_ll_ptr.o)
    0x08000684   0x08000684   0x00000188   Code   RO          205    .text               c_w.l(__printf_flags_ss_wp.o)
    0x0800080c   0x0800080c   0x0000008a   Code   RO          259    .text               c_w.l(lludiv10.o)
    0x08000896   0x08000896   0x000000b2   Code   RO          261    .text               c_w.l(_printf_intcommon.o)
    0x08000948   0x08000948   0x0000041c   Code   RO          263    .text               c_w.l(_printf_fp_dec.o)
    0x08000d64   0x08000d64   0x000002fc   Code   RO          267    .text               c_w.l(_printf_fp_hex.o)
    0x08001060   0x08001060   0x0000002c   Code   RO          272    .text               c_w.l(_printf_char.o)
    0x0800108c   0x0800108c   0x0000002c   Code   RO          274    .text               c_w.l(_printf_wchar.o)
    0x080010b8   0x080010b8   0x00000048   Code   RO          277    .text               c_w.l(_c16rtomb.o)
    0x08001100   0x08001100   0x0000004a   Code   RO          279    .text               c_w.l(sys_stackheap_outer.o)
    0x0800114a   0x0800114a   0x00000002   PAD
    0x0800114c   0x0800114c   0x00000010   Code   RO          281    .text               c_w.l(rt_ctype_table.o)
    0x0800115c   0x0800115c   0x00000008   Code   RO          286    .text               c_w.l(rt_locale_intlibspace.o)
    0x08001164   0x08001164   0x00000080   Code   RO          288    .text               c_w.l(_printf_fp_infnan.o)
    0x080011e4   0x080011e4   0x000000e4   Code   RO          290    .text               c_w.l(bigflt0.o)
    0x080012c8   0x080012c8   0x00000012   Code   RO          320    .text               c_w.l(exit.o)
    0x080012da   0x080012da   0x00000002   PAD
    0x080012dc   0x080012dc   0x00000008   Code   RO          332    .text               c_w.l(libspace.o)
    0x080012e4   0x080012e4   0x00000080   Code   RO          342    .text               c_w.l(strcmpv7m.o)
    0x08001364   0x08001364   0x0000000c   Code   RO          402    .text               c_w.l(sys_exit.o)
    0x08001370   0x08001370   0x00000002   Code   RO          417    .text               c_w.l(use_no_semi.o)
    0x08001372   0x08001372   0x00000000   Code   RO          419    .text               c_w.l(indicate_semi.o)
    0x08001372   0x08001372   0x00000002   PAD
    0x08001374   0x08001374   0x00000088   Code   RO           81    .text.ADC1_2_IRQHandler  adc.o
    0x080013fc   0x080013fc   0x000000c6   Code   RO           79    .text.ADC_Init      adc.o
    0x080014c2   0x080014c2   0x00000002   PAD
    0x080014c4   0x080014c4   0x00000040   Code   RO           43    .text.DMA1_Channel6_IRQHandler  i2c.o
    0x08001504   0x08001504   0x00000048   Code   RO           39    .text.DMA_Init      i2c.o
    0x0800154c   0x0800154c   0x0000002c   Code   RO           41    .text.DMA_TX_GO     i2c.o
    0x08001578   0x08001578   0x0000003a   Code   RO           15    .text.GPIO_Init     my_lib.o
    0x080015b2   0x080015b2   0x00000002   PAD
    0x080015b4   0x080015b4   0x00000076   Code   RO           35    .text.I2C1_Init     i2c.o
    0x0800162a   0x0800162a   0x00000002   PAD
    0x0800162c   0x0800162c   0x000001f6   Code   RO           51    .text.SSD1306_Init  i2c.o
    0x08001822   0x08001822   0x00000002   PAD
    0x08001824   0x08001824   0x00000042   Code   RO           49    .text.SSD1306_Write_CONF  i2c.o
    0x08001866   0x08001866   0x00000002   PAD
    0x08001868   0x08001868   0x0000006a   Code   RO           55    .text.SSD1306_Write_DATA  i2c.o
    0x080018d2   0x080018d2   0x00000002   PAD
    0x080018d4   0x080018d4   0x00000070   Code   RO           45    .text.Send_Addr     i2c.o
    0x08001944   0x08001944   0x00000008   Code   RO          103    .text.SetSysClock   system_stm32f10x.o
    0x0800194c   0x0800194c   0x00000122   Code   RO          107    .text.SetSysClockTo72  system_stm32f10x.o
    0x08001a6e   0x08001a6e   0x00000002   PAD
    0x08001a70   0x08001a70   0x00000002   Code   RO           24    .text.SysTick_Handler  interrupt.o
    0x08001a72   0x08001a72   0x00000002   PAD
    0x08001a74   0x08001a74   0x000000c2   Code   RO           13    .text.SystemCoreClockConfigure  my_lib.o
    0x08001b36   0x08001b36   0x00000002   PAD
    0x08001b38   0x08001b38   0x00000122   Code   RO          105    .text.SystemCoreClockUpdate  system_stm32f10x.o
    0x08001c5a   0x08001c5a   0x00000002   PAD
    0x08001c5c   0x08001c5c   0x00000066   Code   RO          101    .text.SystemInit    system_stm32f10x.o
    0x08001cc2   0x08001cc2   0x00000002   PAD
    0x08001cc4   0x08001cc4   0x0000005a   Code   RO           73    .text.TIM2_Init     adc.o
    0x08001d1e   0x08001d1e   0x00000002   PAD
    0x08001d20   0x08001d20   0x00000018   Code   RO           26    .text.TIM3_IRQHandler  interrupt.o
    0x08001d38   0x08001d38   0x0000006c   Code   RO           75    .text.TIM3_Init     adc.o
    0x08001da4   0x08001da4   0x00000030   Code   RO           37    .text.__NVIC_EnableIRQ  i2c.o
    0x08001dd4   0x08001dd4   0x00000030   Code   RO           77    .text.__NVIC_EnableIRQ  adc.o
    0x08001e04   0x08001e04   0x0000009a   Code   RO           53    .text.convert_f_to_char  i2c.o
    0x08001e9e   0x08001e9e   0x00000002   PAD
    0x08001ea0   0x08001ea0   0x00000030   Code   RO            2    .text.main          main.o
    0x08001ed0   0x08001ed0   0x0000003e   Code   RO          293    CL$$btod_d2e        c_w.l(btod.o)
    0x08001f0e   0x08001f0e   0x00000046   Code   RO          295    CL$$btod_d2e_denorm_low  c_w.l(btod.o)
    0x08001f54   0x08001f54   0x00000060   Code   RO          294    CL$$btod_d2e_norm_op1  c_w.l(btod.o)
    0x08001fb4   0x08001fb4   0x00000338   Code   RO          303    CL$$btod_div_common  c_w.l(btod.o)
    0x080022ec   0x080022ec   0x000000dc   Code   RO          300    CL$$btod_e2e        c_w.l(btod.o)
    0x080023c8   0x080023c8   0x0000002a   Code   RO          297    CL$$btod_ediv       c_w.l(btod.o)
    0x080023f2   0x080023f2   0x0000002a   Code   RO          296    CL$$btod_emul       c_w.l(btod.o)
    0x0800241c   0x0800241c   0x00000244   Code   RO          302    CL$$btod_mult_common  c_w.l(btod.o)
    0x08002660   0x08002660   0x00000028   Code   RO          330    i.__ARM_fpclassify  m_ws.l(fpclassify.o)
    0x08002688   0x08002688   0x0000000e   Code   RO          198    i._is_digit         c_w.l(__printf_wp.o)
    0x08002696   0x08002696   0x00000002   PAD
    0x08002698   0x08002698   0x0000002c   Code   RO          318    locale$$code        c_w.l(lc_numeric_c.o)
    0x080026c4   0x080026c4   0x0000002c   Code   RO          340    locale$$code        c_w.l(lc_ctype_c.o)
    0x080026f0   0x080026f0   0x00000150   Code   RO          125    x$fpl$dadd          fz_ws.l(daddsub_clz.o)
    0x08002840   0x08002840   0x00000026   Code   RO          131    x$fpl$dfltu         fz_ws.l(dflt_clz.o)
    0x08002866   0x08002866   0x00000002   PAD
    0x08002868   0x08002868   0x00000154   Code   RO          137    x$fpl$dmul          fz_ws.l(dmul.o)
    0x080029bc   0x080029bc   0x0000009c   Code   RO          231    x$fpl$dnaninf       fz_ws.l(dnaninf.o)
    0x08002a58   0x08002a58   0x0000000c   Code   RO          233    x$fpl$dretinf       fz_ws.l(dretinf.o)
    0x08002a64   0x08002a64   0x000001dc   Code   RO          127    x$fpl$dsub          fz_ws.l(daddsub_clz.o)
    0x08002c40   0x08002c40   0x00000004   Code   RO          235    x$fpl$printf1       fz_ws.l(printf1.o)
    0x08002c44   0x08002c44   0x00000004   Code   RO          237    x$fpl$printf2       fz_ws.l(printf2.o)
    0x08002c48   0x08002c48   0x00000000   Code   RO          243    x$fpl$usenofp       fz_ws.l(usenofp.o)
    0x08002c48   0x08002c48   0x00000008   Data   RO          157    .constdata          c_w.l(_printf_wctomb.o)
    0x08002c50   0x08002c50   0x00000028   Data   RO          186    .constdata          c_w.l(_printf_hex_int_ll_ptr.o)
    0x08002c78   0x08002c78   0x00000011   Data   RO          206    .constdata          c_w.l(__printf_flags_ss_wp.o)
    0x08002c89   0x08002c89   0x00000026   Data   RO          268    .constdata          c_w.l(_printf_fp_hex.o)
    0x08002caf   0x08002caf   0x00000001   PAD
    0x08002cb0   0x08002cb0   0x00000094   Data   RO          291    .constdata          c_w.l(bigflt0.o)
    0x08002d44   0x08002d44   0x00000010   Data   RO          110    .rodata.AHBPrescTable  system_stm32f10x.o
    0x08002d54   0x08002d54   0x00000003   Data   RO           63    .rodata.str1.1      i2c.o
    0x08002d57   0x08002d57   0x00000001   PAD
    0x08002d58   0x08002d58   0x00000020   Data   RO          475    Region$$Table       anon$$obj.o
    0x08002d78   0x08002d78   0x0000001c   Data   RO          317    locale$$data        c_w.l(lc_numeric_c.o)
    0x08002d94   0x08002d94   0x00000110   Data   RO          339    locale$$data        c_w.l(lc_ctype_c.o)


    Execution Region ER_RW (Exec base: 0x20000000, Load base: 0x08002ea4, Size: 0x00000084, Max: 0xffffffff, ABSOLUTE)

    Exec Addr    Load Addr    Size         Type   Attr      Idx    E Section Name        Object

    0x20000000   0x08002ea4   0x00000004   Data   RW          109    .data.SystemCoreClock  system_stm32f10x.o
    0x20000004   0x08002ea8   0x00000008   Data   RW           61    .data.letter_NN     i2c.o
    0x2000000c   0x08002eb0   0x00000008   Data   RW           59    .data.letter_T      i2c.o
    0x20000014   0x08002eb8   0x00000008   Data   RW           60    .data.letter_U      i2c.o
    0x2000001c   0x08002ec0   0x00000068   Data   RW           58    .data.mass_char     i2c.o


    Execution Region ER_ZI (Exec base: 0x20000088, Load base: 0x08002f28, Size: 0x00000a80, Max: 0xffffffff, ABSOLUTE)

    Exec Addr    Load Addr    Size         Type   Attr      Idx    E Section Name        Object

    0x20000088        -       0x00000060   Zero   RW          333    .bss                c_w.l(libspace.o)
    0x200000e8        -       0x00000401   Zero   RW           62    .bss.BUFF_TX        i2c.o
    0x200004e9   0x08002f28   0x00000007   PAD
    0x200004f0        -       0x00000008   Zero   RW           84    .bss.TT             adc.o
    0x200004f8        -       0x00000008   Zero   RW           83    .bss.U              adc.o
    0x20000500        -       0x00000004   Zero   RW           57    .bss.ptt            i2c.o
    0x20000504   0x08002f28   0x00000004   PAD
    0x20000508        -       0x00000200   Zero   RW           92    HEAP                startup_stm32f10x_md.o
    0x20000708        -       0x00000400   Zero   RW           91    STACK               startup_stm32f10x_md.o


==============================================================================

Image component sizes


      Code (inc. data)   RO Data    RW Data    ZI Data      Debug   Object Name

       580          0          0          0         16       4647   adc.o
      1286          0          3        128       1029       5476   i2c.o
        26          0          0          0          0       1655   interrupt.o
        48          0          0          0          0        414   main.o
       252          0          0          0          0       1640   my_lib.o
        64         26        236          0       1536        852   startup_stm32f10x_md.o
       690          0         16          4          0       2909   system_stm32f10x.o

    ----------------------------------------------------------------------
      2972         26        288        132       2592      17593   Object Totals
         0          0         32          0          0          0   (incl. Generated)
        26          0          1          0         11          0   (incl. Padding)

    ----------------------------------------------------------------------

      Code (inc. data)   RO Data    RW Data    ZI Data      Debug   Library Member Name

         8          0          0          0          0         68   __main.o
       392          4         17          0          0         92   __printf_flags_ss_wp.o
        14          0          0          0          0         68   __printf_wp.o
         0          0          0          0          0          0   __rtentry.o
        12          0          0          0          0          0   __rtentry2.o
         6          0          0          0          0          0   __rtentry4.o
        52          8          0          0          0          0   __scatter.o
        26          0          0          0          0          0   __scatter_copy.o
        28          0          0          0          0          0   __scatter_zi.o
        72          0          0          0          0         96   _c16rtomb.o
         6          0          0          0          0          0   _printf_a.o
         6          0          0          0          0          0   _printf_c.o
        44          0          0          0          0        108   _printf_char.o
        48          6          0          0          0         96   _printf_char_common.o
        40          0          0          0          0         68   _printf_charcount.o
         6          0          0          0          0          0   _printf_d.o
       120         16          0          0          0         92   _printf_dec.o
         6          0          0          0          0          0   _printf_e.o
         6          0          0          0          0          0   _printf_f.o
      1052          0          0          0          0        148   _printf_fp_dec.o
       764          8         38          0          0        100   _printf_fp_hex.o
       128         16          0          0          0         84   _printf_fp_infnan.o
         6          0          0          0          0          0   _printf_g.o
       148          4         40          0          0        160   _printf_hex_int_ll_ptr.o
         6          0          0          0          0          0   _printf_i.o
       178          0          0          0          0         88   _printf_intcommon.o
        10          0          0          0          0          0   _printf_l.o
         6          0          0          0          0          0   _printf_lc.o
        10          0          0          0          0          0   _printf_ll.o
         6          0          0          0          0          0   _printf_lld.o
         6          0          0          0          0          0   _printf_lli.o
         6          0          0          0          0          0   _printf_llo.o
         6          0          0          0          0          0   _printf_llu.o
         6          0          0          0          0          0   _printf_llx.o
       124         16          0          0          0         92   _printf_longlong_dec.o
         6          0          0          0          0          0   _printf_ls.o
         6          0          0          0          0          0   _printf_n.o
         6          0          0          0          0          0   _printf_o.o
       112          8          0          0          0        124   _printf_oct_int_ll.o
         6          0          0          0          0          0   _printf_p.o
        78          0          0          0          0        108   _printf_pad.o
         0          0          0          0          0          0   _printf_percent.o
         4          0          0          0          0          0   _printf_percent_end.o
         6          0          0          0          0          0   _printf_s.o
        82          0          0          0          0         80   _printf_str.o
        36          0          0          0          0         84   _printf_truncate.o
         6          0          0          0          0          0   _printf_u.o
        44          0          0          0          0        108   _printf_wchar.o
       188          6          8          0          0         92   _printf_wctomb.o
         6          0          0          0          0          0   _printf_x.o
        10          0          0          0          0         68   _sputc.o
       228          4        148          0          0         96   bigflt0.o
      1936        128          0          0          0        668   btod.o
        18          0          0          0          0         80   exit.o
         6          0          0          0          0        152   heapauxi.o
         0          0          0          0          0          0   indicate_semi.o
        44         10        272          0          0         76   lc_ctype_c.o
        44         10         28          0          0         76   lc_numeric_c.o
         2          0          0          0          0          0   libinit.o
        30          0          0          0          0          0   libinit2.o
         2          0          0          0          0          0   libshutdown.o
         2          0          0          0          0          0   libshutdown2.o
         8          4          0          0         96         68   libspace.o
       138          0          0          0          0         80   lludiv10.o
        16          4          0          0          0         76   rt_ctype_table.o
         8          4          0          0          0         68   rt_locale_intlibspace.o
         2          0          0          0          0          0   rtexit.o
        10          0          0          0          0          0   rtexit2.o
        44          6          0          0          0         84   sprintf.o
       128          0          0          0          0         68   strcmpv7m.o
        12          4          0          0          0         68   sys_exit.o
        74          0          0          0          0         80   sys_stackheap_outer.o
         2          0          0          0          0         68   use_no_semi.o
       812         16          0          0          0        296   daddsub_clz.o
        38          0          0          0          0         68   dflt_clz.o
       340         12          0          0          0        104   dmul.o
       156          4          0          0          0         92   dnaninf.o
        12          0          0          0          0         68   dretinf.o
         4          0          0          0          0         68   printf1.o
         4          0          0          0          0         68   printf2.o
         0          0          0          0          0          0   usenofp.o
        40          0          0          0          0         68   fpclassify.o

    ----------------------------------------------------------------------
      8128        298        552          0         96       4664   Library Totals
        18          0          1          0          0          0   (incl. Padding)

    ----------------------------------------------------------------------

      Code (inc. data)   RO Data    RW Data    ZI Data      Debug   Library Name

      6704        266        551          0         96       3832   c_w.l
      1366         32          0          0          0        764   fz_ws.l
        40          0          0          0          0         68   m_ws.l

    ----------------------------------------------------------------------
      8128        298        552          0         96       4664   Library Totals

    ----------------------------------------------------------------------

==============================================================================


      Code (inc. data)   RO Data    RW Data    ZI Data      Debug   

     11100        324        840        132       2688      19709   Grand Totals
     11100        324        840        132       2688      19709   ELF Image Totals
     11100        324        840        132          0          0   ROM Totals

==============================================================================

    Total RO  Size (Code + RO Data)                11940 (  11.66kB)
    Total RW  Size (RW Data + ZI Data)              2820 (   2.75kB)
    Total ROM Size (Code + RO Data + RW Data)      12072 (  11.79kB)

==============================================================================

