<html>
<body>
<pre>
<h1>µVision Build Log</h1>
<h2>Tool Versions:</h2>
IDE-Version: µVision V5.35.0.0
Copyright (C) 2021 ARM Ltd and ARM Germany GmbH. All rights reserved.
License Information: 1 Konstan, HP Inc., LIC=KRMW3-AJL9L-IIE5V-P2WT6-LU2XB-3Z4ED
 
Tool Versions:
Toolchain:       MDK-ARM Plus  Version: 5.35.0.2
Toolchain Path:  C:\Keil_v5\ARM\ARMCLANG\Bin
C Compiler:      ArmClang.exe V6.16
Assembler:       Armasm.exe V6.16
Linker/Locator:  ArmLink.exe V6.16
Library Manager: ArmAr.exe V6.16
Hex Converter:   FromElf.exe V6.16
CPU DLL:         SARMCM3.DLL V5.35.0.2
Dialog DLL:      DARMSTM.DLL V1.68.0.0
Target DLL:      STLink\ST-LINKIII-KEIL_SWO.dll V3.0.9.0
Dialog DLL:      TCM.DLL V1.53.0.0
 
<h2>Project:</h2>
C:\Users\Konst\OneDrive\Рабочий стол\микроконтроллеры\Лабы\lab4\3.1lab\TIM_example.uvprojx
Project File Date:  10/27/2022

<h2>Output:</h2>
*** Using Compiler 'V6.16', folder: 'C:\Keil_v5\ARM\ARMCLANG\Bin'
Rebuild target 'Target 1'
assembling startup_stm32f10x_md.s...
main.c(2): warning: In file included from...
./my_lib.h(5): warning: no newline at end of file [-Wnewline-eof]
#define BUFF_SIZE 50
                    ^
main.c(3): warning: In file included from...
./interrupt.h(1): warning: this function declaration is not a prototype [-Wstrict-prototypes]
void TIM4_IRQHandler ();
                     ^
                      void
./interrupt.h(2): warning: this function declaration is not a prototype [-Wstrict-prototypes]
void EXTI0_IRQHandler ();
                      ^
                       void
./interrupt.h(3): warning: this function declaration is not a prototype [-Wstrict-prototypes]
void EXTI1_IRQHandler ();
                      ^
                       void
./interrupt.h(4): warning: this function declaration is not a prototype [-Wstrict-prototypes]
void SysTick_Handler();
                    ^
                     void
./interrupt.h(5): warning: this function declaration is not a prototype [-Wstrict-prototypes]
void USART1_IRQHandler();
                      ^
                       void
./interrupt.h(6): warning: this function declaration is not a prototype [-Wstrict-prototypes]
void DMA1_Channel4_IRQHandler();
                             ^
                              void
./interrupt.h(7): warning: this function declaration is not a prototype [-Wstrict-prototypes]
void I2C1_ER_IRQHandler();
                       ^
                        void
./interrupt.h(7): warning: no newline at end of file [-Wnewline-eof]
void I2C1_ER_IRQHandler();
                          ^
main.c(14): warning: implicit declaration of function 'I2C1_Init' is invalid in C99 [-Wimplicit-function-declaration]
        I2C1_Init();
        ^
main.c(16): warning: implicit declaration of function 'DMA_Init' is invalid in C99 [-Wimplicit-function-declaration]
        DMA_Init();
        ^
main.c(28): warning: implicit declaration of function 'TIM4_Init' is invalid in C99 [-Wimplicit-function-declaration]
        TIM4_Init ();
        ^
12 warnings generated.
compiling main.c...
interrupt.c(2): warning: In file included from...
./my_lib.h(5): warning: no newline at end of file [-Wnewline-eof]
#define BUFF_SIZE 50
                    ^
interrupt.c(5): warning: no previous prototype for function 'SysTick_Handler' [-Wmissing-prototypes]
void SysTick_Handler()
     ^
interrupt.c(5): note: declare 'static' if the function is not intended to be used outside of this translation unit
void SysTick_Handler()
^
static 
interrupt.c(5): warning: this old-style function definition is not preceded by a prototype [-Wstrict-prototypes]
void SysTick_Handler()
                    ^
interrupt.c(13): warning: implicit declaration of function 'LM75A_Tos_READ' is invalid in C99 [-Wimplicit-function-declaration]
                LM75A_Tos_READ();
                ^
interrupt.c(10): warning: no previous prototype for function 'TIM4_IRQHandler' [-Wmissing-prototypes]
void TIM4_IRQHandler () {                                                                                                        // TIM4 interruprt handler
     ^
interrupt.c(10): note: declare 'static' if the function is not intended to be used outside of this translation unit
void TIM4_IRQHandler () {                                                                                                        // TIM4 interruprt handler
^
static 
interrupt.c(10): warning: this old-style function definition is not preceded by a prototype [-Wstrict-prototypes]
void TIM4_IRQHandler () {                                                                                                        // TIM4 interruprt handler
                     ^
interrupt.c(16): warning: type specifier missing, defaults to 'int' [-Wimplicit-int]
I2C1_ER_IRQHandler()
^
interrupt.c(18): warning: use of logical '&&' with constant operand [-Wconstant-logical-operand]
        if(I2C1->SR1 && I2C_SR1_AF)
                     ^  ~~~~~~~~~~
interrupt.c(18): note: use '&' for a bitwise operation
        if(I2C1->SR1 && I2C_SR1_AF)
                     ^~
                     &
interrupt.c(18): note: remove constant to silence this warning
        if(I2C1->SR1 && I2C_SR1_AF)
                    ~^~~~~~~~~~~~~
interrupt.c(24): warning: implicit conversion changes signedness: 'int' to 'unsigned int' [-Wsign-conversion]
        DMA1_Channel6->CCR &= ~DMA_CCR6_EN;
                           ~~ ^~~~~~~~~~~~
interrupt.c(25): warning: implicit conversion changes signedness: 'int' to 'unsigned int' [-Wsign-conversion]
        DMA1_Channel7->CCR &= ~DMA_CCR7_EN;
                           ~~ ^~~~~~~~~~~~
interrupt.c(31): warning: no newline at end of file [-Wnewline-eof]
}
 ^
interrupt.c(16): warning: no previous prototype for function 'I2C1_ER_IRQHandler' [-Wmissing-prototypes]
I2C1_ER_IRQHandler()
^
interrupt.c(16): note: declare 'static' if the function is not intended to be used outside of this translation unit
I2C1_ER_IRQHandler()
                  ^
                  static 
interrupt.c(16): warning: this old-style function definition is not preceded by a prototype [-Wstrict-prototypes]
I2C1_ER_IRQHandler()
                  ^
interrupt.c(31): warning: non-void function does not return a value [-Wreturn-type]
}
^
14 warnings generated.
compiling interrupt.c...
my_lib.c(7): warning: implicit conversion changes signedness: 'int' to 'unsigned int' [-Wsign-conversion]
                SysTick->LOAD = us * (SystemCoreClock/1000000);
                                ^~ ~
my_lib.c(5): warning: no previous prototype for function 'DELAY_us' [-Wmissing-prototypes]
void DELAY_us (int us)
     ^
my_lib.c(5): note: declare 'static' if the function is not intended to be used outside of this translation unit
void DELAY_us (int us)
^
static 
my_lib.c(16): warning: no previous prototype for function 'SystemCoreClockConfigure' [-Wmissing-prototypes]
void SystemCoreClockConfigure(void) {
     ^
my_lib.c(16): note: declare 'static' if the function is not intended to be used outside of this translation unit
void SystemCoreClockConfigure(void) {
^
static 
my_lib.c(38): warning: no previous prototype for function 'GPIO_Init' [-Wmissing-prototypes]
void GPIO_Init (void) 
     ^
my_lib.c(38): note: declare 'static' if the function is not intended to be used outside of this translation unit
void GPIO_Init (void) 
^
static 
4 warnings generated.
compiling my_lib.c...
RTE/Device/STM32F103RB/system_stm32f10x.c(167): warning: no previous extern declaration for non-static variable 'AHBPrescTable' [-Wmissing-variable-declarations]
__I uint8_t AHBPrescTable[16] = {0, 0, 0, 0, 0, 0, 0, 0, 1, 2, 3, 4, 6, 7, 8, 9};
            ^
RTE/Device/STM32F103RB/system_stm32f10x.c(167): note: declare 'static' if the variable is not intended to be used outside of this translation unit
__I uint8_t AHBPrescTable[16] = {0, 0, 0, 0, 0, 0, 0, 0, 1, 2, 3, 4, 6, 7, 8, 9};
    ^
1 warning generated.
compiling system_stm32f10x.c...
I2C.c(21): warning: implicit conversion loses integer precision: 'unsigned int' to 'uint16_t' (aka 'unsigned short') [-Wimplicit-int-conversion]
                TIM4->PSC = (SystemCoreClock / 10000 ) - 1;     
                          ~ ~~~~~~~~~~~~~~~~~~~~~~~~~~~^~~
I2C.c(17): warning: no previous prototype for function 'TIM4_Init' [-Wmissing-prototypes]
void TIM4_Init () {                                                                                                                              // TIM4 using for start conversion
     ^
I2C.c(17): note: declare 'static' if the function is not intended to be used outside of this translation unit
void TIM4_Init () {                                                                                                                              // TIM4 using for start conversion
^
static 
I2C.c(17): warning: this old-style function definition is not preceded by a prototype [-Wstrict-prototypes]
void TIM4_Init () {                                                                                                                              // TIM4 using for start conversion
               ^
I2C.c(28): warning: no previous prototype for function 'I2C1_Init' [-Wmissing-prototypes]
void I2C1_Init()
     ^
I2C.c(28): note: declare 'static' if the function is not intended to be used outside of this translation unit
void I2C1_Init()
^
static 
I2C.c(28): warning: this old-style function definition is not preceded by a prototype [-Wstrict-prototypes]
void I2C1_Init()
              ^
I2C.c(67): warning: incompatible pointer to integer conversion assigning to 'volatile uint32_t' (aka 'volatile unsigned int') from 'volatile uint16_t *' (aka 'volatile unsigned short *') [-Wint-conversion]
        DMA1_Channel6->CPAR = &I2C1->DR;
                            ^ ~~~~~~~~~
I2C.c(75): warning: incompatible pointer to integer conversion assigning to 'volatile uint32_t' (aka 'volatile unsigned int') from 'volatile uint16_t *' (aka 'volatile unsigned short *') [-Wint-conversion]
        DMA1_Channel7->CPAR = &I2C1->DR;
                            ^ ~~~~~~~~~
I2C.c(60): warning: no previous prototype for function 'DMA_Init' [-Wmissing-prototypes]
void DMA_Init()
     ^
I2C.c(60): note: declare 'static' if the function is not intended to be used outside of this translation unit
void DMA_Init()
^
static 
I2C.c(60): warning: this old-style function definition is not preceded by a prototype [-Wstrict-prototypes]
void DMA_Init()
             ^
I2C.c(87): warning: incompatible pointer to integer conversion assigning to 'volatile uint32_t' (aka 'volatile unsigned int') from 'char *' [-Wint-conversion]
        DMA1_Channel6->CMAR = mass;
                            ^ ~~~~
I2C.c(83): warning: no previous prototype for function 'DMA_TX_GO' [-Wmissing-prototypes]
void DMA_TX_GO(char *mass, char num) // 6 channel
     ^
I2C.c(83): note: declare 'static' if the function is not intended to be used outside of this translation unit
void DMA_TX_GO(char *mass, char num) // 6 channel
^
static 
I2C.c(97): warning: incompatible pointer to integer conversion assigning to 'volatile uint32_t' (aka 'volatile unsigned int') from 'char *' [-Wint-conversion]
        DMA1_Channel7->CMAR = mass;
                            ^ ~~~~
I2C.c(94): warning: no previous prototype for function 'DMA_RX_GO' [-Wmissing-prototypes]
void DMA_RX_GO(char *mass, char num) // 7 channel
     ^
I2C.c(94): note: declare 'static' if the function is not intended to be used outside of this translation unit
void DMA_RX_GO(char *mass, char num) // 7 channel
^
static 
I2C.c(106): warning: implicit conversion changes signedness: 'int' to 'unsigned int' [-Wsign-conversion]
        DMA1_Channel6->CCR &= ~DMA_CCR6_EN;
                           ~~ ^~~~~~~~~~~~
I2C.c(108): warning: empty expression statement has no effect; remove unnecessary ';' to silence this warning [-Wextra-semi-stmt]
        while(!(I2C_SR1_BTF && I2C1->SR1)){;}
                                           ^
I2C.c(104): warning: no previous prototype for function 'DMA1_Channel6_IRQHandler' [-Wmissing-prototypes]
void DMA1_Channel6_IRQHandler()
     ^
I2C.c(104): note: declare 'static' if the function is not intended to be used outside of this translation unit
void DMA1_Channel6_IRQHandler()
^
static 
I2C.c(104): warning: this old-style function definition is not preceded by a prototype [-Wstrict-prototypes]
void DMA1_Channel6_IRQHandler()
                             ^
I2C.c(117): warning: implicit conversion changes signedness: 'int' to 'unsigned int' [-Wsign-conversion]
        DMA1_Channel7->CCR &= ~DMA_CCR7_EN;
                           ~~ ^~~~~~~~~~~~
I2C.c(131): warning: implicit conversion loses floating-point precision: 'double' to 'float' [-Wimplicit-float-conversion]
        T = ((float)T_tmp) * 0.5;
          ~ ~~~~~~~~~~~~~~~^~~~~
I2C.c(131): warning: implicit conversion increases floating-point precision: 'float' to 'double' [-Wdouble-promotion]
        T = ((float)T_tmp) * 0.5;
             ^~~~~~~~~~~~  ~
I2C.c(115): warning: no previous prototype for function 'DMA1_Channel7_IRQHandler' [-Wmissing-prototypes]
void DMA1_Channel7_IRQHandler()  
     ^
I2C.c(115): note: declare 'static' if the function is not intended to be used outside of this translation unit
void DMA1_Channel7_IRQHandler()  
^
static 
I2C.c(115): warning: this old-style function definition is not preceded by a prototype [-Wstrict-prototypes]
void DMA1_Channel7_IRQHandler()  
                             ^
I2C.c(144): warning: empty expression statement has no effect; remove unnecessary ';' to silence this warning [-Wextra-semi-stmt]
                while(!(I2C1->SR1&I2C_SR1_SB)){;}  
                                               ^
I2C.c(150): warning: empty expression statement has no effect; remove unnecessary ';' to silence this warning [-Wextra-semi-stmt]
                while(((I2C1->SR1)&I2C_SR1_ADDR)==0){;}
                                                     ^
I2C.c(140): warning: no previous prototype for function 'Send_Addr' [-Wmissing-prototypes]
void Send_Addr(char ADD)
     ^
I2C.c(140): note: declare 'static' if the function is not intended to be used outside of this translation unit
void Send_Addr(char ADD)
^
static 
I2C.c(157): warning: use of logical '&&' with constant operand [-Wconstant-logical-operand]
        while(!(I2C1->SR1 && I2C_SR1_TXE)){;}
                          ^  ~~~~~~~~~~~
I2C.c(157): note: use '&' for a bitwise operation
        while(!(I2C1->SR1 && I2C_SR1_TXE)){;}
                          ^~
                          &
I2C.c(157): note: remove constant to silence this warning
        while(!(I2C1->SR1 && I2C_SR1_TXE)){;}
                         ~^~~~~~~~~~~~~~
I2C.c(157): warning: empty expression statement has no effect; remove unnecessary ';' to silence this warning [-Wextra-semi-stmt]
        while(!(I2C1->SR1 && I2C_SR1_TXE)){;}
                                           ^
I2C.c(155): warning: no previous prototype for function 'Send_Byte' [-Wmissing-prototypes]
void Send_Byte(char byte)
     ^
I2C.c(155): note: declare 'static' if the function is not intended to be used outside of this translation unit
void Send_Byte(char byte)
^
static 
I2C.c(190): warning: empty expression statement has no effect; remove unnecessary ';' to silence this warning [-Wextra-semi-stmt]
                while(I2C1->SR2&I2C_SR2_BUSY){;}
                                              ^
I2C.c(188): warning: no previous prototype for function 'LM75A_Tos_Write' [-Wmissing-prototypes]
void LM75A_Tos_Write(char Tos)
     ^
I2C.c(188): note: declare 'static' if the function is not intended to be used outside of this translation unit
void LM75A_Tos_Write(char Tos)
^
static 
I2C.c(202): warning: empty expression statement has no effect; remove unnecessary ';' to silence this warning [-Wextra-semi-stmt]
                while(I2C1->SR2&I2C_SR2_BUSY){;}
                                              ^
I2C.c(200): warning: no previous prototype for function 'LM75A_TH_Write' [-Wmissing-prototypes]
void LM75A_TH_Write(char TH)
     ^
I2C.c(200): note: declare 'static' if the function is not intended to be used outside of this translation unit
void LM75A_TH_Write(char TH)
^
static 
I2C.c(211): warning: type specifier missing, defaults to 'int' [-Wimplicit-int]
LM75A_CONF_Write()
^
I2C.c(213): warning: empty expression statement has no effect; remove unnecessary ';' to silence this warning [-Wextra-semi-stmt]
                while(I2C1->SR2&I2C_SR2_BUSY){;}
                                              ^
I2C.c(211): warning: no previous prototype for function 'LM75A_CONF_Write' [-Wmissing-prototypes]
LM75A_CONF_Write()
^
I2C.c(211): note: declare 'static' if the function is not intended to be used outside of this translation unit
LM75A_CONF_Write()
                ^
                static 
I2C.c(211): warning: this old-style function definition is not preceded by a prototype [-Wstrict-prototypes]
LM75A_CONF_Write()
                ^
I2C.c(220): warning: non-void function does not return a value [-Wreturn-type]
}
^
I2C.c(222): warning: no previous prototype for function 'LM75A_Init' [-Wmissing-prototypes]
void LM75A_Init()
     ^
I2C.c(222): note: declare 'static' if the function is not intended to be used outside of this translation unit
void LM75A_Init()
^
static 
I2C.c(222): warning: this old-style function definition is not preceded by a prototype [-Wstrict-prototypes]
void LM75A_Init()
               ^
I2C.c(231): warning: empty expression statement has no effect; remove unnecessary ';' to silence this warning [-Wextra-semi-stmt]
                while(I2C1->SR2&I2C_SR2_BUSY){;}
                                              ^
I2C.c(229): warning: no previous prototype for function 'LM75A_SP_Write' [-Wmissing-prototypes]
void LM75A_SP_Write()
     ^
I2C.c(229): note: declare 'static' if the function is not intended to be used outside of this translation unit
void LM75A_SP_Write()
^
static 
I2C.c(229): warning: this old-style function definition is not preceded by a prototype [-Wstrict-prototypes]
void LM75A_SP_Write()
                   ^
I2C.c(252): warning: empty expression statement has no effect; remove unnecessary ';' to silence this warning [-Wextra-semi-stmt]
                while(I2C1->SR2&I2C_SR2_BUSY){;}
                                              ^
I2C.c(250): warning: no previous prototype for function 'LM75A_TH_READ' [-Wmissing-prototypes]
void LM75A_TH_READ()
     ^
I2C.c(250): note: declare 'static' if the function is not intended to be used outside of this translation unit
void LM75A_TH_READ()
^
static 
I2C.c(250): warning: this old-style function definition is not preceded by a prototype [-Wstrict-prototypes]
void LM75A_TH_READ()
                  ^
I2C.c(266): warning: empty expression statement has no effect; remove unnecessary ';' to silence this warning [-Wextra-semi-stmt]
                while(I2C1->SR2&I2C_SR2_BUSY){;}
                                              ^
I2C.c(264): warning: no previous prototype for function 'LM75A_CONF_READ' [-Wmissing-prototypes]
void LM75A_CONF_READ()
     ^
I2C.c(264): note: declare 'static' if the function is not intended to be used outside of this translation unit
void LM75A_CONF_READ()
^
static 
I2C.c(264): warning: this old-style function definition is not preceded by a prototype [-Wstrict-prototypes]
void LM75A_CONF_READ()
                    ^
I2C.c(279): warning: empty expression statement has no effect; remove unnecessary ';' to silence this warning [-Wextra-semi-stmt]
                while(I2C1->SR2&I2C_SR2_BUSY){;}
                                              ^
I2C.c(277): warning: no previous prototype for function 'LM75A_Tos_READ' [-Wmissing-prototypes]
void LM75A_Tos_READ()
     ^
I2C.c(277): note: declare 'static' if the function is not intended to be used outside of this translation unit
void LM75A_Tos_READ()
^
static 
I2C.c(277): warning: this old-style function definition is not preceded by a prototype [-Wstrict-prototypes]
void LM75A_Tos_READ()
                   ^
I2C.c(289): warning: no previous prototype for function 'LM75A_T_READ' [-Wmissing-prototypes]
void LM75A_T_READ()
     ^
I2C.c(289): note: declare 'static' if the function is not intended to be used outside of this translation unit
void LM75A_T_READ()
^
static 
I2C.c(289): warning: this old-style function definition is not preceded by a prototype [-Wstrict-prototypes]
void LM75A_T_READ()
                 ^
I2C.c(10): warning: no previous extern declaration for non-static variable 'T' [-Wmissing-variable-declarations]
float T;
      ^
I2C.c(10): note: declare 'static' if the variable is not intended to be used outside of this translation unit
float T;
^
I2C.c(13): warning: no previous extern declaration for non-static variable 'BUFF_TX' [-Wmissing-variable-declarations]
char BUFF_TX [10];
     ^
I2C.c(13): note: declare 'static' if the variable is not intended to be used outside of this translation unit
char BUFF_TX [10];
^
I2C.c(14): warning: no previous extern declaration for non-static variable 'BUFF_RX' [-Wmissing-variable-declarations]
char BUFF_RX [10];
     ^
I2C.c(14): note: declare 'static' if the variable is not intended to be used outside of this translation unit
char BUFF_RX [10];
^
I2C.c(15): warning: no previous extern declaration for non-static variable 'BUFF_DATA' [-Wmissing-variable-declarations]
int      BUFF_DATA [2];
         ^
I2C.c(15): note: declare 'static' if the variable is not intended to be used outside of this translation unit
int      BUFF_DATA [2];
^
57 warnings generated.
compiling I2C.c...
linking...
Program Size: Code=3202 RO-data=286 RW-data=4 ZI-data=1656  
FromELF: creating hex file...
".\Objects\TIM_example.axf" - 0 Error(s), 88 Warning(s).

<h2>Software Packages used:</h2>

Package Vendor: ARM
                http://www.keil.com/pack/ARM.CMSIS.5.9.0.pack
                ARM.CMSIS.5.9.0
                CMSIS (Common Microcontroller Software Interface Standard)
   * Component: CORE Version: 5.6.0

Package Vendor: Keil
                http://www.keil.com/pack/Keil.STM32F1xx_DFP.2.3.0.pack
                Keil.STM32F1xx_DFP.2.3.0
                STMicroelectronics STM32F1 Series Device Support, Drivers and Examples
   * Component: Startup Version: 1.0.0

<h2>Collection of Component include folders:</h2>
  .\RTE\Device\STM32F103RB
  .\RTE\_Target_1
  C:\Users\Konst\AppData\Local\Arm\Packs\ARM\CMSIS\5.9.0\CMSIS\Core\Include
  C:\Users\Konst\AppData\Local\Arm\Packs\Keil\STM32F1xx_DFP\2.3.0\Device\Include

<h2>Collection of Component Files used:</h2>

   * Component: ARM::CMSIS:CORE:5.6.0

   * Component: Keil::Device:Startup:1.0.0
      Source file:   Device\Source\ARM\startup_stm32f10x_md.s
      Source file:   Device\Source\system_stm32f10x.c
      Include file:  RTE_Driver\Config\RTE_Device.h
      Source file:   Device\Source\ARM\STM32F1xx_OPT.s
Build Time Elapsed:  00:00:02
</pre>
</body>
</html>
